Archive member included to satisfy reference by file (symbol)

d:/stm32cubeide_1.7/stm32cubeide_1.7.0/stm32cubeide/plugins/com.st.stm32cube.ide.mcu.externaltools.gnu-tools-for-stm32.9-2020-q2-update.win32_2.0.0.202105311346/tools/bin/../lib/gcc/arm-none-eabi/9.3.1/../../../../arm-none-eabi/lib/thumb/v7e-m+fp/hard\libc_nano.a(lib_a-errno.o)
                              ./Core/Src/syscalls.o (__errno)
d:/stm32cubeide_1.7/stm32cubeide_1.7.0/stm32cubeide/plugins/com.st.stm32cube.ide.mcu.externaltools.gnu-tools-for-stm32.9-2020-q2-update.win32_2.0.0.202105311346/tools/bin/../lib/gcc/arm-none-eabi/9.3.1/../../../../arm-none-eabi/lib/thumb/v7e-m+fp/hard\libc_nano.a(lib_a-exit.o)
                              d:/stm32cubeide_1.7/stm32cubeide_1.7.0/stm32cubeide/plugins/com.st.stm32cube.ide.mcu.externaltools.gnu-tools-for-stm32.9-2020-q2-update.win32_2.0.0.202105311346/tools/bin/../lib/gcc/arm-none-eabi/9.3.1/../../../../arm-none-eabi/lib/thumb/v7e-m+fp/hard/crt0.o (exit)
d:/stm32cubeide_1.7/stm32cubeide_1.7.0/stm32cubeide/plugins/com.st.stm32cube.ide.mcu.externaltools.gnu-tools-for-stm32.9-2020-q2-update.win32_2.0.0.202105311346/tools/bin/../lib/gcc/arm-none-eabi/9.3.1/../../../../arm-none-eabi/lib/thumb/v7e-m+fp/hard\libc_nano.a(lib_a-impure.o)
                              d:/stm32cubeide_1.7/stm32cubeide_1.7.0/stm32cubeide/plugins/com.st.stm32cube.ide.mcu.externaltools.gnu-tools-for-stm32.9-2020-q2-update.win32_2.0.0.202105311346/tools/bin/../lib/gcc/arm-none-eabi/9.3.1/../../../../arm-none-eabi/lib/thumb/v7e-m+fp/hard\libc_nano.a(lib_a-exit.o) (_global_impure_ptr)
d:/stm32cubeide_1.7/stm32cubeide_1.7.0/stm32cubeide/plugins/com.st.stm32cube.ide.mcu.externaltools.gnu-tools-for-stm32.9-2020-q2-update.win32_2.0.0.202105311346/tools/bin/../lib/gcc/arm-none-eabi/9.3.1/../../../../arm-none-eabi/lib/thumb/v7e-m+fp/hard\libc_nano.a(lib_a-init.o)
                              d:/stm32cubeide_1.7/stm32cubeide_1.7.0/stm32cubeide/plugins/com.st.stm32cube.ide.mcu.externaltools.gnu-tools-for-stm32.9-2020-q2-update.win32_2.0.0.202105311346/tools/bin/../lib/gcc/arm-none-eabi/9.3.1/../../../../arm-none-eabi/lib/thumb/v7e-m+fp/hard/crt0.o (__libc_init_array)
d:/stm32cubeide_1.7/stm32cubeide_1.7.0/stm32cubeide/plugins/com.st.stm32cube.ide.mcu.externaltools.gnu-tools-for-stm32.9-2020-q2-update.win32_2.0.0.202105311346/tools/bin/../lib/gcc/arm-none-eabi/9.3.1/../../../../arm-none-eabi/lib/thumb/v7e-m+fp/hard\libc_nano.a(lib_a-memset.o)
                              d:/stm32cubeide_1.7/stm32cubeide_1.7.0/stm32cubeide/plugins/com.st.stm32cube.ide.mcu.externaltools.gnu-tools-for-stm32.9-2020-q2-update.win32_2.0.0.202105311346/tools/bin/../lib/gcc/arm-none-eabi/9.3.1/../../../../arm-none-eabi/lib/thumb/v7e-m+fp/hard/crt0.o (memset)
d:/stm32cubeide_1.7/stm32cubeide_1.7.0/stm32cubeide/plugins/com.st.stm32cube.ide.mcu.externaltools.gnu-tools-for-stm32.9-2020-q2-update.win32_2.0.0.202105311346/tools/bin/../lib/gcc/arm-none-eabi/9.3.1/../../../../arm-none-eabi/lib/thumb/v7e-m+fp/hard\libc_nano.a(lib_a-rand.o)
                              ./Core/Src/main.o (rand)
d:/stm32cubeide_1.7/stm32cubeide_1.7.0/stm32cubeide/plugins/com.st.stm32cube.ide.mcu.externaltools.gnu-tools-for-stm32.9-2020-q2-update.win32_2.0.0.202105311346/tools/bin/../lib/gcc/arm-none-eabi/9.3.1/../../../../arm-none-eabi/lib/thumb/v7e-m+fp/hard\libc_nano.a(lib_a-strlen.o)
                              ./Core/Src/lcd.o (strlen)
d:/stm32cubeide_1.7/stm32cubeide_1.7.0/stm32cubeide/plugins/com.st.stm32cube.ide.mcu.externaltools.gnu-tools-for-stm32.9-2020-q2-update.win32_2.0.0.202105311346/tools/bin/../lib/gcc/arm-none-eabi/9.3.1/../../../../arm-none-eabi/lib/thumb/v7e-m+fp/hard\libc_nano.a(lib_a-assert.o)
                              d:/stm32cubeide_1.7/stm32cubeide_1.7.0/stm32cubeide/plugins/com.st.stm32cube.ide.mcu.externaltools.gnu-tools-for-stm32.9-2020-q2-update.win32_2.0.0.202105311346/tools/bin/../lib/gcc/arm-none-eabi/9.3.1/../../../../arm-none-eabi/lib/thumb/v7e-m+fp/hard\libc_nano.a(lib_a-rand.o) (__assert_func)
d:/stm32cubeide_1.7/stm32cubeide_1.7.0/stm32cubeide/plugins/com.st.stm32cube.ide.mcu.externaltools.gnu-tools-for-stm32.9-2020-q2-update.win32_2.0.0.202105311346/tools/bin/../lib/gcc/arm-none-eabi/9.3.1/../../../../arm-none-eabi/lib/thumb/v7e-m+fp/hard\libc_nano.a(lib_a-fprintf.o)
                              d:/stm32cubeide_1.7/stm32cubeide_1.7.0/stm32cubeide/plugins/com.st.stm32cube.ide.mcu.externaltools.gnu-tools-for-stm32.9-2020-q2-update.win32_2.0.0.202105311346/tools/bin/../lib/gcc/arm-none-eabi/9.3.1/../../../../arm-none-eabi/lib/thumb/v7e-m+fp/hard\libc_nano.a(lib_a-assert.o) (fiprintf)
d:/stm32cubeide_1.7/stm32cubeide_1.7.0/stm32cubeide/plugins/com.st.stm32cube.ide.mcu.externaltools.gnu-tools-for-stm32.9-2020-q2-update.win32_2.0.0.202105311346/tools/bin/../lib/gcc/arm-none-eabi/9.3.1/../../../../arm-none-eabi/lib/thumb/v7e-m+fp/hard\libc_nano.a(lib_a-malloc.o)
[...]
Memory Configuration

Name             Origin             Length             Attributes
CCMRAM           0x0000000010000000 0x0000000000010000 xrw
RAM              0x0000000020000000 0x0000000000020000 xrw
FLASH            0x0000000008000000 0x0000000000100000 xr
*default*        0x0000000000000000 0xffffffffffffffff

Linker script and memory map

LOAD d:/stm32cubeide_1.7/stm32cubeide_1.7.0/stm32cubeide/plugins/com.st.stm32cube.ide.mcu.externaltools.gnu-tools-for-stm32.9-2020-q2-update.win32_2.0.0.202105311346/tools/bin/../lib/gcc/arm-none-eabi/9.3.1/thumb/v7e-m+fp/hard/crti.o
LOAD d:/stm32cubeide_1.7/stm32cubeide_1.7.0/stm32cubeide/plugins/com.st.stm32cube.ide.mcu.externaltools.gnu-tools-for-stm32.9-2020-q2-update.win32_2.0.0.202105311346/tools/bin/../lib/gcc/arm-none-eabi/9.3.1/thumb/v7e-m+fp/hard/crtbegin.o
LOAD d:/stm32cubeide_1.7/stm32cubeide_1.7.0/stm32cubeide/plugins/com.st.stm32cube.ide.mcu.externaltools.gnu-tools-for-stm32.9-2020-q2-update.win32_2.0.0.202105311346/tools/bin/../lib/gcc/arm-none-eabi/9.3.1/../../../../arm-none-eabi/lib/thumb/v7e-m+fp/hard/crt0.o
LOAD ./Core/Src/adc.o
LOAD ./Core/Src/at24c.o
LOAD ./Core/Src/button.o
LOAD ./Core/Src/buzzer.o
LOAD ./Core/Src/dma.o
LOAD ./Core/Src/ds3231.o
LOAD ./Core/Src/fsmc.o
LOAD ./Core/Src/gpio.o
LOAD ./Core/Src/i2c.o
LOAD ./Core/Src/lcd.o
LOAD ./Core/Src/led_7seg.o
LOAD ./Core/Src/main.o
LOAD ./Core/Src/picture.o
LOAD ./Core/Src/sensor.o
LOAD ./Core/Src/software_timer.o
LOAD ./Core/Src/spi.o
LOAD ./Core/Src/stm32f4xx_hal_msp.o
LOAD ./Core/Src/stm32f4xx_it.o
LOAD ./Core/Src/syscalls.o
LOAD ./Core/Src/sysmem.o
LOAD ./Core/Src/system_stm32f4xx.o
LOAD ./Core/Src/tim.o
LOAD ./Core/Src/touch.o
LOAD ./Core/Src/utils.o
LOAD ./Core/Startup/startup_stm32f407zgtx.o
LOAD ./Drivers/STM32F4xx_HAL_Driver/Src/stm32f4xx_hal.o
LOAD ./Drivers/STM32F4xx_HAL_Driver/Src/stm32f4xx_hal_adc.o
LOAD ./Drivers/STM32F4xx_HAL_Driver/Src/stm32f4xx_hal_adc_ex.o
LOAD ./Drivers/STM32F4xx_HAL_Driver/Src/stm32f4xx_hal_cortex.o
LOAD ./Drivers/STM32F4xx_HAL_Driver/Src/stm32f4xx_hal_dma.o
LOAD ./Drivers/STM32F4xx_HAL_Driver/Src/stm32f4xx_hal_dma_ex.o
LOAD ./Drivers/STM32F4xx_HAL_Driver/Src/stm32f4xx_hal_exti.o
LOAD ./Drivers/STM32F4xx_HAL_Driver/Src/stm32f4xx_hal_flash.o
LOAD ./Drivers/STM32F4xx_HAL_Driver/Src/stm32f4xx_hal_flash_ex.o
LOAD ./Drivers/STM32F4xx_HAL_Driver/Src/stm32f4xx_hal_flash_ramfunc.o
LOAD ./Drivers/STM32F4xx_HAL_Driver/Src/stm32f4xx_hal_gpio.o
LOAD ./Drivers/STM32F4xx_HAL_Driver/Src/stm32f4xx_hal_i2c.o
LOAD ./Drivers/STM32F4xx_HAL_Driver/Src/stm32f4xx_hal_i2c_ex.o
LOAD ./Drivers/STM32F4xx_HAL_Driver/Src/stm32f4xx_hal_pwr.o
LOAD ./Drivers/STM32F4xx_HAL_Driver/Src/stm32f4xx_hal_pwr_ex.o
LOAD ./Drivers/STM32F4xx_HAL_Driver/Src/stm32f4xx_hal_rcc.o
LOAD ./Drivers/STM32F4xx_HAL_Driver/Src/stm32f4xx_hal_rcc_ex.o
LOAD ./Drivers/STM32F4xx_HAL_Driver/Src/stm32f4xx_hal_spi.o
LOAD ./Drivers/STM32F4xx_HAL_Driver/Src/stm32f4xx_hal_sram.o
LOAD ./Drivers/STM32F4xx_HAL_Driver/Src/stm32f4xx_hal_tim.o
LOAD ./Drivers/STM32F4xx_HAL_Driver/Src/stm32f4xx_hal_tim_ex.o
LOAD ./Drivers/STM32F4xx_HAL_Driver/Src/stm32f4xx_ll_adc.o
LOAD ./Drivers/STM32F4xx_HAL_Driver/Src/stm32f4xx_ll_fsmc.o
START GROUP
LOAD d:/stm32cubeide_1.7/stm32cubeide_1.7.0/stm32cubeide/plugins/com.st.stm32cube.ide.mcu.externaltools.gnu-tools-for-stm32.9-2020-q2-update.win32_2.0.0.202105311346/tools/bin/../lib/gcc/arm-none-eabi/9.3.1/../../../../arm-none-eabi/lib/thumb/v7e-m+fp/hard\libc_nano.a
LOAD d:/stm32cubeide_1.7/stm32cubeide_1.7.0/stm32cubeide/plugins/com.st.stm32cube.ide.mcu.externaltools.gnu-tools-for-stm32.9-2020-q2-update.win32_2.0.0.202105311346/tools/bin/../lib/gcc/arm-none-eabi/9.3.1/../../../../arm-none-eabi/lib/thumb/v7e-m+fp/hard\libm.a
END GROUP
START GROUP
LOAD d:/stm32cubeide_1.7/stm32cubeide_1.7.0/stm32cubeide/plugins/com.st.stm32cube.ide.mcu.externaltools.gnu-tools-for-stm32.9-2020-q2-update.win32_2.0.0.202105311346/tools/bin/../lib/gcc/arm-none-eabi/9.3.1/thumb/v7e-m+fp/hard\libgcc.a
LOAD d:/stm32cubeide_1.7/stm32cubeide_1.7.0/stm32cubeide/plugins/com.st.stm32cube.ide.mcu.externaltools.gnu-tools-for-stm32.9-2020-q2-update.win32_2.0.0.202105311346/tools/bin/../lib/gcc/arm-none-eabi/9.3.1/../../../../arm-none-eabi/lib/thumb/v7e-m+fp/hard\libc_nano.a
END GROUP
START GROUP
LOAD d:/stm32cubeide_1.7/stm32cubeide_1.7.0/stm32cubeide/plugins/com.st.stm32cube.ide.mcu.externaltools.gnu-tools-for-stm32.9-2020-q2-update.win32_2.0.0.202105311346/tools/bin/../lib/gcc/arm-none-eabi/9.3.1/thumb/v7e-m+fp/hard\libgcc.a
LOAD d:/stm32cubeide_1.7/stm32cubeide_1.7.0/stm32cubeide/plugins/com.st.stm32cube.ide.mcu.externaltools.gnu-tools-for-stm32.9-2020-q2-update.win32_2.0.0.202105311346/tools/bin/../lib/gcc/arm-none-eabi/9.3.1/../../../../arm-none-eabi/lib/thumb/v7e-m+fp/hard\libc_nano.a
LOAD d:/stm32cubeide_1.7/stm32cubeide_1.7.0/stm32cubeide/plugins/com.st.stm32cube.ide.mcu.externaltools.gnu-tools-for-stm32.9-2020-q2-update.win32_2.0.0.202105311346/tools/bin/../lib/gcc/arm-none-eabi/9.3.1/../../../../arm-none-eabi/lib/thumb/v7e-m+fp/hard\libnosys.a
END GROUP
START GROUP
LOAD d:/stm32cubeide_1.7/stm32cubeide_1.7.0/stm32cubeide/plugins/com.st.stm32cube.ide.mcu.externaltools.gnu-tools-for-stm32.9-2020-q2-update.win32_2.0.0.202105311346/tools/bin/../lib/gcc/arm-none-eabi/9.3.1/thumb/v7e-m+fp/hard\libgcc.a
LOAD d:/stm32cubeide_1.7/stm32cubeide_1.7.0/stm32cubeide/plugins/com.st.stm32cube.ide.mcu.externaltools.gnu-tools-for-stm32.9-2020-q2-update.win32_2.0.0.202105311346/tools/bin/../lib/gcc/arm-none-eabi/9.3.1/../../../../arm-none-eabi/lib/thumb/v7e-m+fp/hard\libc_nano.a
LOAD d:/stm32cubeide_1.7/stm32cubeide_1.7.0/stm32cubeide/plugins/com.st.stm32cube.ide.mcu.externaltools.gnu-tools-for-stm32.9-2020-q2-update.win32_2.0.0.202105311346/tools/bin/../lib/gcc/arm-none-eabi/9.3.1/../../../../arm-none-eabi/lib/thumb/v7e-m+fp/hard\libnosys.a
END GROUP
LOAD d:/stm32cubeide_1.7/stm32cubeide_1.7.0/stm32cubeide/plugins/com.st.stm32cube.ide.mcu.externaltools.gnu-tools-for-stm32.9-2020-q2-update.win32_2.0.0.202105311346/tools/bin/../lib/gcc/arm-none-eabi/9.3.1/thumb/v7e-m+fp/hard/crtend.o
LOAD d:/stm32cubeide_1.7/stm32cubeide_1.7.0/stm32cubeide/plugins/com.st.stm32cube.ide.mcu.externaltools.gnu-tools-for-stm32.9-2020-q2-update.win32_2.0.0.202105311346/tools/bin/../lib/gcc/arm-none-eabi/9.3.1/thumb/v7e-m+fp/hard/crtn.o
                0x0000000020020000                _estack = (ORIGIN (RAM) + LENGTH (RAM))
                0x0000000000000200                _Min_Heap_Size = 0x200
                0x0000000000000400                _Min_Stack_Size = 0x400

.isr_vector     0x0000000008000000      0x188
                0x0000000008000000                . = ALIGN (0x4)
 *(.isr_vector)
 .isr_vector    0x0000000008000000      0x188 ./Core/Startup/startup_stm32f407zgtx.o
                0x0000000008000000                g_pfnVectors
                0x0000000008000188                . = ALIGN (0x4)

.text           0x0000000008000190     0xa2c4
                0x0000000008000190                . = ALIGN (0x4)
 *(.text)
 .text          0x0000000008000190       0x40 d:/stm32cubeide_1.7/stm32cubeide_1.7.0/stm32cubeide/plugins/com.st.stm32cube.ide.mcu.externaltools.gnu-tools-for-stm32.9-2020-q2-update.win32_2.0.0.202105311346/tools/bin/../lib/gcc/arm-none-eabi/9.3.1/thumb/v7e-m+fp/hard/crtbegin.o
 .text          0x00000000080001d0       0x10 d:/stm32cubeide_1.7/stm32cubeide_1.7.0/stm32cubeide/plugins/com.st.stm32cube.ide.mcu.externaltools.gnu-tools-for-stm32.9-2020-q2-update.win32_2.0.0.202105311346/tools/bin/../lib/gcc/arm-none-eabi/9.3.1/../../../../arm-none-eabi/lib/thumb/v7e-m+fp/hard\libc_nano.a(lib_a-strlen.o)
                0x00000000080001d0                strlen
 .text          0x00000000080001e0       0xa0 d:/stm32cubeide_1.7/stm32cubeide_1.7.0/stm32cubeide/plugins/com.st.stm32cube.ide.mcu.externaltools.gnu-tools-for-stm32.9-2020-q2-update.win32_2.0.0.202105311346/tools/bin/../lib/gcc/arm-none-eabi/9.3.1/../../../../arm-none-eabi/lib/thumb/v7e-m+fp/hard\libc_nano.a(lib_a-memchr.o)
                0x00000000080001e0                memchr
 .text          0x0000000008000280      0x378 d:/stm32cubeide_1.7/stm32cubeide_1.7.0/stm32cubeide/plugins/com.st.stm32cube.ide.mcu.externaltools.gnu-tools-for-stm32.9-2020-q2-update.win32_2.0.0.202105311346/tools/bin/../lib/gcc/arm-none-eabi/9.3.1/thumb/v7e-m+fp/hard\libgcc.a(_arm_addsubdf3.o)
                0x0000000008000280                __aeabi_drsub
                0x0000000008000288                __aeabi_dsub
                0x0000000008000288                __subdf3
                0x000000000800028c                __aeabi_dadd
                0x000000000800028c                __adddf3
                0x0000000008000504                __floatunsidf
                0x0000000008000504                __aeabi_ui2d
                0x0000000008000524                __floatsidf
                0x0000000008000524                __aeabi_i2d
                0x0000000008000548                __aeabi_f2d
                0x0000000008000548                __extendsfdf2
                0x000000000800058c                __floatundidf
                0x000000000800058c                __aeabi_ul2d
                0x000000000800059c                __floatdidf
                0x000000000800059c                __aeabi_l2d
 .text          0x00000000080005f8      0x424 d:/stm32cubeide_1.7/stm32cubeide_1.7.0/stm32cubeide/plugins/com.st.stm32cube.ide.mcu.externaltools.gnu-tools-for-stm32.9-2020-q2-update.win32_2.0.0.202105311346/tools/bin/../lib/gcc/arm-none-eabi/9.3.1/thumb/v7e-m+fp/hard\libgcc.a(_arm_muldivdf3.o)
                0x00000000080005f8                __aeabi_dmul
                0x00000000080005f8                __muldf3
                0x000000000800084c                __divdf3
                0x000000000800084c                __aeabi_ddiv
 .text          0x0000000008000a1c      0x110 d:/stm32cubeide_1.7/stm32cubeide_1.7.0/stm32cubeide/plugins/com.st.stm32cube.ide.mcu.externaltools.gnu-tools-for-stm32.9-2020-q2-update.win32_2.0.0.202105311346/tools/bin/../lib/gcc/arm-none-eabi/9.3.1/thumb/v7e-m+fp/hard\libgcc.a(_arm_cmpdf2.o)
                0x0000000008000a1c                __gtdf2
                0x0000000008000a1c                __gedf2
                0x0000000008000a24                __ltdf2
                0x0000000008000a24                __ledf2
                0x0000000008000a2c                __nedf2
                0x0000000008000a2c                __eqdf2
                0x0000000008000a2c                __cmpdf2
                0x0000000008000aa8                __aeabi_cdrcmple
                0x0000000008000ab8                __aeabi_cdcmpeq
                0x0000000008000ab8                __aeabi_cdcmple
                0x0000000008000ac8                __aeabi_dcmpeq
                0x0000000008000adc                __aeabi_dcmplt
                0x0000000008000af0                __aeabi_dcmple
                0x0000000008000b04                __aeabi_dcmpge
                0x0000000008000b18                __aeabi_dcmpgt
 .text          0x0000000008000b2c       0x2c d:/stm32cubeide_1.7/stm32cubeide_1.7.0/stm32cubeide/plugins/com.st.stm32cube.ide.mcu.externaltools.gnu-tools-for-stm32.9-2020-q2-update.win32_2.0.0.202105311346/tools/bin/../lib/gcc/arm-none-eabi/9.3.1/thumb/v7e-m+fp/hard\libgcc.a(_arm_unorddf2.o)
                0x0000000008000b2c                __unorddf2
                0x0000000008000b2c                __aeabi_dcmpun
 .text          0x0000000008000b58       0x40 d:/stm32cubeide_1.7/stm32cubeide_1.7.0/stm32cubeide/plugins/com.st.stm32cube.ide.mcu.externaltools.gnu-tools-for-stm32.9-2020-q2-update.win32_2.0.0.202105311346/tools/bin/../lib/gcc/arm-none-eabi/9.3.1/thumb/v7e-m+fp/hard\libgcc.a(_arm_fixunsdfsi.o)
                0x0000000008000b58                __aeabi_d2uiz
                0x0000000008000b58                __fixunsdfsi
 .text          0x0000000008000b98       0x30 d:/stm32cubeide_1.7/stm32cubeide_1.7.0/stm32cubeide/plugins/com.st.stm32cube.ide.mcu.externaltools.gnu-tools-for-stm32.9-2020-q2-update.win32_2.0.0.202105311346/tools/bin/../lib/gcc/arm-none-eabi/9.3.1/thumb/v7e-m+fp/hard\libgcc.a(_aeabi_uldivmod.o)
                0x0000000008000b98                __aeabi_uldivmod
 .text          0x0000000008000bc8      0x2c4 d:/stm32cubeide_1.7/stm32cubeide_1.7.0/stm32cubeide/plugins/com.st.stm32cube.ide.mcu.externaltools.gnu-tools-for-stm32.9-2020-q2-update.win32_2.0.0.202105311346/tools/bin/../lib/gcc/arm-none-eabi/9.3.1/thumb/v7e-m+fp/hard\libgcc.a(_udivmoddi4.o)
                0x0000000008000bc8                __udivmoddi4
 .text          0x0000000008000e8c        0x4 d:/stm32cubeide_1.7/stm32cubeide_1.7.0/stm32cubeide/plugins/com.st.stm32cube.ide.mcu.externaltools.gnu-tools-for-stm32.9-2020-q2-update.win32_2.0.0.202105311346/tools/bin/../lib/gcc/arm-none-eabi/9.3.1/thumb/v7e-m+fp/hard\libgcc.a(_dvmd_tls.o)
                0x0000000008000e8c                __aeabi_idiv0
                0x0000000008000e8c                __aeabi_ldiv0
 *(.text*)
 .text.MX_ADC1_Init
                0x0000000008000e90      0x114 ./Core/Src/adc.o
                0x0000000008000e90                MX_ADC1_Init
 .text.HAL_ADC_MspInit
                0x0000000008000fa4      0x128 ./Core/Src/adc.o
                0x0000000008000fa4                HAL_ADC_MspInit
 .text.at24c_init
                0x00000000080010cc        0xc ./Core/Src/at24c.o
                0x00000000080010cc                at24c_init
 .text.at24c_ReadOneByte
                0x00000000080010d8       0x38 ./Core/Src/at24c.o
                0x00000000080010d8                at24c_ReadOneByte
 .text.at24c_WriteOneByte
                0x0000000008001110       0x3c ./Core/Src/at24c.o
                0x0000000008001110                at24c_WriteOneByte
 .text.at24c_Check
                0x000000000800114c       0x46 ./Core/Src/at24c.o
 .text.at24c_Read
                0x0000000008001192       0x3e ./Core/Src/at24c.o
                0x0000000008001192                at24c_Read
 .text.at24c_Write
                0x00000000080011d0       0x40 ./Core/Src/at24c.o
                0x00000000080011d0                at24c_Write
 .text.button_init
                0x0000000008001210       0x18 ./Core/Src/button.o
                0x0000000008001210                button_init
 .text.MX_DMA_Init
                0x0000000008001228       0x40 ./Core/Src/dma.o
                0x0000000008001228                MX_DMA_Init
 .text.MX_FSMC_Init
                0x0000000008001268       0xf4 ./Core/Src/fsmc.o
                0x0000000008001268                MX_FSMC_Init
 .text.HAL_FSMC_MspInit
                0x000000000800135c       0x98 ./Core/Src/fsmc.o
 .text.HAL_SRAM_MspInit
                0x00000000080013f4       0x14 ./Core/Src/fsmc.o
                0x00000000080013f4                HAL_SRAM_MspInit
 .text.MX_GPIO_Init
                0x0000000008001408      0x22c ./Core/Src/gpio.o
                0x0000000008001408                MX_GPIO_Init
 .text.MX_I2C1_Init
                0x0000000008001634       0x5c ./Core/Src/i2c.o
                0x0000000008001634                MX_I2C1_Init
 .text.HAL_I2C_MspInit
                0x0000000008001690       0x90 ./Core/Src/i2c.o
                0x0000000008001690                HAL_I2C_MspInit
 .text.LCD_WR_REG
                0x0000000008001720       0x20 ./Core/Src/lcd.o
                0x0000000008001720                LCD_WR_REG
 .text.LCD_WR_DATA
                0x0000000008001740       0x20 ./Core/Src/lcd.o
 .text.LCD_RD_DATA
                0x0000000008001760       0x24 ./Core/Src/lcd.o
 .text.lcd_AddressSet
                0x0000000008001784       0x98 ./Core/Src/lcd.o
                0x0000000008001784                lcd_AddressSet
 .text.lcd_Clear
                0x000000000800181c       0x64 ./Core/Src/lcd.o
                0x000000000800181c                lcd_Clear
 .text.lcd_Fill
                0x0000000008001880       0x6c ./Core/Src/lcd.o
                0x0000000008001880                lcd_Fill
 .text.lcd_DrawPoint
                0x00000000080018ec       0x2e ./Core/Src/lcd.o
                0x00000000080018ec                lcd_DrawPoint
 .text.lcd_DrawLine
                0x000000000800191a      0x108 ./Core/Src/lcd.o
                0x000000000800191a                lcd_DrawLine
 *fill*         0x0000000008001a22        0x2 
 .text.lcd_ShowChar
                0x0000000008001a24      0x1a0 ./Core/Src/lcd.o
                0x0000000008001a24                lcd_ShowChar
 .text.mypow    0x0000000008001bc4       0x38 ./Core/Src/lcd.o
                0x0000000008001bc4                mypow
 .text.lcd_ShowIntNum
                0x0000000008001bfc       0xfc ./Core/Src/lcd.o
                0x0000000008001bfc                lcd_ShowIntNum
 .text.lcd_SetDir
                0x0000000008001cf8       0x48 ./Core/Src/lcd.o
                0x0000000008001cf8                lcd_SetDir
 .text.lcd_init
                0x0000000008001d40      0x2c0 ./Core/Src/lcd.o
                0x0000000008001d40                lcd_init
 .text._draw_circle_8
                0x0000000008002000      0x116 ./Core/Src/lcd.o
 .text.lcd_DrawCircle
                0x0000000008002116       0xd8 ./Core/Src/lcd.o
                0x0000000008002116                lcd_DrawCircle
 *fill*         0x00000000080021ee        0x2 
 .text.lcd_ShowStr
                0x00000000080021f0       0xc8 ./Core/Src/lcd.o
                0x00000000080021f0                lcd_ShowStr
 .text.lcd_StrCenter
                0x00000000080022b8       0x64 ./Core/Src/lcd.o
                0x00000000080022b8                lcd_StrCenter
 .text.led7_Scan
                0x000000000800231c      0x118 ./Core/Src/led_7seg.o
                0x000000000800231c                led7_Scan
 .text.main     0x0000000008002434       0xbc ./Core/Src/main.o
                0x0000000008002434                main
 .text.SystemClock_Config
                0x00000000080024f0       0xd4 ./Core/Src/main.o
                0x00000000080024f0                SystemClock_Config
 .text.system_init
                0x00000000080025c4       0x1e ./Core/Src/main.o
                0x00000000080025c4                system_init
 .text.isStartPress
                0x00000000080025e2       0x46 ./Core/Src/main.o
                0x00000000080025e2                isStartPress
 .text.isUpButtonPress
                0x0000000008002628       0x3a ./Core/Src/main.o
                0x0000000008002628                isUpButtonPress
 .text.isDownButtonPress
                0x0000000008002662       0x3c ./Core/Src/main.o
                0x0000000008002662                isDownButtonPress
 .text.isLeftButtonPress
                0x000000000800269e       0x3c ./Core/Src/main.o
                0x000000000800269e                isLeftButtonPress
 .text.isRightButtonPress
                0x00000000080026da       0x3c ./Core/Src/main.o
                0x00000000080026da                isRightButtonPress
 *fill*         0x0000000008002716        0x2 
 .text.distance
                0x0000000008002718       0x98 ./Core/Src/main.o
                0x0000000008002718                distance
 .text.randomPrey
                0x00000000080027b0       0x68 ./Core/Src/main.o
                0x00000000080027b0                randomPrey
 .text.displayFixedItems
                0x0000000008002818       0xdc ./Core/Src/main.o
                0x0000000008002818                displayFixedItems
 .text.Init     0x00000000080028f4       0x88 ./Core/Src/main.o
                0x00000000080028f4                Init
 .text.display  0x000000000800297c       0x8c ./Core/Src/main.o
                0x000000000800297c                display
 .text.control  0x0000000008002a08       0x68 ./Core/Src/main.o
                0x0000000008002a08                control
 .text.handle   0x0000000008002a70      0x348 ./Core/Src/main.o
                0x0000000008002a70                handle
 .text.playGame
                0x0000000008002db8       0x60 ./Core/Src/main.o
                0x0000000008002db8                playGame
 .text.Error_Handler
                0x0000000008002e18        0xa ./Core/Src/main.o
                0x0000000008002e18                Error_Handler
 *fill*         0x0000000008002e22        0x2 
 .text.timer_init
                0x0000000008002e24       0x1c ./Core/Src/software_timer.o
                0x0000000008002e24                timer_init
 .text.setTimer2
                0x0000000008002e40       0x38 ./Core/Src/software_timer.o
                0x0000000008002e40                setTimer2
 .text.HAL_TIM_PeriodElapsedCallback
                0x0000000008002e78       0x54 ./Core/Src/software_timer.o
                0x0000000008002e78                HAL_TIM_PeriodElapsedCallback
 .text.delay_us
                0x0000000008002ecc       0x34 ./Core/Src/software_timer.o
                0x0000000008002ecc                delay_us
 .text.MX_SPI1_Init
                0x0000000008002f00       0x6c ./Core/Src/spi.o
                0x0000000008002f00                MX_SPI1_Init
 .text.HAL_SPI_MspInit
                0x0000000008002f6c       0x90 ./Core/Src/spi.o
                0x0000000008002f6c                HAL_SPI_MspInit
 .text.HAL_MspInit
                0x0000000008002ffc       0x50 ./Core/Src/stm32f4xx_hal_msp.o
                0x0000000008002ffc                HAL_MspInit
 .text.NMI_Handler
                0x000000000800304c        0x6 ./Core/Src/stm32f4xx_it.o
                0x000000000800304c                NMI_Handler
 .text.HardFault_Handler
                0x0000000008003052        0x6 ./Core/Src/stm32f4xx_it.o
                0x0000000008003052                HardFault_Handler
 .text.MemManage_Handler
                0x0000000008003058        0x6 ./Core/Src/stm32f4xx_it.o
                0x0000000008003058                MemManage_Handler
 .text.BusFault_Handler
                0x000000000800305e        0x6 ./Core/Src/stm32f4xx_it.o
                0x000000000800305e                BusFault_Handler
 .text.UsageFault_Handler
                0x0000000008003064        0x6 ./Core/Src/stm32f4xx_it.o
                0x0000000008003064                UsageFault_Handler
 .text.SVC_Handler
                0x000000000800306a        0xe ./Core/Src/stm32f4xx_it.o
                0x000000000800306a                SVC_Handler
 .text.DebugMon_Handler
                0x0000000008003078        0xe ./Core/Src/stm32f4xx_it.o
                0x0000000008003078                DebugMon_Handler
 .text.PendSV_Handler
                0x0000000008003086        0xe ./Core/Src/stm32f4xx_it.o
                0x0000000008003086                PendSV_Handler
 .text.SysTick_Handler
                0x0000000008003094        0xc ./Core/Src/stm32f4xx_it.o
                0x0000000008003094                SysTick_Handler
 .text.TIM2_IRQHandler
                0x00000000080030a0       0x14 ./Core/Src/stm32f4xx_it.o
                0x00000000080030a0                TIM2_IRQHandler
 .text.DMA2_Stream0_IRQHandler
                0x00000000080030b4       0x14 ./Core/Src/stm32f4xx_it.o
                0x00000000080030b4                DMA2_Stream0_IRQHandler
 .text._getpid  0x00000000080030c8       0x10 ./Core/Src/syscalls.o
                0x00000000080030c8                _getpid
 .text._kill    0x00000000080030d8       0x20 ./Core/Src/syscalls.o
                0x00000000080030d8                _kill
 .text._exit    0x00000000080030f8       0x14 ./Core/Src/syscalls.o
                0x00000000080030f8                _exit
 .text._read    0x000000000800310c       0x3a ./Core/Src/syscalls.o
                0x000000000800310c                _read
 .text._write   0x0000000008003146       0x38 ./Core/Src/syscalls.o
                0x0000000008003146                _write
 .text._close   0x000000000800317e       0x18 ./Core/Src/syscalls.o
                0x000000000800317e                _close
 .text._fstat   0x0000000008003196       0x20 ./Core/Src/syscalls.o
                0x0000000008003196                _fstat
 .text._isatty  0x00000000080031b6       0x16 ./Core/Src/syscalls.o
                0x00000000080031b6                _isatty
 .text._lseek   0x00000000080031cc       0x1a ./Core/Src/syscalls.o
                0x00000000080031cc                _lseek
 *fill*         0x00000000080031e6        0x2 
 .text._sbrk    0x00000000080031e8       0x6c ./Core/Src/sysmem.o
                0x00000000080031e8                _sbrk
 .text.SystemInit
                0x0000000008003254       0x24 ./Core/Src/system_stm32f4xx.o
                0x0000000008003254                SystemInit
 .text.MX_TIM1_Init
                0x0000000008003278       0xa0 ./Core/Src/tim.o
                0x0000000008003278                MX_TIM1_Init
 .text.MX_TIM2_Init
                0x0000000008003318       0x98 ./Core/Src/tim.o
                0x0000000008003318                MX_TIM2_Init
 .text.MX_TIM13_Init
                0x00000000080033b0       0x9c ./Core/Src/tim.o
                0x00000000080033b0                MX_TIM13_Init
 .text.HAL_TIM_Base_MspInit
                0x000000000800344c       0xa4 ./Core/Src/tim.o
                0x000000000800344c                HAL_TIM_Base_MspInit
 .text.HAL_TIM_MspPostInit
                0x00000000080034f0       0x74 ./Core/Src/tim.o
                0x00000000080034f0                HAL_TIM_MspPostInit
 .text.TP_Write_Byte
                0x0000000008003564       0x78 ./Core/Src/touch.o
 .text.TP_Read_AD
                0x00000000080035dc       0xe0 ./Core/Src/touch.o
 .text.TP_Read_XOY
                0x00000000080036bc      0x104 ./Core/Src/touch.o
 .text.TP_Read_XY
                0x00000000080037c0       0x44 ./Core/Src/touch.o
 .text.TP_Read_XY2
                0x0000000008003804       0xc4 ./Core/Src/touch.o
 .text.TP_Drow_Touch_Point
                0x00000000080038c8       0xae ./Core/Src/touch.o
 *fill*         0x0000000008003976        0x2 
 .text.TP_Scan  0x0000000008003978      0x12c ./Core/Src/touch.o
 .text.TP_Save_Adjdata
                0x0000000008003aa4       0x20 ./Core/Src/touch.o
 .text.TP_Get_Adjdata
                0x0000000008003ac4       0x38 ./Core/Src/touch.o
 *fill*         0x0000000008003afc        0x4 
 .text.touch_Adjust
                0x0000000008003b00      0x7ac ./Core/Src/touch.o
                0x0000000008003b00                touch_Adjust
 .text.touch_init
                0x00000000080042ac       0x20 ./Core/Src/touch.o
                0x00000000080042ac                touch_init
 .text.touch_Scan
                0x00000000080042cc       0x14 ./Core/Src/touch.o
                0x00000000080042cc                touch_Scan
 .text.touch_IsTouched
                0x00000000080042e0       0x24 ./Core/Src/touch.o
                0x00000000080042e0                touch_IsTouched
 .text.touch_GetX
                0x0000000008004304       0x18 ./Core/Src/touch.o
                0x0000000008004304                touch_GetX
 .text.touch_GetY
                0x000000000800431c       0x18 ./Core/Src/touch.o
                0x000000000800431c                touch_GetY
 .text.Reset_Handler
                0x0000000008004334       0x50 ./Core/Startup/startup_stm32f407zgtx.o
                0x0000000008004334                Reset_Handler
 .text.Default_Handler
                0x0000000008004384        0x2 ./Core/Startup/startup_stm32f407zgtx.o
                0x0000000008004384                RTC_Alarm_IRQHandler
                0x0000000008004384                HASH_RNG_IRQHandler
                0x0000000008004384                EXTI2_IRQHandler
                0x0000000008004384                TIM8_CC_IRQHandler
                0x0000000008004384                TIM1_CC_IRQHandler
                0x0000000008004384                DMA2_Stream5_IRQHandler
                0x0000000008004384                DMA1_Stream5_IRQHandler
                0x0000000008004384                PVD_IRQHandler
                0x0000000008004384                SDIO_IRQHandler
                0x0000000008004384                TAMP_STAMP_IRQHandler
                0x0000000008004384                CAN2_RX1_IRQHandler
                0x0000000008004384                EXTI3_IRQHandler
                0x0000000008004384                TIM8_TRG_COM_TIM14_IRQHandler
                0x0000000008004384                TIM1_UP_TIM10_IRQHandler
                0x0000000008004384                TIM8_UP_TIM13_IRQHandler
                0x0000000008004384                I2C3_ER_IRQHandler
                0x0000000008004384                EXTI0_IRQHandler
                0x0000000008004384                I2C2_EV_IRQHandler
                0x0000000008004384                DMA1_Stream2_IRQHandler
                0x0000000008004384                CAN1_RX0_IRQHandler
                0x0000000008004384                FPU_IRQHandler
                0x0000000008004384                OTG_HS_WKUP_IRQHandler
                0x0000000008004384                CAN2_SCE_IRQHandler
                0x0000000008004384                DMA2_Stream2_IRQHandler
                0x0000000008004384                SPI1_IRQHandler
                0x0000000008004384                TIM6_DAC_IRQHandler
                0x0000000008004384                TIM1_BRK_TIM9_IRQHandler
                0x0000000008004384                DCMI_IRQHandler
                0x0000000008004384                CAN2_RX0_IRQHandler
                0x0000000008004384                DMA2_Stream3_IRQHandler
                0x0000000008004384                USART6_IRQHandler
                0x0000000008004384                USART3_IRQHandler
                0x0000000008004384                CAN1_RX1_IRQHandler
                0x0000000008004384                UART5_IRQHandler
                0x0000000008004384                TIM4_IRQHandler
                0x0000000008004384                I2C1_EV_IRQHandler
                0x0000000008004384                DMA1_Stream6_IRQHandler
                0x0000000008004384                DMA1_Stream1_IRQHandler
                0x0000000008004384                UART4_IRQHandler
                0x0000000008004384                TIM3_IRQHandler
                0x0000000008004384                RCC_IRQHandler
                0x0000000008004384                TIM8_BRK_TIM12_IRQHandler
                0x0000000008004384                Default_Handler
                0x0000000008004384                EXTI15_10_IRQHandler
                0x0000000008004384                ADC_IRQHandler
                0x0000000008004384                DMA1_Stream7_IRQHandler
                0x0000000008004384                TIM7_IRQHandler
                0x0000000008004384                CAN2_TX_IRQHandler
                0x0000000008004384                TIM5_IRQHandler
                0x0000000008004384                DMA2_Stream7_IRQHandler
                0x0000000008004384                I2C3_EV_IRQHandler
                0x0000000008004384                EXTI9_5_IRQHandler
                0x0000000008004384                RTC_WKUP_IRQHandler
                0x0000000008004384                ETH_WKUP_IRQHandler
                0x0000000008004384                SPI2_IRQHandler
                0x0000000008004384                OTG_HS_EP1_IN_IRQHandler
                0x0000000008004384                DMA1_Stream0_IRQHandler
                0x0000000008004384                CAN1_TX_IRQHandler
                0x0000000008004384                EXTI4_IRQHandler
                0x0000000008004384                FSMC_IRQHandler
                0x0000000008004384                ETH_IRQHandler
                0x0000000008004384                OTG_HS_EP1_OUT_IRQHandler
                0x0000000008004384                WWDG_IRQHandler
                0x0000000008004384                OTG_FS_WKUP_IRQHandler
                0x0000000008004384                TIM1_TRG_COM_TIM11_IRQHandler
                0x0000000008004384                OTG_HS_IRQHandler
                0x0000000008004384                EXTI1_IRQHandler
                0x0000000008004384                USART2_IRQHandler
                0x0000000008004384                I2C2_ER_IRQHandler
                0x0000000008004384                DMA2_Stream1_IRQHandler
                0x0000000008004384                CAN1_SCE_IRQHandler
                0x0000000008004384                FLASH_IRQHandler
                0x0000000008004384                DMA2_Stream4_IRQHandler
                0x0000000008004384                USART1_IRQHandler
                0x0000000008004384                OTG_FS_IRQHandler
                0x0000000008004384                SPI3_IRQHandler
                0x0000000008004384                DMA1_Stream4_IRQHandler
                0x0000000008004384                I2C1_ER_IRQHandler
                0x0000000008004384                DMA2_Stream6_IRQHandler
                0x0000000008004384                DMA1_Stream3_IRQHandler
 *fill*         0x0000000008004386        0x2 
 .text.HAL_Init
                0x0000000008004388       0x44 ./Drivers/STM32F4xx_HAL_Driver/Src/stm32f4xx_hal.o
                0x0000000008004388                HAL_Init
 .text.HAL_InitTick
                0x00000000080043cc       0x60 ./Drivers/STM32F4xx_HAL_Driver/Src/stm32f4xx_hal.o
                0x00000000080043cc                HAL_InitTick
 .text.HAL_IncTick
                0x000000000800442c       0x28 ./Drivers/STM32F4xx_HAL_Driver/Src/stm32f4xx_hal.o
                0x000000000800442c                HAL_IncTick
 .text.HAL_GetTick
                0x0000000008004454       0x18 ./Drivers/STM32F4xx_HAL_Driver/Src/stm32f4xx_hal.o
                0x0000000008004454                HAL_GetTick
 .text.HAL_Delay
                0x000000000800446c       0x48 ./Drivers/STM32F4xx_HAL_Driver/Src/stm32f4xx_hal.o
                0x000000000800446c                HAL_Delay
 .text.HAL_ADC_Init
                0x00000000080044b4       0x86 ./Drivers/STM32F4xx_HAL_Driver/Src/stm32f4xx_hal_adc.o
                0x00000000080044b4                HAL_ADC_Init
 *fill*         0x000000000800453a        0x2 
 .text.HAL_ADC_ConfigChannel
                0x000000000800453c      0x244 ./Drivers/STM32F4xx_HAL_Driver/Src/stm32f4xx_hal_adc.o
                0x000000000800453c                HAL_ADC_ConfigChannel
 .text.ADC_Init
                0x0000000008004780      0x1f8 ./Drivers/STM32F4xx_HAL_Driver/Src/stm32f4xx_hal_adc.o
 .text.__NVIC_SetPriorityGrouping
                0x0000000008004978       0x48 ./Drivers/STM32F4xx_HAL_Driver/Src/stm32f4xx_hal_cortex.o
 .text.__NVIC_GetPriorityGrouping
                0x00000000080049c0       0x1c ./Drivers/STM32F4xx_HAL_Driver/Src/stm32f4xx_hal_cortex.o
 .text.__NVIC_EnableIRQ
                0x00000000080049dc       0x3c ./Drivers/STM32F4xx_HAL_Driver/Src/stm32f4xx_hal_cortex.o
 .text.__NVIC_SetPriority
                0x0000000008004a18       0x54 ./Drivers/STM32F4xx_HAL_Driver/Src/stm32f4xx_hal_cortex.o
 .text.NVIC_EncodePriority
                0x0000000008004a6c       0x66 ./Drivers/STM32F4xx_HAL_Driver/Src/stm32f4xx_hal_cortex.o
 *fill*         0x0000000008004ad2        0x2 
 .text.SysTick_Config
                0x0000000008004ad4       0x44 ./Drivers/STM32F4xx_HAL_Driver/Src/stm32f4xx_hal_cortex.o
 .text.HAL_NVIC_SetPriorityGrouping
                0x0000000008004b18       0x16 ./Drivers/STM32F4xx_HAL_Driver/Src/stm32f4xx_hal_cortex.o
                0x0000000008004b18                HAL_NVIC_SetPriorityGrouping
 .text.HAL_NVIC_SetPriority
                0x0000000008004b2e       0x38 ./Drivers/STM32F4xx_HAL_Driver/Src/stm32f4xx_hal_cortex.o
                0x0000000008004b2e                HAL_NVIC_SetPriority
 .text.HAL_NVIC_EnableIRQ
                0x0000000008004b66       0x1c ./Drivers/STM32F4xx_HAL_Driver/Src/stm32f4xx_hal_cortex.o
                0x0000000008004b66                HAL_NVIC_EnableIRQ
 .text.HAL_SYSTICK_Config
                0x0000000008004b82       0x18 ./Drivers/STM32F4xx_HAL_Driver/Src/stm32f4xx_hal_cortex.o
                0x0000000008004b82                HAL_SYSTICK_Config
 *fill*         0x0000000008004b9a        0x2 
 .text.HAL_DMA_Init
                0x0000000008004b9c      0x15c ./Drivers/STM32F4xx_HAL_Driver/Src/stm32f4xx_hal_dma.o
                0x0000000008004b9c                HAL_DMA_Init
 .text.HAL_DMA_IRQHandler
                0x0000000008004cf8      0x314 ./Drivers/STM32F4xx_HAL_Driver/Src/stm32f4xx_hal_dma.o
                0x0000000008004cf8                HAL_DMA_IRQHandler
 .text.DMA_CalcBaseAndBitshift
                0x000000000800500c       0x6c ./Drivers/STM32F4xx_HAL_Driver/Src/stm32f4xx_hal_dma.o
 .text.DMA_CheckFifoParam
                0x0000000008005078       0xf8 ./Drivers/STM32F4xx_HAL_Driver/Src/stm32f4xx_hal_dma.o
 .text.HAL_GPIO_Init
                0x0000000008005170      0x338 ./Drivers/STM32F4xx_HAL_Driver/Src/stm32f4xx_hal_gpio.o
                0x0000000008005170                HAL_GPIO_Init
 .text.HAL_GPIO_ReadPin
                0x00000000080054a8       0x30 ./Drivers/STM32F4xx_HAL_Driver/Src/stm32f4xx_hal_gpio.o
                0x00000000080054a8                HAL_GPIO_ReadPin
 .text.HAL_GPIO_WritePin
                0x00000000080054d8       0x32 ./Drivers/STM32F4xx_HAL_Driver/Src/stm32f4xx_hal_gpio.o
                0x00000000080054d8                HAL_GPIO_WritePin
 *fill*         0x000000000800550a        0x2 
 .text.HAL_I2C_Init
                0x000000000800550c      0x288 ./Drivers/STM32F4xx_HAL_Driver/Src/stm32f4xx_hal_i2c.o
                0x000000000800550c                HAL_I2C_Init
 .text.HAL_I2C_Mem_Write
                0x0000000008005794      0x1f4 ./Drivers/STM32F4xx_HAL_Driver/Src/stm32f4xx_hal_i2c.o
                0x0000000008005794                HAL_I2C_Mem_Write
 .text.HAL_I2C_Mem_Read
                0x0000000008005988      0x44c ./Drivers/STM32F4xx_HAL_Driver/Src/stm32f4xx_hal_i2c.o
                0x0000000008005988                HAL_I2C_Mem_Read
 .text.I2C_RequestMemoryWrite
                0x0000000008005dd4      0x12c ./Drivers/STM32F4xx_HAL_Driver/Src/stm32f4xx_hal_i2c.o
 .text.I2C_RequestMemoryRead
                0x0000000008005f00      0x1d0 ./Drivers/STM32F4xx_HAL_Driver/Src/stm32f4xx_hal_i2c.o
 .text.I2C_WaitOnFlagUntilTimeout
                0x00000000080060d0       0xae ./Drivers/STM32F4xx_HAL_Driver/Src/stm32f4xx_hal_i2c.o
 .text.I2C_WaitOnMasterAddressFlagUntilTimeout
                0x000000000800617e       0xfe ./Drivers/STM32F4xx_HAL_Driver/Src/stm32f4xx_hal_i2c.o
 .text.I2C_WaitOnTXEFlagUntilTimeout
                0x000000000800627c       0x82 ./Drivers/STM32F4xx_HAL_Driver/Src/stm32f4xx_hal_i2c.o
 .text.I2C_WaitOnBTFFlagUntilTimeout
                0x00000000080062fe       0x82 ./Drivers/STM32F4xx_HAL_Driver/Src/stm32f4xx_hal_i2c.o
 .text.I2C_WaitOnRXNEFlagUntilTimeout
                0x0000000008006380       0xac ./Drivers/STM32F4xx_HAL_Driver/Src/stm32f4xx_hal_i2c.o
 .text.I2C_IsAcknowledgeFailed
                0x000000000800642c       0x5e ./Drivers/STM32F4xx_HAL_Driver/Src/stm32f4xx_hal_i2c.o
 *fill*         0x000000000800648a        0x2 
 .text.HAL_RCC_OscConfig
                0x000000000800648c      0x4f0 ./Drivers/STM32F4xx_HAL_Driver/Src/stm32f4xx_hal_rcc.o
                0x000000000800648c                HAL_RCC_OscConfig
 .text.HAL_RCC_ClockConfig
                0x000000000800697c      0x1cc ./Drivers/STM32F4xx_HAL_Driver/Src/stm32f4xx_hal_rcc.o
                0x000000000800697c                HAL_RCC_ClockConfig
 .text.HAL_RCC_GetSysClockFreq
                0x0000000008006b48      0x1c4 ./Drivers/STM32F4xx_HAL_Driver/Src/stm32f4xx_hal_rcc.o
                0x0000000008006b48                HAL_RCC_GetSysClockFreq
 .text.HAL_RCC_GetHCLKFreq
                0x0000000008006d0c       0x18 ./Drivers/STM32F4xx_HAL_Driver/Src/stm32f4xx_hal_rcc.o
                0x0000000008006d0c                HAL_RCC_GetHCLKFreq
 .text.HAL_RCC_GetPCLK1Freq
                0x0000000008006d24       0x28 ./Drivers/STM32F4xx_HAL_Driver/Src/stm32f4xx_hal_rcc.o
                0x0000000008006d24                HAL_RCC_GetPCLK1Freq
 .text.HAL_SPI_Init
                0x0000000008006d4c      0x112 ./Drivers/STM32F4xx_HAL_Driver/Src/stm32f4xx_hal_spi.o
                0x0000000008006d4c                HAL_SPI_Init
 .text.HAL_SPI_Transmit
                0x0000000008006e5e      0x278 ./Drivers/STM32F4xx_HAL_Driver/Src/stm32f4xx_hal_spi.o
                0x0000000008006e5e                HAL_SPI_Transmit
 *fill*         0x00000000080070d6        0x2 
 .text.SPI_WaitFlagStateUntilTimeout
                0x00000000080070d8      0x110 ./Drivers/STM32F4xx_HAL_Driver/Src/stm32f4xx_hal_spi.o
 .text.SPI_EndRxTxTransaction
                0x00000000080071e8       0x84 ./Drivers/STM32F4xx_HAL_Driver/Src/stm32f4xx_hal_spi.o
 .text.HAL_SRAM_Init
                0x000000000800726c       0x88 ./Drivers/STM32F4xx_HAL_Driver/Src/stm32f4xx_hal_sram.o
                0x000000000800726c                HAL_SRAM_Init
 .text.HAL_TIM_Base_Init
                0x00000000080072f4       0x9e ./Drivers/STM32F4xx_HAL_Driver/Src/stm32f4xx_hal_tim.o
                0x00000000080072f4                HAL_TIM_Base_Init
 *fill*         0x0000000008007392        0x2 
 .text.HAL_TIM_Base_Start
                0x0000000008007394       0xd0 ./Drivers/STM32F4xx_HAL_Driver/Src/stm32f4xx_hal_tim.o
                0x0000000008007394                HAL_TIM_Base_Start
 .text.HAL_TIM_Base_Start_IT
                0x0000000008007464       0xe0 ./Drivers/STM32F4xx_HAL_Driver/Src/stm32f4xx_hal_tim.o
                0x0000000008007464                HAL_TIM_Base_Start_IT
 .text.HAL_TIM_PWM_Init
                0x0000000008007544       0x9e ./Drivers/STM32F4xx_HAL_Driver/Src/stm32f4xx_hal_tim.o
                0x0000000008007544                HAL_TIM_PWM_Init
 .text.HAL_TIM_PWM_MspInit
                0x00000000080075e2       0x14 ./Drivers/STM32F4xx_HAL_Driver/Src/stm32f4xx_hal_tim.o
                0x00000000080075e2                HAL_TIM_PWM_MspInit
 .text.HAL_TIM_IRQHandler
                0x00000000080075f6      0x210 ./Drivers/STM32F4xx_HAL_Driver/Src/stm32f4xx_hal_tim.o
                0x00000000080075f6                HAL_TIM_IRQHandler
 *fill*         0x0000000008007806        0x2 
 .text.HAL_TIM_PWM_ConfigChannel
                0x0000000008007808      0x184 ./Drivers/STM32F4xx_HAL_Driver/Src/stm32f4xx_hal_tim.o
                0x0000000008007808                HAL_TIM_PWM_ConfigChannel
 .text.HAL_TIM_ConfigClockSource
                0x000000000800798c      0x18e ./Drivers/STM32F4xx_HAL_Driver/Src/stm32f4xx_hal_tim.o
                0x000000000800798c                HAL_TIM_ConfigClockSource
 .text.HAL_TIM_OC_DelayElapsedCallback
                0x0000000008007b1a       0x14 ./Drivers/STM32F4xx_HAL_Driver/Src/stm32f4xx_hal_tim.o
                0x0000000008007b1a                HAL_TIM_OC_DelayElapsedCallback
 .text.HAL_TIM_IC_CaptureCallback
                0x0000000008007b2e       0x14 ./Drivers/STM32F4xx_HAL_Driver/Src/stm32f4xx_hal_tim.o
                0x0000000008007b2e                HAL_TIM_IC_CaptureCallback
 .text.HAL_TIM_PWM_PulseFinishedCallback
                0x0000000008007b42       0x14 ./Drivers/STM32F4xx_HAL_Driver/Src/stm32f4xx_hal_tim.o
                0x0000000008007b42                HAL_TIM_PWM_PulseFinishedCallback
 .text.HAL_TIM_TriggerCallback
                0x0000000008007b56       0x14 ./Drivers/STM32F4xx_HAL_Driver/Src/stm32f4xx_hal_tim.o
                0x0000000008007b56                HAL_TIM_TriggerCallback
 *fill*         0x0000000008007b6a        0x2 
 .text.TIM_Base_SetConfig
                0x0000000008007b6c      0x140 ./Drivers/STM32F4xx_HAL_Driver/Src/stm32f4xx_hal_tim.o
                0x0000000008007b6c                TIM_Base_SetConfig
 .text.TIM_OC1_SetConfig
                0x0000000008007cac       0xe0 ./Drivers/STM32F4xx_HAL_Driver/Src/stm32f4xx_hal_tim.o
 .text.TIM_OC2_SetConfig
                0x0000000008007d8c       0xec ./Drivers/STM32F4xx_HAL_Driver/Src/stm32f4xx_hal_tim.o
                0x0000000008007d8c                TIM_OC2_SetConfig
 .text.TIM_OC3_SetConfig
                0x0000000008007e78       0xe8 ./Drivers/STM32F4xx_HAL_Driver/Src/stm32f4xx_hal_tim.o
 .text.TIM_OC4_SetConfig
                0x0000000008007f60       0xac ./Drivers/STM32F4xx_HAL_Driver/Src/stm32f4xx_hal_tim.o
 .text.TIM_TI1_ConfigInputStage
                0x000000000800800c       0x5e ./Drivers/STM32F4xx_HAL_Driver/Src/stm32f4xx_hal_tim.o
 .text.TIM_TI2_ConfigInputStage
                0x000000000800806a       0x60 ./Drivers/STM32F4xx_HAL_Driver/Src/stm32f4xx_hal_tim.o
 .text.TIM_ITRx_SetConfig
                0x00000000080080ca       0x36 ./Drivers/STM32F4xx_HAL_Driver/Src/stm32f4xx_hal_tim.o
 .text.TIM_ETR_SetConfig
                0x0000000008008100       0x40 ./Drivers/STM32F4xx_HAL_Driver/Src/stm32f4xx_hal_tim.o
                0x0000000008008100                TIM_ETR_SetConfig
 .text.HAL_TIMEx_MasterConfigSynchronization
                0x0000000008008140       0xf8 ./Drivers/STM32F4xx_HAL_Driver/Src/stm32f4xx_hal_tim_ex.o
                0x0000000008008140                HAL_TIMEx_MasterConfigSynchronization
 .text.HAL_TIMEx_CommutCallback
                0x0000000008008238       0x14 ./Drivers/STM32F4xx_HAL_Driver/Src/stm32f4xx_hal_tim_ex.o
                0x0000000008008238                HAL_TIMEx_CommutCallback
 .text.HAL_TIMEx_BreakCallback
                0x000000000800824c       0x14 ./Drivers/STM32F4xx_HAL_Driver/Src/stm32f4xx_hal_tim_ex.o
                0x000000000800824c                HAL_TIMEx_BreakCallback
 .text.FSMC_NORSRAM_Init
                0x0000000008008260       0xa4 ./Drivers/STM32F4xx_HAL_Driver/Src/stm32f4xx_ll_fsmc.o
                0x0000000008008260                FSMC_NORSRAM_Init
 .text.FSMC_NORSRAM_Timing_Init
                0x0000000008008304       0x7a ./Drivers/STM32F4xx_HAL_Driver/Src/stm32f4xx_ll_fsmc.o
                0x0000000008008304                FSMC_NORSRAM_Timing_Init
 *fill*         0x000000000800837e        0x2 
 .text.FSMC_NORSRAM_Extended_Timing_Init
                0x0000000008008380       0x80 ./Drivers/STM32F4xx_HAL_Driver/Src/stm32f4xx_ll_fsmc.o
                0x0000000008008380                FSMC_NORSRAM_Extended_Timing_Init
 .text.__errno  0x0000000008008400        0xc d:/stm32cubeide_1.7/stm32cubeide_1.7.0/stm32cubeide/plugins/com.st.stm32cube.ide.mcu.externaltools.gnu-tools-for-stm32.9-2020-q2-update.win32_2.0.0.202105311346/tools/bin/../lib/gcc/arm-none-eabi/9.3.1/../../../../arm-none-eabi/lib/thumb/v7e-m+fp/hard\libc_nano.a(lib_a-errno.o)
                0x0000000008008400                __errno
 .text.__libc_init_array
                0x000000000800840c       0x48 d:/stm32cubeide_1.7/stm32cubeide_1.7.0/stm32cubeide/plugins/com.st.stm32cube.ide.mcu.externaltools.gnu-tools-for-stm32.9-2020-q2-update.win32_2.0.0.202105311346/tools/bin/../lib/gcc/arm-none-eabi/9.3.1/../../../../arm-none-eabi/lib/thumb/v7e-m+fp/hard\libc_nano.a(lib_a-init.o)
                0x000000000800840c                __libc_init_array
 .text.memset   0x0000000008008454       0x10 d:/stm32cubeide_1.7/stm32cubeide_1.7.0/stm32cubeide/plugins/com.st.stm32cube.ide.mcu.externaltools.gnu-tools-for-stm32.9-2020-q2-update.win32_2.0.0.202105311346/tools/bin/../lib/gcc/arm-none-eabi/9.3.1/../../../../arm-none-eabi/lib/thumb/v7e-m+fp/hard\libc_nano.a(lib_a-memset.o)
                0x0000000008008454                memset
 .text.rand     0x0000000008008464       0x80 d:/stm32cubeide_1.7/stm32cubeide_1.7.0/stm32cubeide/plugins/com.st.stm32cube.ide.mcu.externaltools.gnu-tools-for-stm32.9-2020-q2-update.win32_2.0.0.202105311346/tools/bin/../lib/gcc/arm-none-eabi/9.3.1/../../../../arm-none-eabi/lib/thumb/v7e-m+fp/hard\libc_nano.a(lib_a-rand.o)
                0x0000000008008464                rand
 .text.__assert_func
                0x00000000080084e4       0x3c d:/stm32cubeide_1.7/stm32cubeide_1.7.0/stm32cubeide/plugins/com.st.stm32cube.ide.mcu.externaltools.gnu-tools-for-stm32.9-2020-q2-update.win32_2.0.0.202105311346/tools/bin/../lib/gcc/arm-none-eabi/9.3.1/../../../../arm-none-eabi/lib/thumb/v7e-m+fp/hard\libc_nano.a(lib_a-assert.o)
                0x00000000080084e4                __assert_func
 .text.fprintf  0x0000000008008520       0x24 d:/stm32cubeide_1.7/stm32cubeide_1.7.0/stm32cubeide/plugins/com.st.stm32cube.ide.mcu.externaltools.gnu-tools-for-stm32.9-2020-q2-update.win32_2.0.0.202105311346/tools/bin/../lib/gcc/arm-none-eabi/9.3.1/../../../../arm-none-eabi/lib/thumb/v7e-m+fp/hard\libc_nano.a(lib_a-fprintf.o)
                0x0000000008008520                fiprintf
                0x0000000008008520                fprintf
 .text.malloc   0x0000000008008544       0x10 d:/stm32cubeide_1.7/stm32cubeide_1.7.0/stm32cubeide/plugins/com.st.stm32cube.ide.mcu.externaltools.gnu-tools-for-stm32.9-2020-q2-update.win32_2.0.0.202105311346/tools/bin/../lib/gcc/arm-none-eabi/9.3.1/../../../../arm-none-eabi/lib/thumb/v7e-m+fp/hard\libc_nano.a(lib_a-malloc.o)
                0x0000000008008544                malloc
 .text._free_r  0x0000000008008554       0xa0 d:/stm32cubeide_1.7/stm32cubeide_1.7.0/stm32cubeide/plugins/com.st.stm32cube.ide.mcu.externaltools.gnu-tools-for-stm32.9-2020-q2-update.win32_2.0.0.202105311346/tools/bin/../lib/gcc/arm-none-eabi/9.3.1/../../../../arm-none-eabi/lib/thumb/v7e-m+fp/hard\libc_nano.a(lib_a-nano-freer.o)
                0x0000000008008554                _free_r
 .text._malloc_r
                0x00000000080085f4       0xb4 d:/stm32cubeide_1.7/stm32cubeide_1.7.0/stm32cubeide/plugins/com.st.stm32cube.ide.mcu.externaltools.gnu-tools-for-stm32.9-2020-q2-update.win32_2.0.0.202105311346/tools/bin/../lib/gcc/arm-none-eabi/9.3.1/../../../../arm-none-eabi/lib/thumb/v7e-m+fp/hard\libc_nano.a(lib_a-nano-mallocr.o)
                0x00000000080085f4                _malloc_r
 .text.__sfputc_r
                0x00000000080086a8       0x2e d:/stm32cubeide_1.7/stm32cubeide_1.7.0/stm32cubeide/plugins/com.st.stm32cube.ide.mcu.externaltools.gnu-tools-for-stm32.9-2020-q2-update.win32_2.0.0.202105311346/tools/bin/../lib/gcc/arm-none-eabi/9.3.1/../../../../arm-none-eabi/lib/thumb/v7e-m+fp/hard\libc_nano.a(lib_a-nano-vfprintf.o)
 .text.__sfputs_r
                0x00000000080086d6       0x24 d:/stm32cubeide_1.7/stm32cubeide_1.7.0/stm32cubeide/plugins/com.st.stm32cube.ide.mcu.externaltools.gnu-tools-for-stm32.9-2020-q2-update.win32_2.0.0.202105311346/tools/bin/../lib/gcc/arm-none-eabi/9.3.1/../../../../arm-none-eabi/lib/thumb/v7e-m+fp/hard\libc_nano.a(lib_a-nano-vfprintf.o)
                0x00000000080086d6                __sfputs_r
 *fill*         0x00000000080086fa        0x2 
 .text._vfprintf_r
                0x00000000080086fc      0x260 d:/stm32cubeide_1.7/stm32cubeide_1.7.0/stm32cubeide/plugins/com.st.stm32cube.ide.mcu.externaltools.gnu-tools-for-stm32.9-2020-q2-update.win32_2.0.0.202105311346/tools/bin/../lib/gcc/arm-none-eabi/9.3.1/../../../../arm-none-eabi/lib/thumb/v7e-m+fp/hard\libc_nano.a(lib_a-nano-vfprintf.o)
                0x00000000080086fc                _vfprintf_r
                0x00000000080086fc                _vfiprintf_r
 .text._printf_common
                0x000000000800895c       0xda d:/stm32cubeide_1.7/stm32cubeide_1.7.0/stm32cubeide/plugins/com.st.stm32cube.ide.mcu.externaltools.gnu-tools-for-stm32.9-2020-q2-update.win32_2.0.0.202105311346/tools/bin/../lib/gcc/arm-none-eabi/9.3.1/../../../../arm-none-eabi/lib/thumb/v7e-m+fp/hard\libc_nano.a(lib_a-nano-vfprintf_i.o)
                0x000000000800895c                _printf_common
 *fill*         0x0000000008008a36        0x2 
 .text._printf_i
                0x0000000008008a38      0x24c d:/stm32cubeide_1.7/stm32cubeide_1.7.0/stm32cubeide/plugins/com.st.stm32cube.ide.mcu.externaltools.gnu-tools-for-stm32.9-2020-q2-update.win32_2.0.0.202105311346/tools/bin/../lib/gcc/arm-none-eabi/9.3.1/../../../../arm-none-eabi/lib/thumb/v7e-m+fp/hard\libc_nano.a(lib_a-nano-vfprintf_i.o)
                0x0000000008008a38                _printf_i
 .text._sbrk_r  0x0000000008008c84       0x20 d:/stm32cubeide_1.7/stm32cubeide_1.7.0/stm32cubeide/plugins/com.st.stm32cube.ide.mcu.externaltools.gnu-tools-for-stm32.9-2020-q2-update.win32_2.0.0.202105311346/tools/bin/../lib/gcc/arm-none-eabi/9.3.1/../../../../arm-none-eabi/lib/thumb/v7e-m+fp/hard\libc_nano.a(lib_a-sbrkr.o)
                0x0000000008008c84                _sbrk_r
 .text.__swbuf_r
                0x0000000008008ca4       0xa4 d:/stm32cubeide_1.7/stm32cubeide_1.7.0/stm32cubeide/plugins/com.st.stm32cube.ide.mcu.externaltools.gnu-tools-for-stm32.9-2020-q2-update.win32_2.0.0.202105311346/tools/bin/../lib/gcc/arm-none-eabi/9.3.1/../../../../arm-none-eabi/lib/thumb/v7e-m+fp/hard\libc_nano.a(lib_a-wbuf.o)
                0x0000000008008ca4                __swbuf_r
 .text.__swsetup_r
                0x0000000008008d48       0xdc d:/stm32cubeide_1.7/stm32cubeide_1.7.0/stm32cubeide/plugins/com.st.stm32cube.ide.mcu.externaltools.gnu-tools-for-stm32.9-2020-q2-update.win32_2.0.0.202105311346/tools/bin/../lib/gcc/arm-none-eabi/9.3.1/../../../../arm-none-eabi/lib/thumb/v7e-m+fp/hard\libc_nano.a(lib_a-wsetup.o)
                0x0000000008008d48                __swsetup_r
 .text.abort    0x0000000008008e24        0xe d:/stm32cubeide_1.7/stm32cubeide_1.7.0/stm32cubeide/plugins/com.st.stm32cube.ide.mcu.externaltools.gnu-tools-for-stm32.9-2020-q2-update.win32_2.0.0.202105311346/tools/bin/../lib/gcc/arm-none-eabi/9.3.1/../../../../arm-none-eabi/lib/thumb/v7e-m+fp/hard\libc_nano.a(lib_a-abort.o)
                0x0000000008008e24                abort
 *fill*         0x0000000008008e32        0x2 
 .text.__sflush_r
                0x0000000008008e34      0x10c d:/stm32cubeide_1.7/stm32cubeide_1.7.0/stm32cubeide/plugins/com.st.stm32cube.ide.mcu.externaltools.gnu-tools-for-stm32.9-2020-q2-update.win32_2.0.0.202105311346/tools/bin/../lib/gcc/arm-none-eabi/9.3.1/../../../../arm-none-eabi/lib/thumb/v7e-m+fp/hard\libc_nano.a(lib_a-fflush.o)
                0x0000000008008e34                __sflush_r
 .text._fflush_r
                0x0000000008008f40       0x78 d:/stm32cubeide_1.7/stm32cubeide_1.7.0/stm32cubeide/plugins/com.st.stm32cube.ide.mcu.externaltools.gnu-tools-for-stm32.9-2020-q2-update.win32_2.0.0.202105311346/tools/bin/../lib/gcc/arm-none-eabi/9.3.1/../../../../arm-none-eabi/lib/thumb/v7e-m+fp/hard\libc_nano.a(lib_a-fflush.o)
                0x0000000008008f40                _fflush_r
 .text.std      0x0000000008008fb8       0x48 d:/stm32cubeide_1.7/stm32cubeide_1.7.0/stm32cubeide/plugins/com.st.stm32cube.ide.mcu.externaltools.gnu-tools-for-stm32.9-2020-q2-update.win32_2.0.0.202105311346/tools/bin/../lib/gcc/arm-none-eabi/9.3.1/../../../../arm-none-eabi/lib/thumb/v7e-m+fp/hard\libc_nano.a(lib_a-findfp.o)
 .text._cleanup_r
                0x0000000008009000        0xc d:/stm32cubeide_1.7/stm32cubeide_1.7.0/stm32cubeide/plugins/com.st.stm32cube.ide.mcu.externaltools.gnu-tools-for-stm32.9-2020-q2-update.win32_2.0.0.202105311346/tools/bin/../lib/gcc/arm-none-eabi/9.3.1/../../../../arm-none-eabi/lib/thumb/v7e-m+fp/hard\libc_nano.a(lib_a-findfp.o)
                0x0000000008009000                _cleanup_r
 .text.__sfmoreglue
                0x000000000800900c       0x2c d:/stm32cubeide_1.7/stm32cubeide_1.7.0/stm32cubeide/plugins/com.st.stm32cube.ide.mcu.externaltools.gnu-tools-for-stm32.9-2020-q2-update.win32_2.0.0.202105311346/tools/bin/../lib/gcc/arm-none-eabi/9.3.1/../../../../arm-none-eabi/lib/thumb/v7e-m+fp/hard\libc_nano.a(lib_a-findfp.o)
                0x000000000800900c                __sfmoreglue
 .text.__sfp_lock_acquire
                0x0000000008009038        0xc d:/stm32cubeide_1.7/stm32cubeide_1.7.0/stm32cubeide/plugins/com.st.stm32cube.ide.mcu.externaltools.gnu-tools-for-stm32.9-2020-q2-update.win32_2.0.0.202105311346/tools/bin/../lib/gcc/arm-none-eabi/9.3.1/../../../../arm-none-eabi/lib/thumb/v7e-m+fp/hard\libc_nano.a(lib_a-findfp.o)
                0x0000000008009038                __sfp_lock_acquire
 .text.__sfp_lock_release
                0x0000000008009044        0xc d:/stm32cubeide_1.7/stm32cubeide_1.7.0/stm32cubeide/plugins/com.st.stm32cube.ide.mcu.externaltools.gnu-tools-for-stm32.9-2020-q2-update.win32_2.0.0.202105311346/tools/bin/../lib/gcc/arm-none-eabi/9.3.1/../../../../arm-none-eabi/lib/thumb/v7e-m+fp/hard\libc_nano.a(lib_a-findfp.o)
                0x0000000008009044                __sfp_lock_release
 .text.__sinit_lock_acquire
                0x0000000008009050        0xc d:/stm32cubeide_1.7/stm32cubeide_1.7.0/stm32cubeide/plugins/com.st.stm32cube.ide.mcu.externaltools.gnu-tools-for-stm32.9-2020-q2-update.win32_2.0.0.202105311346/tools/bin/../lib/gcc/arm-none-eabi/9.3.1/../../../../arm-none-eabi/lib/thumb/v7e-m+fp/hard\libc_nano.a(lib_a-findfp.o)
                0x0000000008009050                __sinit_lock_acquire
 .text.__sinit_lock_release
                0x000000000800905c        0xc d:/stm32cubeide_1.7/stm32cubeide_1.7.0/stm32cubeide/plugins/com.st.stm32cube.ide.mcu.externaltools.gnu-tools-for-stm32.9-2020-q2-update.win32_2.0.0.202105311346/tools/bin/../lib/gcc/arm-none-eabi/9.3.1/../../../../arm-none-eabi/lib/thumb/v7e-m+fp/hard\libc_nano.a(lib_a-findfp.o)
                0x000000000800905c                __sinit_lock_release
 .text.__sinit  0x0000000008009068       0x70 d:/stm32cubeide_1.7/stm32cubeide_1.7.0/stm32cubeide/plugins/com.st.stm32cube.ide.mcu.externaltools.gnu-tools-for-stm32.9-2020-q2-update.win32_2.0.0.202105311346/tools/bin/../lib/gcc/arm-none-eabi/9.3.1/../../../../arm-none-eabi/lib/thumb/v7e-m+fp/hard\libc_nano.a(lib_a-findfp.o)
                0x0000000008009068                __sinit
 .text.__sfp    0x00000000080090d8       0x8c d:/stm32cubeide_1.7/stm32cubeide_1.7.0/stm32cubeide/plugins/com.st.stm32cube.ide.mcu.externaltools.gnu-tools-for-stm32.9-2020-q2-update.win32_2.0.0.202105311346/tools/bin/../lib/gcc/arm-none-eabi/9.3.1/../../../../arm-none-eabi/lib/thumb/v7e-m+fp/hard\libc_nano.a(lib_a-findfp.o)
                0x00000000080090d8                __sfp
 .text._fwalk_reent
                0x0000000008009164       0x3e d:/stm32cubeide_1.7/stm32cubeide_1.7.0/stm32cubeide/plugins/com.st.stm32cube.ide.mcu.externaltools.gnu-tools-for-stm32.9-2020-q2-update.win32_2.0.0.202105311346/tools/bin/../lib/gcc/arm-none-eabi/9.3.1/../../../../arm-none-eabi/lib/thumb/v7e-m+fp/hard\libc_nano.a(lib_a-fwalk.o)
                0x0000000008009164                _fwalk_reent
 .text.__retarget_lock_init_recursive
                0x00000000080091a2        0x2 d:/stm32cubeide_1.7/stm32cubeide_1.7.0/stm32cubeide/plugins/com.st.stm32cube.ide.mcu.externaltools.gnu-tools-for-stm32.9-2020-q2-update.win32_2.0.0.202105311346/tools/bin/../lib/gcc/arm-none-eabi/9.3.1/../../../../arm-none-eabi/lib/thumb/v7e-m+fp/hard\libc_nano.a(lib_a-lock.o)
                0x00000000080091a2                __retarget_lock_init_recursive
 .text.__retarget_lock_acquire_recursive
                0x00000000080091a4        0x2 d:/stm32cubeide_1.7/stm32cubeide_1.7.0/stm32cubeide/plugins/com.st.stm32cube.ide.mcu.externaltools.gnu-tools-for-stm32.9-2020-q2-update.win32_2.0.0.202105311346/tools/bin/../lib/gcc/arm-none-eabi/9.3.1/../../../../arm-none-eabi/lib/thumb/v7e-m+fp/hard\libc_nano.a(lib_a-lock.o)
                0x00000000080091a4                __retarget_lock_acquire_recursive
 .text.__retarget_lock_release_recursive
                0x00000000080091a6        0x2 d:/stm32cubeide_1.7/stm32cubeide_1.7.0/stm32cubeide/plugins/com.st.stm32cube.ide.mcu.externaltools.gnu-tools-for-stm32.9-2020-q2-update.win32_2.0.0.202105311346/tools/bin/../lib/gcc/arm-none-eabi/9.3.1/../../../../arm-none-eabi/lib/thumb/v7e-m+fp/hard\libc_nano.a(lib_a-lock.o)
                0x00000000080091a6                __retarget_lock_release_recursive
 .text.__swhatbuf_r
                0x00000000080091a8       0x48 d:/stm32cubeide_1.7/stm32cubeide_1.7.0/stm32cubeide/plugins/com.st.stm32cube.ide.mcu.externaltools.gnu-tools-for-stm32.9-2020-q2-update.win32_2.0.0.202105311346/tools/bin/../lib/gcc/arm-none-eabi/9.3.1/../../../../arm-none-eabi/lib/thumb/v7e-m+fp/hard\libc_nano.a(lib_a-makebuf.o)
                0x00000000080091a8                __swhatbuf_r
 .text.__smakebuf_r
                0x00000000080091f0       0x80 d:/stm32cubeide_1.7/stm32cubeide_1.7.0/stm32cubeide/plugins/com.st.stm32cube.ide.mcu.externaltools.gnu-tools-for-stm32.9-2020-q2-update.win32_2.0.0.202105311346/tools/bin/../lib/gcc/arm-none-eabi/9.3.1/../../../../arm-none-eabi/lib/thumb/v7e-m+fp/hard\libc_nano.a(lib_a-makebuf.o)
                0x00000000080091f0                __smakebuf_r
 .text.__malloc_lock
                0x0000000008009270        0xc d:/stm32cubeide_1.7/stm32cubeide_1.7.0/stm32cubeide/plugins/com.st.stm32cube.ide.mcu.externaltools.gnu-tools-for-stm32.9-2020-q2-update.win32_2.0.0.202105311346/tools/bin/../lib/gcc/arm-none-eabi/9.3.1/../../../../arm-none-eabi/lib/thumb/v7e-m+fp/hard\libc_nano.a(lib_a-mlock.o)
                0x0000000008009270                __malloc_lock
 .text.__malloc_unlock
                0x000000000800927c        0xc d:/stm32cubeide_1.7/stm32cubeide_1.7.0/stm32cubeide/plugins/com.st.stm32cube.ide.mcu.externaltools.gnu-tools-for-stm32.9-2020-q2-update.win32_2.0.0.202105311346/tools/bin/../lib/gcc/arm-none-eabi/9.3.1/../../../../arm-none-eabi/lib/thumb/v7e-m+fp/hard\libc_nano.a(lib_a-mlock.o)
                0x000000000800927c                __malloc_unlock
 .text._raise_r
                0x0000000008009288       0x50 d:/stm32cubeide_1.7/stm32cubeide_1.7.0/stm32cubeide/plugins/com.st.stm32cube.ide.mcu.externaltools.gnu-tools-for-stm32.9-2020-q2-update.win32_2.0.0.202105311346/tools/bin/../lib/gcc/arm-none-eabi/9.3.1/../../../../arm-none-eabi/lib/thumb/v7e-m+fp/hard\libc_nano.a(lib_a-signal.o)
                0x0000000008009288                _raise_r
 .text.raise    0x00000000080092d8       0x10 d:/stm32cubeide_1.7/stm32cubeide_1.7.0/stm32cubeide/plugins/com.st.stm32cube.ide.mcu.externaltools.gnu-tools-for-stm32.9-2020-q2-update.win32_2.0.0.202105311346/tools/bin/../lib/gcc/arm-none-eabi/9.3.1/../../../../arm-none-eabi/lib/thumb/v7e-m+fp/hard\libc_nano.a(lib_a-signal.o)
                0x00000000080092d8                raise
 .text._kill_r  0x00000000080092e8       0x24 d:/stm32cubeide_1.7/stm32cubeide_1.7.0/stm32cubeide/plugins/com.st.stm32cube.ide.mcu.externaltools.gnu-tools-for-stm32.9-2020-q2-update.win32_2.0.0.202105311346/tools/bin/../lib/gcc/arm-none-eabi/9.3.1/../../../../arm-none-eabi/lib/thumb/v7e-m+fp/hard\libc_nano.a(lib_a-signalr.o)
                0x00000000080092e8                _kill_r
 .text._getpid_r
                0x000000000800930c        0x4 d:/stm32cubeide_1.7/stm32cubeide_1.7.0/stm32cubeide/plugins/com.st.stm32cube.ide.mcu.externaltools.gnu-tools-for-stm32.9-2020-q2-update.win32_2.0.0.202105311346/tools/bin/../lib/gcc/arm-none-eabi/9.3.1/../../../../arm-none-eabi/lib/thumb/v7e-m+fp/hard\libc_nano.a(lib_a-signalr.o)
                0x000000000800930c                _getpid_r
 .text.__sread  0x0000000008009310       0x22 d:/stm32cubeide_1.7/stm32cubeide_1.7.0/stm32cubeide/plugins/com.st.stm32cube.ide.mcu.externaltools.gnu-tools-for-stm32.9-2020-q2-update.win32_2.0.0.202105311346/tools/bin/../lib/gcc/arm-none-eabi/9.3.1/../../../../arm-none-eabi/lib/thumb/v7e-m+fp/hard\libc_nano.a(lib_a-stdio.o)
                0x0000000008009310                __sread
 .text.__swrite
                0x0000000008009332       0x38 d:/stm32cubeide_1.7/stm32cubeide_1.7.0/stm32cubeide/plugins/com.st.stm32cube.ide.mcu.externaltools.gnu-tools-for-stm32.9-2020-q2-update.win32_2.0.0.202105311346/tools/bin/../lib/gcc/arm-none-eabi/9.3.1/../../../../arm-none-eabi/lib/thumb/v7e-m+fp/hard\libc_nano.a(lib_a-stdio.o)
                0x0000000008009332                __swrite
 .text.__sseek  0x000000000800936a       0x24 d:/stm32cubeide_1.7/stm32cubeide_1.7.0/stm32cubeide/plugins/com.st.stm32cube.ide.mcu.externaltools.gnu-tools-for-stm32.9-2020-q2-update.win32_2.0.0.202105311346/tools/bin/../lib/gcc/arm-none-eabi/9.3.1/../../../../arm-none-eabi/lib/thumb/v7e-m+fp/hard\libc_nano.a(lib_a-stdio.o)
                0x000000000800936a                __sseek
 .text.__sclose
                0x000000000800938e        0x8 d:/stm32cubeide_1.7/stm32cubeide_1.7.0/stm32cubeide/plugins/com.st.stm32cube.ide.mcu.externaltools.gnu-tools-for-stm32.9-2020-q2-update.win32_2.0.0.202105311346/tools/bin/../lib/gcc/arm-none-eabi/9.3.1/../../../../arm-none-eabi/lib/thumb/v7e-m+fp/hard\libc_nano.a(lib_a-stdio.o)
                0x000000000800938e                __sclose
 *fill*         0x0000000008009396        0x2 
 .text._write_r
                0x0000000008009398       0x24 d:/stm32cubeide_1.7/stm32cubeide_1.7.0/stm32cubeide/plugins/com.st.stm32cube.ide.mcu.externaltools.gnu-tools-for-stm32.9-2020-q2-update.win32_2.0.0.202105311346/tools/bin/../lib/gcc/arm-none-eabi/9.3.1/../../../../arm-none-eabi/lib/thumb/v7e-m+fp/hard\libc_nano.a(lib_a-writer.o)
                0x0000000008009398                _write_r
 .text._close_r
                0x00000000080093bc       0x20 d:/stm32cubeide_1.7/stm32cubeide_1.7.0/stm32cubeide/plugins/com.st.stm32cube.ide.mcu.externaltools.gnu-tools-for-stm32.9-2020-q2-update.win32_2.0.0.202105311346/tools/bin/../lib/gcc/arm-none-eabi/9.3.1/../../../../arm-none-eabi/lib/thumb/v7e-m+fp/hard\libc_nano.a(lib_a-closer.o)
                0x00000000080093bc                _close_r
 .text._fstat_r
                0x00000000080093dc       0x24 d:/stm32cubeide_1.7/stm32cubeide_1.7.0/stm32cubeide/plugins/com.st.stm32cube.ide.mcu.externaltools.gnu-tools-for-stm32.9-2020-q2-update.win32_2.0.0.202105311346/tools/bin/../lib/gcc/arm-none-eabi/9.3.1/../../../../arm-none-eabi/lib/thumb/v7e-m+fp/hard\libc_nano.a(lib_a-fstatr.o)
                0x00000000080093dc                _fstat_r
 .text._isatty_r
                0x0000000008009400       0x20 d:/stm32cubeide_1.7/stm32cubeide_1.7.0/stm32cubeide/plugins/com.st.stm32cube.ide.mcu.externaltools.gnu-tools-for-stm32.9-2020-q2-update.win32_2.0.0.202105311346/tools/bin/../lib/gcc/arm-none-eabi/9.3.1/../../../../arm-none-eabi/lib/thumb/v7e-m+fp/hard\libc_nano.a(lib_a-isattyr.o)
                0x0000000008009400                _isatty_r
 .text._lseek_r
                0x0000000008009420       0x24 d:/stm32cubeide_1.7/stm32cubeide_1.7.0/stm32cubeide/plugins/com.st.stm32cube.ide.mcu.externaltools.gnu-tools-for-stm32.9-2020-q2-update.win32_2.0.0.202105311346/tools/bin/../lib/gcc/arm-none-eabi/9.3.1/../../../../arm-none-eabi/lib/thumb/v7e-m+fp/hard\libc_nano.a(lib_a-lseekr.o)
                0x0000000008009420                _lseek_r
 .text._read_r  0x0000000008009444       0x24 d:/stm32cubeide_1.7/stm32cubeide_1.7.0/stm32cubeide/plugins/com.st.stm32cube.ide.mcu.externaltools.gnu-tools-for-stm32.9-2020-q2-update.win32_2.0.0.202105311346/tools/bin/../lib/gcc/arm-none-eabi/9.3.1/../../../../arm-none-eabi/lib/thumb/v7e-m+fp/hard\libc_nano.a(lib_a-readr.o)
                0x0000000008009444                _read_r
 .text.pow      0x0000000008009468      0x15c d:/stm32cubeide_1.7/stm32cubeide_1.7.0/stm32cubeide/plugins/com.st.stm32cube.ide.mcu.externaltools.gnu-tools-for-stm32.9-2020-q2-update.win32_2.0.0.202105311346/tools/bin/../lib/gcc/arm-none-eabi/9.3.1/../../../../arm-none-eabi/lib/thumb/v7e-m+fp/hard\libm.a(lib_a-w_pow.o)
                0x0000000008009468                pow
 .text.sqrt     0x00000000080095c4       0x68 d:/stm32cubeide_1.7/stm32cubeide_1.7.0/stm32cubeide/plugins/com.st.stm32cube.ide.mcu.externaltools.gnu-tools-for-stm32.9-2020-q2-update.win32_2.0.0.202105311346/tools/bin/../lib/gcc/arm-none-eabi/9.3.1/../../../../arm-none-eabi/lib/thumb/v7e-m+fp/hard\libm.a(lib_a-w_sqrt.o)
                0x00000000080095c4                sqrt
 *fill*         0x000000000800962c        0x4 
 .text.__ieee754_pow
                0x0000000008009630      0xa44 d:/stm32cubeide_1.7/stm32cubeide_1.7.0/stm32cubeide/plugins/com.st.stm32cube.ide.mcu.externaltools.gnu-tools-for-stm32.9-2020-q2-update.win32_2.0.0.202105311346/tools/bin/../lib/gcc/arm-none-eabi/9.3.1/../../../../arm-none-eabi/lib/thumb/v7e-m+fp/hard\libm.a(lib_a-e_pow.o)
                0x0000000008009630                __ieee754_pow
 .text.__ieee754_sqrt
                0x000000000800a074      0x168 d:/stm32cubeide_1.7/stm32cubeide_1.7.0/stm32cubeide/plugins/com.st.stm32cube.ide.mcu.externaltools.gnu-tools-for-stm32.9-2020-q2-update.win32_2.0.0.202105311346/tools/bin/../lib/gcc/arm-none-eabi/9.3.1/../../../../arm-none-eabi/lib/thumb/v7e-m+fp/hard\libm.a(lib_a-e_sqrt.o)
                0x000000000800a074                __ieee754_sqrt
 .text.fabs     0x000000000800a1dc       0x12 d:/stm32cubeide_1.7/stm32cubeide_1.7.0/stm32cubeide/plugins/com.st.stm32cube.ide.mcu.externaltools.gnu-tools-for-stm32.9-2020-q2-update.win32_2.0.0.202105311346/tools/bin/../lib/gcc/arm-none-eabi/9.3.1/../../../../arm-none-eabi/lib/thumb/v7e-m+fp/hard\libm.a(lib_a-s_fabs.o)
                0x000000000800a1dc                fabs
 .text.finite   0x000000000800a1ee       0x16 d:/stm32cubeide_1.7/stm32cubeide_1.7.0/stm32cubeide/plugins/com.st.stm32cube.ide.mcu.externaltools.gnu-tools-for-stm32.9-2020-q2-update.win32_2.0.0.202105311346/tools/bin/../lib/gcc/arm-none-eabi/9.3.1/../../../../arm-none-eabi/lib/thumb/v7e-m+fp/hard\libm.a(lib_a-s_finite.o)
                0x000000000800a1ee                finite
 *fill*         0x000000000800a204        0x4 
 .text.nan      0x000000000800a208       0x10 d:/stm32cubeide_1.7/stm32cubeide_1.7.0/stm32cubeide/plugins/com.st.stm32cube.ide.mcu.externaltools.gnu-tools-for-stm32.9-2020-q2-update.win32_2.0.0.202105311346/tools/bin/../lib/gcc/arm-none-eabi/9.3.1/../../../../arm-none-eabi/lib/thumb/v7e-m+fp/hard\libm.a(lib_a-s_nan.o)
                0x000000000800a208                nan
 .text.rint     0x000000000800a218      0x114 d:/stm32cubeide_1.7/stm32cubeide_1.7.0/stm32cubeide/plugins/com.st.stm32cube.ide.mcu.externaltools.gnu-tools-for-stm32.9-2020-q2-update.win32_2.0.0.202105311346/tools/bin/../lib/gcc/arm-none-eabi/9.3.1/../../../../arm-none-eabi/lib/thumb/v7e-m+fp/hard\libm.a(lib_a-s_rint.o)
                0x000000000800a218                rint
 *fill*         0x000000000800a32c        0x4 
 .text.scalbn   0x000000000800a330      0x10c d:/stm32cubeide_1.7/stm32cubeide_1.7.0/stm32cubeide/plugins/com.st.stm32cube.ide.mcu.externaltools.gnu-tools-for-stm32.9-2020-q2-update.win32_2.0.0.202105311346/tools/bin/../lib/gcc/arm-none-eabi/9.3.1/../../../../arm-none-eabi/lib/thumb/v7e-m+fp/hard\libm.a(lib_a-s_scalbn.o)
                0x000000000800a330                scalbn
 *(.glue_7)
 .glue_7        0x000000000800a43c        0x0 linker stubs
 *(.glue_7t)
 .glue_7t       0x000000000800a43c        0x0 linker stubs
 *(.eh_frame)
 .eh_frame      0x000000000800a43c        0x0 d:/stm32cubeide_1.7/stm32cubeide_1.7.0/stm32cubeide/plugins/com.st.stm32cube.ide.mcu.externaltools.gnu-tools-for-stm32.9-2020-q2-update.win32_2.0.0.202105311346/tools/bin/../lib/gcc/arm-none-eabi/9.3.1/thumb/v7e-m+fp/hard/crtbegin.o
 *(.init)
 .init          0x000000000800a43c        0x4 d:/stm32cubeide_1.7/stm32cubeide_1.7.0/stm32cubeide/plugins/com.st.stm32cube.ide.mcu.externaltools.gnu-tools-for-stm32.9-2020-q2-update.win32_2.0.0.202105311346/tools/bin/../lib/gcc/arm-none-eabi/9.3.1/thumb/v7e-m+fp/hard/crti.o
                0x000000000800a43c                _init
 .init          0x000000000800a440        0x8 d:/stm32cubeide_1.7/stm32cubeide_1.7.0/stm32cubeide/plugins/com.st.stm32cube.ide.mcu.externaltools.gnu-tools-for-stm32.9-2020-q2-update.win32_2.0.0.202105311346/tools/bin/../lib/gcc/arm-none-eabi/9.3.1/thumb/v7e-m+fp/hard/crtn.o
 *(.fini)
 .fini          0x000000000800a448        0x4 d:/stm32cubeide_1.7/stm32cubeide_1.7.0/stm32cubeide/plugins/com.st.stm32cube.ide.mcu.externaltools.gnu-tools-for-stm32.9-2020-q2-update.win32_2.0.0.202105311346/tools/bin/../lib/gcc/arm-none-eabi/9.3.1/thumb/v7e-m+fp/hard/crti.o
                0x000000000800a448                _fini
 .fini          0x000000000800a44c        0x8 d:/stm32cubeide_1.7/stm32cubeide_1.7.0/stm32cubeide/plugins/com.st.stm32cube.ide.mcu.externaltools.gnu-tools-for-stm32.9-2020-q2-update.win32_2.0.0.202105311346/tools/bin/../lib/gcc/arm-none-eabi/9.3.1/thumb/v7e-m+fp/hard/crtn.o
                0x000000000800a454                . = ALIGN (0x4)
                0x000000000800a454                _etext = .

.vfp11_veneer   0x000000000800a454        0x0
 .vfp11_veneer  0x000000000800a454        0x0 linker stubs

.v4_bx          0x000000000800a454        0x0
 .v4_bx         0x000000000800a454        0x0 linker stubs

.iplt           0x000000000800a454        0x0
 .iplt          0x000000000800a454        0x0 d:/stm32cubeide_1.7/stm32cubeide_1.7.0/stm32cubeide/plugins/com.st.stm32cube.ide.mcu.externaltools.gnu-tools-for-stm32.9-2020-q2-update.win32_2.0.0.202105311346/tools/bin/../lib/gcc/arm-none-eabi/9.3.1/thumb/v7e-m+fp/hard/crtbegin.o

.rodata         0x000000000800a458     0x3228
                0x000000000800a458                . = ALIGN (0x4)
 *(.rodata)
 .rodata        0x000000000800a458       0x18 ./Core/Src/main.o
 .rodata        0x000000000800a470       0xe0 ./Core/Src/touch.o
 *(.rodata*)
 .rodata.ascii_1608
                0x000000000800a550      0x5f0 ./Core/Src/lcd.o
                0x000000000800a550                ascii_1608
 .rodata.ascii_2412
                0x000000000800ab40     0x11d0 ./Core/Src/lcd.o
                0x000000000800ab40                ascii_2412
 .rodata.ascii_3216
                0x000000000800bd10     0x17c0 ./Core/Src/lcd.o
                0x000000000800bd10                ascii_3216
 .rodata.AHBPrescTable
                0x000000000800d4d0       0x10 ./Core/Src/system_stm32f4xx.o
                0x000000000800d4d0                AHBPrescTable
 .rodata.APBPrescTable
                0x000000000800d4e0        0x8 ./Core/Src/system_stm32f4xx.o
                0x000000000800d4e0                APBPrescTable
 .rodata.flagBitshiftOffset.9221
                0x000000000800d4e8        0x8 ./Drivers/STM32F4xx_HAL_Driver/Src/stm32f4xx_hal_dma.o
 .rodata._global_impure_ptr
                0x000000000800d4f0        0x4 d:/stm32cubeide_1.7/stm32cubeide_1.7.0/stm32cubeide/plugins/com.st.stm32cube.ide.mcu.externaltools.gnu-tools-for-stm32.9-2020-q2-update.win32_2.0.0.202105311346/tools/bin/../lib/gcc/arm-none-eabi/9.3.1/../../../../arm-none-eabi/lib/thumb/v7e-m+fp/hard\libc_nano.a(lib_a-impure.o)
                0x000000000800d4f0                _global_impure_ptr
 .rodata.srand.str1.1
                0x000000000800d4f4       0x76 d:/stm32cubeide_1.7/stm32cubeide_1.7.0/stm32cubeide/plugins/com.st.stm32cube.ide.mcu.externaltools.gnu-tools-for-stm32.9-2020-q2-update.win32_2.0.0.202105311346/tools/bin/../lib/gcc/arm-none-eabi/9.3.1/../../../../arm-none-eabi/lib/thumb/v7e-m+fp/hard\libc_nano.a(lib_a-rand.o)
 .rodata.__assert_func.str1.1
                0x000000000800d56a       0x3c d:/stm32cubeide_1.7/stm32cubeide_1.7.0/stm32cubeide/plugins/com.st.stm32cube.ide.mcu.externaltools.gnu-tools-for-stm32.9-2020-q2-update.win32_2.0.0.202105311346/tools/bin/../lib/gcc/arm-none-eabi/9.3.1/../../../../arm-none-eabi/lib/thumb/v7e-m+fp/hard\libc_nano.a(lib_a-assert.o)
                                         0x3d (size before relaxing)
 .rodata._vfprintf_r.str1.1
                0x000000000800d5a6       0x11 d:/stm32cubeide_1.7/stm32cubeide_1.7.0/stm32cubeide/plugins/com.st.stm32cube.ide.mcu.externaltools.gnu-tools-for-stm32.9-2020-q2-update.win32_2.0.0.202105311346/tools/bin/../lib/gcc/arm-none-eabi/9.3.1/../../../../arm-none-eabi/lib/thumb/v7e-m+fp/hard\libc_nano.a(lib_a-nano-vfprintf.o)
 .rodata._printf_i.str1.1
                0x000000000800d5b7       0x22 d:/stm32cubeide_1.7/stm32cubeide_1.7.0/stm32cubeide/plugins/com.st.stm32cube.ide.mcu.externaltools.gnu-tools-for-stm32.9-2020-q2-update.win32_2.0.0.202105311346/tools/bin/../lib/gcc/arm-none-eabi/9.3.1/../../../../arm-none-eabi/lib/thumb/v7e-m+fp/hard\libc_nano.a(lib_a-nano-vfprintf_i.o)
 *fill*         0x000000000800d5d9        0x3 
 .rodata.__sf_fake_stderr
                0x000000000800d5dc       0x20 d:/stm32cubeide_1.7/stm32cubeide_1.7.0/stm32cubeide/plugins/com.st.stm32cube.ide.mcu.externaltools.gnu-tools-for-stm32.9-2020-q2-update.win32_2.0.0.202105311346/tools/bin/../lib/gcc/arm-none-eabi/9.3.1/../../../../arm-none-eabi/lib/thumb/v7e-m+fp/hard\libc_nano.a(lib_a-findfp.o)
                0x000000000800d5dc                __sf_fake_stderr
 .rodata.__sf_fake_stdin
                0x000000000800d5fc       0x20 d:/stm32cubeide_1.7/stm32cubeide_1.7.0/stm32cubeide/plugins/com.st.stm32cube.ide.mcu.externaltools.gnu-tools-for-stm32.9-2020-q2-update.win32_2.0.0.202105311346/tools/bin/../lib/gcc/arm-none-eabi/9.3.1/../../../../arm-none-eabi/lib/thumb/v7e-m+fp/hard\libc_nano.a(lib_a-findfp.o)
                0x000000000800d5fc                __sf_fake_stdin
 .rodata.__sf_fake_stdout
                0x000000000800d61c       0x20 d:/stm32cubeide_1.7/stm32cubeide_1.7.0/stm32cubeide/plugins/com.st.stm32cube.ide.mcu.externaltools.gnu-tools-for-stm32.9-2020-q2-update.win32_2.0.0.202105311346/tools/bin/../lib/gcc/arm-none-eabi/9.3.1/../../../../arm-none-eabi/lib/thumb/v7e-m+fp/hard\libc_nano.a(lib_a-findfp.o)
                0x000000000800d61c                __sf_fake_stdout
 .rodata.__ieee754_pow.str1.1
                0x000000000800d63c        0x1 d:/stm32cubeide_1.7/stm32cubeide_1.7.0/stm32cubeide/plugins/com.st.stm32cube.ide.mcu.externaltools.gnu-tools-for-stm32.9-2020-q2-update.win32_2.0.0.202105311346/tools/bin/../lib/gcc/arm-none-eabi/9.3.1/../../../../arm-none-eabi/lib/thumb/v7e-m+fp/hard\libm.a(lib_a-e_pow.o)
 *fill*         0x000000000800d63c        0x4 
 .rodata.bp     0x000000000800d640       0x10 d:/stm32cubeide_1.7/stm32cubeide_1.7.0/stm32cubeide/plugins/com.st.stm32cube.ide.mcu.externaltools.gnu-tools-for-stm32.9-2020-q2-update.win32_2.0.0.202105311346/tools/bin/../lib/gcc/arm-none-eabi/9.3.1/../../../../arm-none-eabi/lib/thumb/v7e-m+fp/hard\libm.a(lib_a-e_pow.o)
 .rodata.dp_h   0x000000000800d650       0x10 d:/stm32cubeide_1.7/stm32cubeide_1.7.0/stm32cubeide/plugins/com.st.stm32cube.ide.mcu.externaltools.gnu-tools-for-stm32.9-2020-q2-update.win32_2.0.0.202105311346/tools/bin/../lib/gcc/arm-none-eabi/9.3.1/../../../../arm-none-eabi/lib/thumb/v7e-m+fp/hard\libm.a(lib_a-e_pow.o)
 .rodata.dp_l   0x000000000800d660       0x10 d:/stm32cubeide_1.7/stm32cubeide_1.7.0/stm32cubeide/plugins/com.st.stm32cube.ide.mcu.externaltools.gnu-tools-for-stm32.9-2020-q2-update.win32_2.0.0.202105311346/tools/bin/../lib/gcc/arm-none-eabi/9.3.1/../../../../arm-none-eabi/lib/thumb/v7e-m+fp/hard\libm.a(lib_a-e_pow.o)
 .rodata.TWO52  0x000000000800d670       0x10 d:/stm32cubeide_1.7/stm32cubeide_1.7.0/stm32cubeide/plugins/com.st.stm32cube.ide.mcu.externaltools.gnu-tools-for-stm32.9-2020-q2-update.win32_2.0.0.202105311346/tools/bin/../lib/gcc/arm-none-eabi/9.3.1/../../../../arm-none-eabi/lib/thumb/v7e-m+fp/hard\libm.a(lib_a-s_rint.o)
                0x000000000800d680                . = ALIGN (0x4)

.ARM.extab      0x000000000800d680        0x0
                0x000000000800d680                . = ALIGN (0x4)
 *(.ARM.extab* .gnu.linkonce.armextab.*)
                0x000000000800d680                . = ALIGN (0x4)

.ARM            0x000000000800d680        0x8
                0x000000000800d680                . = ALIGN (0x4)
                0x000000000800d680                __exidx_start = .
 *(.ARM.exidx*)
 .ARM.exidx     0x000000000800d680        0x8 d:/stm32cubeide_1.7/stm32cubeide_1.7.0/stm32cubeide/plugins/com.st.stm32cube.ide.mcu.externaltools.gnu-tools-for-stm32.9-2020-q2-update.win32_2.0.0.202105311346/tools/bin/../lib/gcc/arm-none-eabi/9.3.1/thumb/v7e-m+fp/hard\libgcc.a(_udivmoddi4.o)
                0x000000000800d688                __exidx_end = .
                0x000000000800d688                . = ALIGN (0x4)

.rel.dyn        0x000000000800d688        0x0
 .rel.iplt      0x000000000800d688        0x0 d:/stm32cubeide_1.7/stm32cubeide_1.7.0/stm32cubeide/plugins/com.st.stm32cube.ide.mcu.externaltools.gnu-tools-for-stm32.9-2020-q2-update.win32_2.0.0.202105311346/tools/bin/../lib/gcc/arm-none-eabi/9.3.1/thumb/v7e-m+fp/hard/crtbegin.o

.preinit_array  0x000000000800d688        0x0
                0x000000000800d688                . = ALIGN (0x4)
                0x000000000800d688                PROVIDE (__preinit_array_start = .)
 *(.preinit_array*)
                0x000000000800d688                PROVIDE (__preinit_array_end = .)
                0x000000000800d688                . = ALIGN (0x4)

.init_array     0x000000000800d688        0x4
                0x000000000800d688                . = ALIGN (0x4)
                0x000000000800d688                PROVIDE (__init_array_start = .)
 *(SORT_BY_NAME(.init_array.*))
 *(.init_array*)
 .init_array    0x000000000800d688        0x4 d:/stm32cubeide_1.7/stm32cubeide_1.7.0/stm32cubeide/plugins/com.st.stm32cube.ide.mcu.externaltools.gnu-tools-for-stm32.9-2020-q2-update.win32_2.0.0.202105311346/tools/bin/../lib/gcc/arm-none-eabi/9.3.1/thumb/v7e-m+fp/hard/crtbegin.o
                0x000000000800d68c                PROVIDE (__init_array_end = .)
                0x000000000800d68c                . = ALIGN (0x4)

.fini_array     0x000000000800d68c        0x4
                0x000000000800d68c                . = ALIGN (0x4)
                [!provide]                        PROVIDE (__fini_array_start = .)
 *(SORT_BY_NAME(.fini_array.*))
 *(.fini_array*)
 .fini_array    0x000000000800d68c        0x4 d:/stm32cubeide_1.7/stm32cubeide_1.7.0/stm32cubeide/plugins/com.st.stm32cube.ide.mcu.externaltools.gnu-tools-for-stm32.9-2020-q2-update.win32_2.0.0.202105311346/tools/bin/../lib/gcc/arm-none-eabi/9.3.1/thumb/v7e-m+fp/hard/crtbegin.o
                [!provide]                        PROVIDE (__fini_array_end = .)
                0x000000000800d690                . = ALIGN (0x4)
                0x000000000800d690                _sidata = LOADADDR (.data)

.data           0x0000000020000000       0xb4 load address 0x000000000800d690
                0x0000000020000000                . = ALIGN (0x4)
                0x0000000020000000                _sdata = .
 *(.data)
 *(.data*)
 .data.led7seg  0x0000000020000000        0x4 ./Core/Src/led_7seg.o
                0x0000000020000000                led7seg
 .data.spi_buffer
                0x0000000020000004        0x2 ./Core/Src/led_7seg.o
                0x0000000020000004                spi_buffer
 .data.counter  0x0000000020000006        0x1 ./Core/Src/main.o
                0x0000000020000006                counter
 *fill*         0x0000000020000007        0x1 
 .data.SystemCoreClock
                0x0000000020000008        0x4 ./Core/Src/system_stm32f4xx.o
                0x0000000020000008                SystemCoreClock
 .data.tp_dev   0x000000002000000c       0x34 ./Core/Src/touch.o
                0x000000002000000c                tp_dev
 .data.CMD_RDX  0x0000000020000040        0x1 ./Core/Src/touch.o
                0x0000000020000040                CMD_RDX
 .data.CMD_RDY  0x0000000020000041        0x1 ./Core/Src/touch.o
                0x0000000020000041                CMD_RDY
 *fill*         0x0000000020000042        0x2 
 .data.uwTickPrio
                0x0000000020000044        0x4 ./Drivers/STM32F4xx_HAL_Driver/Src/stm32f4xx_hal.o
                0x0000000020000044                uwTickPrio
 .data.uwTickFreq
                0x0000000020000048        0x1 ./Drivers/STM32F4xx_HAL_Driver/Src/stm32f4xx_hal.o
                0x0000000020000048                uwTickFreq
 *fill*         0x0000000020000049        0x3 
 .data._impure_ptr
                0x000000002000004c        0x4 d:/stm32cubeide_1.7/stm32cubeide_1.7.0/stm32cubeide/plugins/com.st.stm32cube.ide.mcu.externaltools.gnu-tools-for-stm32.9-2020-q2-update.win32_2.0.0.202105311346/tools/bin/../lib/gcc/arm-none-eabi/9.3.1/../../../../arm-none-eabi/lib/thumb/v7e-m+fp/hard\libc_nano.a(lib_a-impure.o)
                0x000000002000004c                _impure_ptr
 .data.impure_data
                0x0000000020000050       0x60 d:/stm32cubeide_1.7/stm32cubeide_1.7.0/stm32cubeide/plugins/com.st.stm32cube.ide.mcu.externaltools.gnu-tools-for-stm32.9-2020-q2-update.win32_2.0.0.202105311346/tools/bin/../lib/gcc/arm-none-eabi/9.3.1/../../../../arm-none-eabi/lib/thumb/v7e-m+fp/hard\libc_nano.a(lib_a-impure.o)
 .data.__fdlib_version
                0x00000000200000b0        0x1 d:/stm32cubeide_1.7/stm32cubeide_1.7.0/stm32cubeide/plugins/com.st.stm32cube.ide.mcu.externaltools.gnu-tools-for-stm32.9-2020-q2-update.win32_2.0.0.202105311346/tools/bin/../lib/gcc/arm-none-eabi/9.3.1/../../../../arm-none-eabi/lib/thumb/v7e-m+fp/hard\libm.a(lib_a-s_lib_ver.o)
                0x00000000200000b0                __fdlib_version
 *(.RamFunc)
 *(.RamFunc*)
                0x00000000200000b4                . = ALIGN (0x4)
 *fill*         0x00000000200000b1        0x3 
                0x00000000200000b4                _edata = .
                0x000000000800d744                _siccmram = LOADADDR (.ccmram)

.igot.plt       0x00000000200000b4        0x0 load address 0x000000000800d744
 .igot.plt      0x00000000200000b4        0x0 d:/stm32cubeide_1.7/stm32cubeide_1.7.0/stm32cubeide/plugins/com.st.stm32cube.ide.mcu.externaltools.gnu-tools-for-stm32.9-2020-q2-update.win32_2.0.0.202105311346/tools/bin/../lib/gcc/arm-none-eabi/9.3.1/thumb/v7e-m+fp/hard/crtbegin.o

.ccmram         0x0000000010000000        0x0 load address 0x000000000800d744
                0x0000000010000000                . = ALIGN (0x4)
                0x0000000010000000                _sccmram = .
 *(.ccmram)
 *(.ccmram*)
                0x0000000010000000                . = ALIGN (0x4)
                0x0000000010000000                _eccmram = .
                0x0000000010000000                . = ALIGN (0x4)

.bss            0x00000000200000b4      0x568
                0x00000000200000b4                _sbss = .
                0x00000000200000b4                __bss_start__ = _sbss
 *(.bss)
 .bss           0x00000000200000b4       0x1c d:/stm32cubeide_1.7/stm32cubeide_1.7.0/stm32cubeide/plugins/com.st.stm32cube.ide.mcu.externaltools.gnu-tools-for-stm32.9-2020-q2-update.win32_2.0.0.202105311346/tools/bin/../lib/gcc/arm-none-eabi/9.3.1/thumb/v7e-m+fp/hard/crtbegin.o
 *(.bss*)
 .bss.FSMC_Initialized
                0x00000000200000d0        0x4 ./Core/Src/fsmc.o
 .bss.led7_index
                0x00000000200000d4        0x4 ./Core/Src/led_7seg.o
                0x00000000200000d4                led7_index
 .bss.clearNodeIdx
                0x00000000200000d8        0x1 ./Core/Src/main.o
                0x00000000200000d8                clearNodeIdx
 *fill*         0x00000000200000d9        0x1 
 .bss.flag_timer2
                0x00000000200000da        0x2 ./Core/Src/software_timer.o
                0x00000000200000da                flag_timer2
 .bss.timer2_counter
                0x00000000200000dc        0x2 ./Core/Src/software_timer.o
                0x00000000200000dc                timer2_counter
 .bss.timer2_MUL
                0x00000000200000de        0x2 ./Core/Src/software_timer.o
                0x00000000200000de                timer2_MUL
 .bss.__sbrk_heap_end
                0x00000000200000e0        0x4 ./Core/Src/sysmem.o
 .bss.__malloc_free_list
                0x00000000200000e4        0x4 d:/stm32cubeide_1.7/stm32cubeide_1.7.0/stm32cubeide/plugins/com.st.stm32cube.ide.mcu.externaltools.gnu-tools-for-stm32.9-2020-q2-update.win32_2.0.0.202105311346/tools/bin/../lib/gcc/arm-none-eabi/9.3.1/../../../../arm-none-eabi/lib/thumb/v7e-m+fp/hard\libc_nano.a(lib_a-nano-mallocr.o)
                0x00000000200000e4                __malloc_free_list
 .bss.__malloc_sbrk_start
                0x00000000200000e8        0x4 d:/stm32cubeide_1.7/stm32cubeide_1.7.0/stm32cubeide/plugins/com.st.stm32cube.ide.mcu.externaltools.gnu-tools-for-stm32.9-2020-q2-update.win32_2.0.0.202105311346/tools/bin/../lib/gcc/arm-none-eabi/9.3.1/../../../../arm-none-eabi/lib/thumb/v7e-m+fp/hard\libc_nano.a(lib_a-nano-mallocr.o)
                0x00000000200000e8                __malloc_sbrk_start
 *(COMMON)
 COMMON         0x00000000200000ec       0xa8 ./Core/Src/adc.o
                0x00000000200000ec                hadc1
                0x0000000020000134                hdma_adc1
 COMMON         0x0000000020000194       0x50 ./Core/Src/fsmc.o
                0x0000000020000194                hsram1
 COMMON         0x00000000200001e4       0x54 ./Core/Src/i2c.o
                0x00000000200001e4                hi2c1
 COMMON         0x0000000020000238       0x3a ./Core/Src/lcd.o
                0x0000000020000238                lcddev
                0x0000000020000240                s
 *fill*         0x0000000020000272        0x2 
 COMMON         0x0000000020000274      0x262 ./Core/Src/main.o
                0x0000000020000274                snake
                0x00000000200004d0                prey
 *fill*         0x00000000200004d6        0x2 
 COMMON         0x00000000200004d8       0x58 ./Core/Src/spi.o
                0x00000000200004d8                hspi1
 COMMON         0x0000000020000530       0xd8 ./Core/Src/tim.o
                0x0000000020000530                htim13
                0x0000000020000578                htim1
                0x00000000200005c0                htim2
 COMMON         0x0000000020000608        0x4 ./Drivers/STM32F4xx_HAL_Driver/Src/stm32f4xx_hal.o
                0x0000000020000608                uwTick
 COMMON         0x000000002000060c        0x9 d:/stm32cubeide_1.7/stm32cubeide_1.7.0/stm32cubeide/plugins/com.st.stm32cube.ide.mcu.externaltools.gnu-tools-for-stm32.9-2020-q2-update.win32_2.0.0.202105311346/tools/bin/../lib/gcc/arm-none-eabi/9.3.1/../../../../arm-none-eabi/lib/thumb/v7e-m+fp/hard\libc_nano.a(lib_a-lock.o)
                0x000000002000060c                __lock___atexit_recursive_mutex
                0x000000002000060d                __lock___arc4random_mutex
                0x000000002000060e                __lock___env_recursive_mutex
                0x000000002000060f                __lock___sinit_recursive_mutex
                0x0000000020000610                __lock___malloc_recursive_mutex
                0x0000000020000611                __lock___at_quick_exit_mutex
                0x0000000020000612                __lock___dd_hash_mutex
                0x0000000020000613                __lock___tz_mutex
                0x0000000020000614                __lock___sfp_recursive_mutex
 *fill*         0x0000000020000615        0x3 
 COMMON         0x0000000020000618        0x4 d:/stm32cubeide_1.7/stm32cubeide_1.7.0/stm32cubeide/plugins/com.st.stm32cube.ide.mcu.externaltools.gnu-tools-for-stm32.9-2020-q2-update.win32_2.0.0.202105311346/tools/bin/../lib/gcc/arm-none-eabi/9.3.1/../../../../arm-none-eabi/lib/thumb/v7e-m+fp/hard\libc_nano.a(lib_a-reent.o)
                0x0000000020000618                errno
                0x000000002000061c                . = ALIGN (0x4)
                0x000000002000061c                _ebss = .
                0x000000002000061c                __bss_end__ = _ebss

._user_heap_stack
                0x000000002000061c      0x604
                0x0000000020000620                . = ALIGN (0x8)
 *fill*         0x000000002000061c        0x4 
                [!provide]                        PROVIDE (end = .)
                0x0000000020000620                PROVIDE (_end = .)
                0x0000000020000820                . = (. + _Min_Heap_Size)
 *fill*         0x0000000020000620      0x200 
                0x0000000020000c20                . = (. + _Min_Stack_Size)
 *fill*         0x0000000020000820      0x400 
                0x0000000020000c20                . = ALIGN (0x8)

/DISCARD/
 libc.a(*)
 libm.a(*)
 libgcc.a(*)

.ARM.attributes
                0x0000000000000000       0x30
 *(.ARM.attributes)
 .ARM.attributes
                0x0000000000000000       0x1e d:/stm32cubeide_1.7/stm32cubeide_1.7.0/stm32cubeide/plugins/com.st.stm32cube.ide.mcu.externaltools.gnu-tools-for-stm32.9-2020-q2-update.win32_2.0.0.202105311346/tools/bin/../lib/gcc/arm-none-eabi/9.3.1/thumb/v7e-m+fp/hard/crti.o
 .ARM.attributes
                0x000000000000001e       0x34 d:/stm32cubeide_1.7/stm32cubeide_1.7.0/stm32cubeide/plugins/com.st.stm32cube.ide.mcu.externaltools.gnu-tools-for-stm32.9-2020-q2-update.win32_2.0.0.202105311346/tools/bin/../lib/gcc/arm-none-eabi/9.3.1/thumb/v7e-m+fp/hard/crtbegin.o
 .ARM.attributes
                0x0000000000000052       0x34 ./Core/Src/adc.o
 .ARM.attributes
                0x0000000000000086       0x34 ./Core/Src/at24c.o
 .ARM.attributes
                0x00000000000000ba       0x34 ./Core/Src/button.o
 .ARM.attributes
                0x00000000000000ee       0x34 ./Core/Src/dma.o
 .ARM.attributes
                0x0000000000000122       0x34 ./Core/Src/fsmc.o
 .ARM.attributes
                0x0000000000000156       0x34 ./Core/Src/gpio.o
 .ARM.attributes
                0x000000000000018a       0x34 ./Core/Src/i2c.o
 .ARM.attributes
                0x00000000000001be       0x34 ./Core/Src/lcd.o
 .ARM.attributes
                0x00000000000001f2       0x34 ./Core/Src/led_7seg.o
 .ARM.attributes
                0x0000000000000226       0x34 ./Core/Src/main.o
 .ARM.attributes
                0x000000000000025a       0x34 ./Core/Src/software_timer.o
 .ARM.attributes
                0x000000000000028e       0x34 ./Core/Src/spi.o
 .ARM.attributes
                0x00000000000002c2       0x34 ./Core/Src/stm32f4xx_hal_msp.o
 .ARM.attributes
                0x00000000000002f6       0x34 ./Core/Src/stm32f4xx_it.o
 .ARM.attributes
                0x000000000000032a       0x34 ./Core/Src/syscalls.o
 .ARM.attributes
                0x000000000000035e       0x34 ./Core/Src/sysmem.o
 .ARM.attributes
                0x0000000000000392       0x34 ./Core/Src/system_stm32f4xx.o
 .ARM.attributes
                0x00000000000003c6       0x34 ./Core/Src/tim.o
 .ARM.attributes
                0x00000000000003fa       0x34 ./Core/Src/touch.o
 .ARM.attributes
                0x000000000000042e       0x21 ./Core/Startup/startup_stm32f407zgtx.o
 .ARM.attributes
                0x000000000000044f       0x34 ./Drivers/STM32F4xx_HAL_Driver/Src/stm32f4xx_hal.o
 .ARM.attributes
                0x0000000000000483       0x34 ./Drivers/STM32F4xx_HAL_Driver/Src/stm32f4xx_hal_adc.o
 .ARM.attributes
                0x00000000000004b7       0x34 ./Drivers/STM32F4xx_HAL_Driver/Src/stm32f4xx_hal_cortex.o
 .ARM.attributes
                0x00000000000004eb       0x34 ./Drivers/STM32F4xx_HAL_Driver/Src/stm32f4xx_hal_dma.o
 .ARM.attributes
                0x000000000000051f       0x34 ./Drivers/STM32F4xx_HAL_Driver/Src/stm32f4xx_hal_gpio.o
 .ARM.attributes