Archive member included to satisfy reference by file (symbol)

d:/stm32cubeide_1.7/stm32cubeide_1.7.0/stm32cubeide/plugins/com.st.stm32cube.ide.mcu.externaltools.gnu-tools-for-stm32.9-2020-q2-update.win32_2.0.0.202105311346/tools/bin/../lib/gcc/arm-none-eabi/9.3.1/../../../../arm-none-eabi/lib/thumb/v7e-m+fp/hard\libc_nano.a(lib_a-errno.o)
                              ./Core/Src/syscalls.o (__errno)
d:/stm32cubeide_1.7/stm32cubeide_1.7.0/stm32cubeide/plugins/com.st.stm32cube.ide.mcu.externaltools.gnu-tools-for-stm32.9-2020-q2-update.win32_2.0.0.202105311346/tools/bin/../lib/gcc/arm-none-eabi/9.3.1/../../../../arm-none-eabi/lib/thumb/v7e-m+fp/hard\libc_nano.a(lib_a-exit.o)
                              d:/stm32cubeide_1.7/stm32cubeide_1.7.0/stm32cubeide/plugins/com.st.stm32cube.ide.mcu.externaltools.gnu-tools-for-stm32.9-2020-q2-update.win32_2.0.0.202105311346/tools/bin/../lib/gcc/arm-none-eabi/9.3.1/../../../../arm-none-eabi/lib/thumb/v7e-m+fp/hard/crt0.o (exit)
d:/stm32cubeide_1.7/stm32cubeide_1.7.0/stm32cubeide/plugins/com.st.stm32cube.ide.mcu.externaltools.gnu-tools-for-stm32.9-2020-q2-update.win32_2.0.0.202105311346/tools/bin/../lib/gcc/arm-none-eabi/9.3.1/../../../../arm-none-eabi/lib/thumb/v7e-m+fp/hard\libc_nano.a(lib_a-impure.o)
                              d:/stm32cubeide_1.7/stm32cubeide_1.7.0/stm32cubeide/plugins/com.st.stm32cube.ide.mcu.externaltools.gnu-tools-for-stm32.9-2020-q2-update.win32_2.0.0.202105311346/tools/bin/../lib/gcc/arm-none-eabi/9.3.1/../../../../arm-none-eabi/lib/thumb/v7e-m+fp/hard\libc_nano.a(lib_a-exit.o) (_global_impure_ptr)
d:/stm32cubeide_1.7/stm32cubeide_1.7.0/stm32cubeide/plugins/com.st.stm32cube.ide.mcu.externaltools.gnu-tools-for-stm32.9-2020-q2-update.win32_2.0.0.202105311346/tools/bin/../lib/gcc/arm-none-eabi/9.3.1/../../../../arm-none-eabi/lib/thumb/v7e-m+fp/hard\libc_nano.a(lib_a-init.o)
                              d:/stm32cubeide_1.7/stm32cubeide_1.7.0/stm32cubeide/plugins/com.st.stm32cube.ide.mcu.externaltools.gnu-tools-for-stm32.9-2020-q2-update.win32_2.0.0.202105311346/tools/bin/../lib/gcc/arm-none-eabi/9.3.1/../../../../arm-none-eabi/lib/thumb/v7e-m+fp/hard/crt0.o (__libc_init_array)
d:/stm32cubeide_1.7/stm32cubeide_1.7.0/stm32cubeide/plugins/com.st.stm32cube.ide.mcu.externaltools.gnu-tools-for-stm32.9-2020-q2-update.win32_2.0.0.202105311346/tools/bin/../lib/gcc/arm-none-eabi/9.3.1/../../../../arm-none-eabi/lib/thumb/v7e-m+fp/hard\libc_nano.a(lib_a-memcpy-stub.o)
                              ./Core/Src/main.o (memcpy)
d:/stm32cubeide_1.7/stm32cubeide_1.7.0/stm32cubeide/plugins/com.st.stm32cube.ide.mcu.externaltools.gnu-tools-for-stm32.9-2020-q2-update.win32_2.0.0.202105311346/tools/bin/../lib/gcc/arm-none-eabi/9.3.1/../../../../arm-none-eabi/lib/thumb/v7e-m+fp/hard\libc_nano.a(lib_a-memset.o)
                              d:/stm32cubeide_1.7/stm32cubeide_1.7.0/stm32cubeide/plugins/com.st.stm32cube.ide.mcu.externaltools.gnu-tools-for-stm32.9-2020-q2-update.win32_2.0.0.202105311346/tools/bin/../lib/gcc/arm-none-eabi/9.3.1/../../../../arm-none-eabi/lib/thumb/v7e-m+fp/hard/crt0.o (memset)
d:/stm32cubeide_1.7/stm32cubeide_1.7.0/stm32cubeide/plugins/com.st.stm32cube.ide.mcu.externaltools.gnu-tools-for-stm32.9-2020-q2-update.win32_2.0.0.202105311346/tools/bin/../lib/gcc/arm-none-eabi/9.3.1/../../../../arm-none-eabi/lib/thumb/v7e-m+fp/hard\libc_nano.a(lib_a-sprintf.o)
                              ./Core/Src/uart.o (sprintf)
d:/stm32cubeide_1.7/stm32cubeide_1.7.0/stm32cubeide/plugins/com.st.stm32cube.ide.mcu.externaltools.gnu-tools-for-stm32.9-2020-q2-update.win32_2.0.0.202105311346/tools/bin/../lib/gcc/arm-none-eabi/9.3.1/../../../../arm-none-eabi/lib/thumb/v7e-m+fp/hard\libc_nano.a(lib_a-strlen.o)
                              ./Core/Src/lcd.o (strlen)
d:/stm32cubeide_1.7/stm32cubeide_1.7.0/stm32cubeide/plugins/com.st.stm32cube.ide.mcu.externaltools.gnu-tools-for-stm32.9-2020-q2-update.win32_2.0.0.202105311346/tools/bin/../lib/gcc/arm-none-eabi/9.3.1/../../../../arm-none-eabi/lib/thumb/v7e-m+fp/hard\libc_nano.a(lib_a-nano-svfprintf.o)
                              d:/stm32cubeide_1.7/stm32cubeide_1.7.0/stm32cubeide/plugins/com.st.stm32cube.ide.mcu.externaltools.gnu-tools-for-stm32.9-2020-q2-update.win32_2.0.0.202105311346/tools/bin/../lib/gcc/arm-none-eabi/9.3.1/../../../../arm-none-eabi/lib/thumb/v7e-m+fp/hard\libc_nano.a(lib_a-sprintf.o) (_svfprintf_r)
d:/stm32cubeide_1.7/stm32cubeide_1.7.0/stm32cubeide/plugins/com.st.stm32cube.ide.mcu.externaltools.gnu-tools-for-stm32.9-2020-q2-update.win32_2.0.0.202105311346/tools/bin/../lib/gcc/arm-none-eabi/9.3.1/../../../../arm-none-eabi/lib/thumb/v7e-m+fp/hard\libc_nano.a(lib_a-nano-vfprintf_i.o)
[...]
Memory Configuration

Name             Origin             Length             Attributes
CCMRAM           0x0000000010000000 0x0000000000010000 xrw
RAM              0x0000000020000000 0x0000000000020000 xrw
FLASH            0x0000000008000000 0x0000000000100000 xr
*default*        0x0000000000000000 0xffffffffffffffff

Linker script and memory map

LOAD d:/stm32cubeide_1.7/stm32cubeide_1.7.0/stm32cubeide/plugins/com.st.stm32cube.ide.mcu.externaltools.gnu-tools-for-stm32.9-2020-q2-update.win32_2.0.0.202105311346/tools/bin/../lib/gcc/arm-none-eabi/9.3.1/thumb/v7e-m+fp/hard/crti.o
LOAD d:/stm32cubeide_1.7/stm32cubeide_1.7.0/stm32cubeide/plugins/com.st.stm32cube.ide.mcu.externaltools.gnu-tools-for-stm32.9-2020-q2-update.win32_2.0.0.202105311346/tools/bin/../lib/gcc/arm-none-eabi/9.3.1/thumb/v7e-m+fp/hard/crtbegin.o
LOAD d:/stm32cubeide_1.7/stm32cubeide_1.7.0/stm32cubeide/plugins/com.st.stm32cube.ide.mcu.externaltools.gnu-tools-for-stm32.9-2020-q2-update.win32_2.0.0.202105311346/tools/bin/../lib/gcc/arm-none-eabi/9.3.1/../../../../arm-none-eabi/lib/thumb/v7e-m+fp/hard/crt0.o
LOAD ./Core/Src/adc.o
LOAD ./Core/Src/at24c.o
LOAD ./Core/Src/button.o
LOAD ./Core/Src/buzzer.o
LOAD ./Core/Src/dma.o
LOAD ./Core/Src/ds3231.o
LOAD ./Core/Src/fsmc.o
LOAD ./Core/Src/gpio.o
LOAD ./Core/Src/i2c.o
LOAD ./Core/Src/lcd.o
LOAD ./Core/Src/led_7seg.o
LOAD ./Core/Src/light_control.o
LOAD ./Core/Src/main.o
LOAD ./Core/Src/picture.o
LOAD ./Core/Src/sensor.o
LOAD ./Core/Src/software_timer.o
LOAD ./Core/Src/spi.o
LOAD ./Core/Src/stm32f4xx_hal_msp.o
LOAD ./Core/Src/stm32f4xx_it.o
LOAD ./Core/Src/syscalls.o
LOAD ./Core/Src/sysmem.o
LOAD ./Core/Src/system_stm32f4xx.o
LOAD ./Core/Src/tim.o
LOAD ./Core/Src/touch.o
LOAD ./Core/Src/uart.o
LOAD ./Core/Src/usart.o
LOAD ./Core/Src/utils.o
LOAD ./Core/Startup/startup_stm32f407zgtx.o
LOAD ./Drivers/STM32F4xx_HAL_Driver/Src/stm32f4xx_hal.o
LOAD ./Drivers/STM32F4xx_HAL_Driver/Src/stm32f4xx_hal_adc.o
LOAD ./Drivers/STM32F4xx_HAL_Driver/Src/stm32f4xx_hal_adc_ex.o
LOAD ./Drivers/STM32F4xx_HAL_Driver/Src/stm32f4xx_hal_cortex.o
LOAD ./Drivers/STM32F4xx_HAL_Driver/Src/stm32f4xx_hal_dma.o
LOAD ./Drivers/STM32F4xx_HAL_Driver/Src/stm32f4xx_hal_dma_ex.o
LOAD ./Drivers/STM32F4xx_HAL_Driver/Src/stm32f4xx_hal_exti.o
LOAD ./Drivers/STM32F4xx_HAL_Driver/Src/stm32f4xx_hal_flash.o
LOAD ./Drivers/STM32F4xx_HAL_Driver/Src/stm32f4xx_hal_flash_ex.o
LOAD ./Drivers/STM32F4xx_HAL_Driver/Src/stm32f4xx_hal_flash_ramfunc.o
LOAD ./Drivers/STM32F4xx_HAL_Driver/Src/stm32f4xx_hal_gpio.o
LOAD ./Drivers/STM32F4xx_HAL_Driver/Src/stm32f4xx_hal_i2c.o
LOAD ./Drivers/STM32F4xx_HAL_Driver/Src/stm32f4xx_hal_i2c_ex.o
LOAD ./Drivers/STM32F4xx_HAL_Driver/Src/stm32f4xx_hal_pwr.o
LOAD ./Drivers/STM32F4xx_HAL_Driver/Src/stm32f4xx_hal_pwr_ex.o
LOAD ./Drivers/STM32F4xx_HAL_Driver/Src/stm32f4xx_hal_rcc.o
LOAD ./Drivers/STM32F4xx_HAL_Driver/Src/stm32f4xx_hal_rcc_ex.o
LOAD ./Drivers/STM32F4xx_HAL_Driver/Src/stm32f4xx_hal_spi.o
LOAD ./Drivers/STM32F4xx_HAL_Driver/Src/stm32f4xx_hal_sram.o
LOAD ./Drivers/STM32F4xx_HAL_Driver/Src/stm32f4xx_hal_tim.o
LOAD ./Drivers/STM32F4xx_HAL_Driver/Src/stm32f4xx_hal_tim_ex.o
LOAD ./Drivers/STM32F4xx_HAL_Driver/Src/stm32f4xx_hal_uart.o
LOAD ./Drivers/STM32F4xx_HAL_Driver/Src/stm32f4xx_ll_adc.o
LOAD ./Drivers/STM32F4xx_HAL_Driver/Src/stm32f4xx_ll_fsmc.o
START GROUP
LOAD d:/stm32cubeide_1.7/stm32cubeide_1.7.0/stm32cubeide/plugins/com.st.stm32cube.ide.mcu.externaltools.gnu-tools-for-stm32.9-2020-q2-update.win32_2.0.0.202105311346/tools/bin/../lib/gcc/arm-none-eabi/9.3.1/../../../../arm-none-eabi/lib/thumb/v7e-m+fp/hard\libc_nano.a
LOAD d:/stm32cubeide_1.7/stm32cubeide_1.7.0/stm32cubeide/plugins/com.st.stm32cube.ide.mcu.externaltools.gnu-tools-for-stm32.9-2020-q2-update.win32_2.0.0.202105311346/tools/bin/../lib/gcc/arm-none-eabi/9.3.1/../../../../arm-none-eabi/lib/thumb/v7e-m+fp/hard\libm.a
END GROUP
START GROUP
LOAD d:/stm32cubeide_1.7/stm32cubeide_1.7.0/stm32cubeide/plugins/com.st.stm32cube.ide.mcu.externaltools.gnu-tools-for-stm32.9-2020-q2-update.win32_2.0.0.202105311346/tools/bin/../lib/gcc/arm-none-eabi/9.3.1/thumb/v7e-m+fp/hard\libgcc.a
LOAD d:/stm32cubeide_1.7/stm32cubeide_1.7.0/stm32cubeide/plugins/com.st.stm32cube.ide.mcu.externaltools.gnu-tools-for-stm32.9-2020-q2-update.win32_2.0.0.202105311346/tools/bin/../lib/gcc/arm-none-eabi/9.3.1/../../../../arm-none-eabi/lib/thumb/v7e-m+fp/hard\libc_nano.a
END GROUP
START GROUP
LOAD d:/stm32cubeide_1.7/stm32cubeide_1.7.0/stm32cubeide/plugins/com.st.stm32cube.ide.mcu.externaltools.gnu-tools-for-stm32.9-2020-q2-update.win32_2.0.0.202105311346/tools/bin/../lib/gcc/arm-none-eabi/9.3.1/thumb/v7e-m+fp/hard\libgcc.a
LOAD d:/stm32cubeide_1.7/stm32cubeide_1.7.0/stm32cubeide/plugins/com.st.stm32cube.ide.mcu.externaltools.gnu-tools-for-stm32.9-2020-q2-update.win32_2.0.0.202105311346/tools/bin/../lib/gcc/arm-none-eabi/9.3.1/../../../../arm-none-eabi/lib/thumb/v7e-m+fp/hard\libc_nano.a
LOAD d:/stm32cubeide_1.7/stm32cubeide_1.7.0/stm32cubeide/plugins/com.st.stm32cube.ide.mcu.externaltools.gnu-tools-for-stm32.9-2020-q2-update.win32_2.0.0.202105311346/tools/bin/../lib/gcc/arm-none-eabi/9.3.1/../../../../arm-none-eabi/lib/thumb/v7e-m+fp/hard\libnosys.a
END GROUP
START GROUP
LOAD d:/stm32cubeide_1.7/stm32cubeide_1.7.0/stm32cubeide/plugins/com.st.stm32cube.ide.mcu.externaltools.gnu-tools-for-stm32.9-2020-q2-update.win32_2.0.0.202105311346/tools/bin/../lib/gcc/arm-none-eabi/9.3.1/thumb/v7e-m+fp/hard\libgcc.a
LOAD d:/stm32cubeide_1.7/stm32cubeide_1.7.0/stm32cubeide/plugins/com.st.stm32cube.ide.mcu.externaltools.gnu-tools-for-stm32.9-2020-q2-update.win32_2.0.0.202105311346/tools/bin/../lib/gcc/arm-none-eabi/9.3.1/../../../../arm-none-eabi/lib/thumb/v7e-m+fp/hard\libc_nano.a
LOAD d:/stm32cubeide_1.7/stm32cubeide_1.7.0/stm32cubeide/plugins/com.st.stm32cube.ide.mcu.externaltools.gnu-tools-for-stm32.9-2020-q2-update.win32_2.0.0.202105311346/tools/bin/../lib/gcc/arm-none-eabi/9.3.1/../../../../arm-none-eabi/lib/thumb/v7e-m+fp/hard\libnosys.a
END GROUP
LOAD d:/stm32cubeide_1.7/stm32cubeide_1.7.0/stm32cubeide/plugins/com.st.stm32cube.ide.mcu.externaltools.gnu-tools-for-stm32.9-2020-q2-update.win32_2.0.0.202105311346/tools/bin/../lib/gcc/arm-none-eabi/9.3.1/thumb/v7e-m+fp/hard/crtend.o
LOAD d:/stm32cubeide_1.7/stm32cubeide_1.7.0/stm32cubeide/plugins/com.st.stm32cube.ide.mcu.externaltools.gnu-tools-for-stm32.9-2020-q2-update.win32_2.0.0.202105311346/tools/bin/../lib/gcc/arm-none-eabi/9.3.1/thumb/v7e-m+fp/hard/crtn.o
                0x0000000020020000                _estack = (ORIGIN (RAM) + LENGTH (RAM))
                0x0000000000000200                _Min_Heap_Size = 0x200
                0x0000000000000400                _Min_Stack_Size = 0x400

.isr_vector     0x0000000008000000      0x188
                0x0000000008000000                . = ALIGN (0x4)
 *(.isr_vector)
 .isr_vector    0x0000000008000000      0x188 ./Core/Startup/startup_stm32f407zgtx.o
                0x0000000008000000                g_pfnVectors
                0x0000000008000188                . = ALIGN (0x4)

.text           0x0000000008000188     0x6894
                0x0000000008000188                . = ALIGN (0x4)
 *(.text)
 .text          0x0000000008000188       0x40 d:/stm32cubeide_1.7/stm32cubeide_1.7.0/stm32cubeide/plugins/com.st.stm32cube.ide.mcu.externaltools.gnu-tools-for-stm32.9-2020-q2-update.win32_2.0.0.202105311346/tools/bin/../lib/gcc/arm-none-eabi/9.3.1/thumb/v7e-m+fp/hard/crtbegin.o
 .text          0x00000000080001c8       0x30 d:/stm32cubeide_1.7/stm32cubeide_1.7.0/stm32cubeide/plugins/com.st.stm32cube.ide.mcu.externaltools.gnu-tools-for-stm32.9-2020-q2-update.win32_2.0.0.202105311346/tools/bin/../lib/gcc/arm-none-eabi/9.3.1/thumb/v7e-m+fp/hard\libgcc.a(_aeabi_uldivmod.o)
                0x00000000080001c8                __aeabi_uldivmod
 .text          0x00000000080001f8      0x2c4 d:/stm32cubeide_1.7/stm32cubeide_1.7.0/stm32cubeide/plugins/com.st.stm32cube.ide.mcu.externaltools.gnu-tools-for-stm32.9-2020-q2-update.win32_2.0.0.202105311346/tools/bin/../lib/gcc/arm-none-eabi/9.3.1/thumb/v7e-m+fp/hard\libgcc.a(_udivmoddi4.o)
                0x00000000080001f8                __udivmoddi4
 .text          0x00000000080004bc        0x4 d:/stm32cubeide_1.7/stm32cubeide_1.7.0/stm32cubeide/plugins/com.st.stm32cube.ide.mcu.externaltools.gnu-tools-for-stm32.9-2020-q2-update.win32_2.0.0.202105311346/tools/bin/../lib/gcc/arm-none-eabi/9.3.1/thumb/v7e-m+fp/hard\libgcc.a(_dvmd_tls.o)
                0x00000000080004bc                __aeabi_idiv0
                0x00000000080004bc                __aeabi_ldiv0
 *(.text*)
 .text.MX_ADC1_Init
                0x00000000080004c0      0x114 ./Core/Src/adc.o
                0x00000000080004c0                MX_ADC1_Init
 .text.HAL_ADC_MspInit
                0x00000000080005d4      0x128 ./Core/Src/adc.o
                0x00000000080005d4                HAL_ADC_MspInit
 .text.MX_DMA_Init
                0x00000000080006fc       0x40 ./Core/Src/dma.o
                0x00000000080006fc                MX_DMA_Init
 .text.MX_FSMC_Init
                0x000000000800073c       0xf4 ./Core/Src/fsmc.o
                0x000000000800073c                MX_FSMC_Init
 .text.HAL_FSMC_MspInit
                0x0000000008000830       0x98 ./Core/Src/fsmc.o
 .text.HAL_SRAM_MspInit
                0x00000000080008c8       0x14 ./Core/Src/fsmc.o
                0x00000000080008c8                HAL_SRAM_MspInit
 .text.MX_GPIO_Init
                0x00000000080008dc      0x274 ./Core/Src/gpio.o
                0x00000000080008dc                MX_GPIO_Init
 .text.MX_I2C1_Init
                0x0000000008000b50       0x5c ./Core/Src/i2c.o
                0x0000000008000b50                MX_I2C1_Init
 .text.HAL_I2C_MspInit
                0x0000000008000bac       0x90 ./Core/Src/i2c.o
                0x0000000008000bac                HAL_I2C_MspInit
 .text.LCD_WR_REG
                0x0000000008000c3c       0x20 ./Core/Src/lcd.o
                0x0000000008000c3c                LCD_WR_REG
 .text.LCD_WR_DATA
                0x0000000008000c5c       0x20 ./Core/Src/lcd.o
 .text.LCD_RD_DATA
                0x0000000008000c7c       0x24 ./Core/Src/lcd.o
 .text.lcd_AddressSet
                0x0000000008000ca0       0x98 ./Core/Src/lcd.o
                0x0000000008000ca0                lcd_AddressSet
 .text.lcd_DrawPoint
                0x0000000008000d38       0x2e ./Core/Src/lcd.o
                0x0000000008000d38                lcd_DrawPoint
 *fill*         0x0000000008000d66        0x2 
 .text.lcd_ShowChar
                0x0000000008000d68      0x1a0 ./Core/Src/lcd.o
                0x0000000008000d68                lcd_ShowChar
 .text.mypow    0x0000000008000f08       0x38 ./Core/Src/lcd.o
                0x0000000008000f08                mypow
 .text.lcd_ShowFloatNum
                0x0000000008000f40      0x110 ./Core/Src/lcd.o
                0x0000000008000f40                lcd_ShowFloatNum
 .text.lcd_SetDir
                0x0000000008001050       0x48 ./Core/Src/lcd.o
                0x0000000008001050                lcd_SetDir
 .text.lcd_init
                0x0000000008001098      0x2c0 ./Core/Src/lcd.o
                0x0000000008001098                lcd_init
 .text.lcd_ShowStr
                0x0000000008001358       0xc8 ./Core/Src/lcd.o
                0x0000000008001358                lcd_ShowStr
 .text.led7_Scan
                0x0000000008001420      0x118 ./Core/Src/led_7seg.o
                0x0000000008001420                led7_Scan
 .text.main     0x0000000008001538       0xa0 ./Core/Src/main.o
                0x0000000008001538                main
 .text.SystemClock_Config
                0x00000000080015d8       0xd4 ./Core/Src/main.o
                0x00000000080015d8                SystemClock_Config
 .text.system_init
                0x00000000080016ac       0x1e ./Core/Src/main.o
                0x00000000080016ac                system_init
 *fill*         0x00000000080016ca        0x2 
 .text.read_temperature
                0x00000000080016cc       0xbc ./Core/Src/main.o
                0x00000000080016cc                read_temperature
 .text.Error_Handler
                0x0000000008001788        0xa ./Core/Src/main.o
                0x0000000008001788                Error_Handler
 *fill*         0x0000000008001792        0x2 
 .text.sensor_init
                0x0000000008001794       0x1c ./Core/Src/sensor.o
                0x0000000008001794                sensor_init
 .text.sensor_Read
                0x00000000080017b0       0x1c ./Core/Src/sensor.o
                0x00000000080017b0                sensor_Read
 .text.sensor_GetTemperature
                0x00000000080017cc       0x3c ./Core/Src/sensor.o
                0x00000000080017cc                sensor_GetTemperature
 .text.timer_init
                0x0000000008001808       0x1c ./Core/Src/software_timer.o
                0x0000000008001808                timer_init
 .text.setTimer2
                0x0000000008001824       0x38 ./Core/Src/software_timer.o
                0x0000000008001824                setTimer2
 .text.HAL_TIM_PeriodElapsedCallback
                0x000000000800185c       0x54 ./Core/Src/software_timer.o
                0x000000000800185c                HAL_TIM_PeriodElapsedCallback
 .text.MX_SPI1_Init
                0x00000000080018b0       0x6c ./Core/Src/spi.o
                0x00000000080018b0                MX_SPI1_Init
 .text.HAL_SPI_MspInit
                0x000000000800191c       0x90 ./Core/Src/spi.o
                0x000000000800191c                HAL_SPI_MspInit
 .text.HAL_MspInit
                0x00000000080019ac       0x50 ./Core/Src/stm32f4xx_hal_msp.o
                0x00000000080019ac                HAL_MspInit
 .text.NMI_Handler
                0x00000000080019fc        0x6 ./Core/Src/stm32f4xx_it.o
                0x00000000080019fc                NMI_Handler
 .text.HardFault_Handler
                0x0000000008001a02        0x6 ./Core/Src/stm32f4xx_it.o
                0x0000000008001a02                HardFault_Handler
 .text.MemManage_Handler
                0x0000000008001a08        0x6 ./Core/Src/stm32f4xx_it.o
                0x0000000008001a08                MemManage_Handler
 .text.BusFault_Handler
                0x0000000008001a0e        0x6 ./Core/Src/stm32f4xx_it.o
                0x0000000008001a0e                BusFault_Handler
 .text.UsageFault_Handler
                0x0000000008001a14        0x6 ./Core/Src/stm32f4xx_it.o
                0x0000000008001a14                UsageFault_Handler
 .text.SVC_Handler
                0x0000000008001a1a        0xe ./Core/Src/stm32f4xx_it.o
                0x0000000008001a1a                SVC_Handler
 .text.DebugMon_Handler
                0x0000000008001a28        0xe ./Core/Src/stm32f4xx_it.o
                0x0000000008001a28                DebugMon_Handler
 .text.PendSV_Handler
                0x0000000008001a36        0xe ./Core/Src/stm32f4xx_it.o
                0x0000000008001a36                PendSV_Handler
 .text.SysTick_Handler
                0x0000000008001a44        0xc ./Core/Src/stm32f4xx_it.o
                0x0000000008001a44                SysTick_Handler
 .text.TIM2_IRQHandler
                0x0000000008001a50       0x14 ./Core/Src/stm32f4xx_it.o
                0x0000000008001a50                TIM2_IRQHandler
 .text.USART1_IRQHandler
                0x0000000008001a64       0x14 ./Core/Src/stm32f4xx_it.o
                0x0000000008001a64                USART1_IRQHandler
 .text.USART2_IRQHandler
                0x0000000008001a78       0x14 ./Core/Src/stm32f4xx_it.o
                0x0000000008001a78                USART2_IRQHandler
 .text.DMA2_Stream0_IRQHandler
                0x0000000008001a8c       0x14 ./Core/Src/stm32f4xx_it.o
                0x0000000008001a8c                DMA2_Stream0_IRQHandler
 .text.SystemInit
                0x0000000008001aa0       0x24 ./Core/Src/system_stm32f4xx.o
                0x0000000008001aa0                SystemInit
 .text.MX_TIM1_Init
                0x0000000008001ac4       0xa0 ./Core/Src/tim.o
                0x0000000008001ac4                MX_TIM1_Init
 .text.MX_TIM2_Init
                0x0000000008001b64       0x98 ./Core/Src/tim.o
                0x0000000008001b64                MX_TIM2_Init
 .text.MX_TIM13_Init
                0x0000000008001bfc       0x9c ./Core/Src/tim.o
                0x0000000008001bfc                MX_TIM13_Init
 .text.HAL_TIM_Base_MspInit
                0x0000000008001c98       0xa4 ./Core/Src/tim.o
                0x0000000008001c98                HAL_TIM_Base_MspInit
 .text.HAL_TIM_MspPostInit
                0x0000000008001d3c       0x74 ./Core/Src/tim.o
                0x0000000008001d3c                HAL_TIM_MspPostInit
 .text.uart_init_esp
                0x0000000008001db0       0x2c ./Core/Src/uart.o
                0x0000000008001db0                uart_init_esp
 .text.uart_EspSendBytes
                0x0000000008001ddc       0x24 ./Core/Src/uart.o
                0x0000000008001ddc                uart_EspSendBytes
 .text.HAL_UART_RxCpltCallback
                0x0000000008001e00       0x94 ./Core/Src/uart.o
                0x0000000008001e00                HAL_UART_RxCpltCallback
 .text.uart_EspCheck
                0x0000000008001e94       0x20 ./Core/Src/uart.o
                0x0000000008001e94                uart_EspCheck
 .text.MX_USART1_UART_Init
                0x0000000008001eb4       0x54 ./Core/Src/usart.o
                0x0000000008001eb4                MX_USART1_UART_Init
 .text.MX_USART2_UART_Init
                0x0000000008001f08       0x54 ./Core/Src/usart.o
                0x0000000008001f08                MX_USART2_UART_Init
 .text.HAL_UART_MspInit
                0x0000000008001f5c      0x118 ./Core/Src/usart.o
                0x0000000008001f5c                HAL_UART_MspInit
 .text.Reset_Handler
                0x0000000008002074       0x50 ./Core/Startup/startup_stm32f407zgtx.o
                0x0000000008002074                Reset_Handler
 .text.Default_Handler
                0x00000000080020c4        0x2 ./Core/Startup/startup_stm32f407zgtx.o
                0x00000000080020c4                RTC_Alarm_IRQHandler
                0x00000000080020c4                HASH_RNG_IRQHandler
                0x00000000080020c4                EXTI2_IRQHandler
                0x00000000080020c4                TIM8_CC_IRQHandler
                0x00000000080020c4                TIM1_CC_IRQHandler
                0x00000000080020c4                DMA2_Stream5_IRQHandler
                0x00000000080020c4                DMA1_Stream5_IRQHandler
                0x00000000080020c4                PVD_IRQHandler
                0x00000000080020c4                SDIO_IRQHandler
                0x00000000080020c4                TAMP_STAMP_IRQHandler
                0x00000000080020c4                CAN2_RX1_IRQHandler
                0x00000000080020c4                EXTI3_IRQHandler
                0x00000000080020c4                TIM8_TRG_COM_TIM14_IRQHandler
                0x00000000080020c4                TIM1_UP_TIM10_IRQHandler
                0x00000000080020c4                TIM8_UP_TIM13_IRQHandler
                0x00000000080020c4                I2C3_ER_IRQHandler
                0x00000000080020c4                EXTI0_IRQHandler
                0x00000000080020c4                I2C2_EV_IRQHandler
                0x00000000080020c4                DMA1_Stream2_IRQHandler
                0x00000000080020c4                CAN1_RX0_IRQHandler
                0x00000000080020c4                FPU_IRQHandler
                0x00000000080020c4                OTG_HS_WKUP_IRQHandler
                0x00000000080020c4                CAN2_SCE_IRQHandler
                0x00000000080020c4                DMA2_Stream2_IRQHandler
                0x00000000080020c4                SPI1_IRQHandler
                0x00000000080020c4                TIM6_DAC_IRQHandler
                0x00000000080020c4                TIM1_BRK_TIM9_IRQHandler
                0x00000000080020c4                DCMI_IRQHandler
                0x00000000080020c4                CAN2_RX0_IRQHandler
                0x00000000080020c4                DMA2_Stream3_IRQHandler
                0x00000000080020c4                USART6_IRQHandler
                0x00000000080020c4                USART3_IRQHandler
                0x00000000080020c4                CAN1_RX1_IRQHandler
                0x00000000080020c4                UART5_IRQHandler
                0x00000000080020c4                TIM4_IRQHandler
                0x00000000080020c4                I2C1_EV_IRQHandler
                0x00000000080020c4                DMA1_Stream6_IRQHandler
                0x00000000080020c4                DMA1_Stream1_IRQHandler
                0x00000000080020c4                UART4_IRQHandler
                0x00000000080020c4                TIM3_IRQHandler
                0x00000000080020c4                RCC_IRQHandler
                0x00000000080020c4                TIM8_BRK_TIM12_IRQHandler
                0x00000000080020c4                Default_Handler
                0x00000000080020c4                EXTI15_10_IRQHandler
                0x00000000080020c4                ADC_IRQHandler
                0x00000000080020c4                DMA1_Stream7_IRQHandler
                0x00000000080020c4                TIM7_IRQHandler
                0x00000000080020c4                CAN2_TX_IRQHandler
                0x00000000080020c4                TIM5_IRQHandler
                0x00000000080020c4                DMA2_Stream7_IRQHandler
                0x00000000080020c4                I2C3_EV_IRQHandler
                0x00000000080020c4                EXTI9_5_IRQHandler
                0x00000000080020c4                RTC_WKUP_IRQHandler
                0x00000000080020c4                ETH_WKUP_IRQHandler
                0x00000000080020c4                SPI2_IRQHandler
                0x00000000080020c4                OTG_HS_EP1_IN_IRQHandler
                0x00000000080020c4                DMA1_Stream0_IRQHandler
                0x00000000080020c4                CAN1_TX_IRQHandler
                0x00000000080020c4                EXTI4_IRQHandler
                0x00000000080020c4                FSMC_IRQHandler
                0x00000000080020c4                ETH_IRQHandler
                0x00000000080020c4                OTG_HS_EP1_OUT_IRQHandler
                0x00000000080020c4                WWDG_IRQHandler
                0x00000000080020c4                OTG_FS_WKUP_IRQHandler
                0x00000000080020c4                TIM1_TRG_COM_TIM11_IRQHandler
                0x00000000080020c4                OTG_HS_IRQHandler
                0x00000000080020c4                EXTI1_IRQHandler
                0x00000000080020c4                I2C2_ER_IRQHandler
                0x00000000080020c4                DMA2_Stream1_IRQHandler
                0x00000000080020c4                CAN1_SCE_IRQHandler
                0x00000000080020c4                FLASH_IRQHandler
                0x00000000080020c4                DMA2_Stream4_IRQHandler
                0x00000000080020c4                OTG_FS_IRQHandler
                0x00000000080020c4                SPI3_IRQHandler
                0x00000000080020c4                DMA1_Stream4_IRQHandler
                0x00000000080020c4                I2C1_ER_IRQHandler
                0x00000000080020c4                DMA2_Stream6_IRQHandler
                0x00000000080020c4                DMA1_Stream3_IRQHandler
 *fill*         0x00000000080020c6        0x2 
 .text.HAL_Init
                0x00000000080020c8       0x44 ./Drivers/STM32F4xx_HAL_Driver/Src/stm32f4xx_hal.o
                0x00000000080020c8                HAL_Init
 .text.HAL_InitTick
                0x000000000800210c       0x60 ./Drivers/STM32F4xx_HAL_Driver/Src/stm32f4xx_hal.o
                0x000000000800210c                HAL_InitTick
 .text.HAL_IncTick
                0x000000000800216c       0x28 ./Drivers/STM32F4xx_HAL_Driver/Src/stm32f4xx_hal.o
                0x000000000800216c                HAL_IncTick
 .text.HAL_GetTick
                0x0000000008002194       0x18 ./Drivers/STM32F4xx_HAL_Driver/Src/stm32f4xx_hal.o
                0x0000000008002194                HAL_GetTick
 .text.HAL_Delay
                0x00000000080021ac       0x48 ./Drivers/STM32F4xx_HAL_Driver/Src/stm32f4xx_hal.o
                0x00000000080021ac                HAL_Delay
 .text.HAL_ADC_Init
                0x00000000080021f4       0x86 ./Drivers/STM32F4xx_HAL_Driver/Src/stm32f4xx_hal_adc.o
                0x00000000080021f4                HAL_ADC_Init
 *fill*         0x000000000800227a        0x2 
 .text.HAL_ADC_Start_DMA
                0x000000000800227c      0x220 ./Drivers/STM32F4xx_HAL_Driver/Src/stm32f4xx_hal_adc.o
                0x000000000800227c                HAL_ADC_Start_DMA
 .text.HAL_ADC_ConvCpltCallback
                0x000000000800249c       0x14 ./Drivers/STM32F4xx_HAL_Driver/Src/stm32f4xx_hal_adc.o
                0x000000000800249c                HAL_ADC_ConvCpltCallback
 .text.HAL_ADC_ConvHalfCpltCallback
                0x00000000080024b0       0x14 ./Drivers/STM32F4xx_HAL_Driver/Src/stm32f4xx_hal_adc.o
                0x00000000080024b0                HAL_ADC_ConvHalfCpltCallback
 .text.HAL_ADC_ErrorCallback
                0x00000000080024c4       0x14 ./Drivers/STM32F4xx_HAL_Driver/Src/stm32f4xx_hal_adc.o
                0x00000000080024c4                HAL_ADC_ErrorCallback
 .text.HAL_ADC_ConfigChannel
                0x00000000080024d8      0x244 ./Drivers/STM32F4xx_HAL_Driver/Src/stm32f4xx_hal_adc.o
                0x00000000080024d8                HAL_ADC_ConfigChannel
 .text.ADC_Init
                0x000000000800271c      0x1f8 ./Drivers/STM32F4xx_HAL_Driver/Src/stm32f4xx_hal_adc.o
 .text.ADC_DMAConvCplt
                0x0000000008002914       0xba ./Drivers/STM32F4xx_HAL_Driver/Src/stm32f4xx_hal_adc.o
 .text.ADC_DMAHalfConvCplt
                0x00000000080029ce       0x1c ./Drivers/STM32F4xx_HAL_Driver/Src/stm32f4xx_hal_adc.o
 .text.ADC_DMAError
                0x00000000080029ea       0x2e ./Drivers/STM32F4xx_HAL_Driver/Src/stm32f4xx_hal_adc.o
 .text.__NVIC_SetPriorityGrouping
                0x0000000008002a18       0x48 ./Drivers/STM32F4xx_HAL_Driver/Src/stm32f4xx_hal_cortex.o
 .text.__NVIC_GetPriorityGrouping
                0x0000000008002a60       0x1c ./Drivers/STM32F4xx_HAL_Driver/Src/stm32f4xx_hal_cortex.o
 .text.__NVIC_EnableIRQ
                0x0000000008002a7c       0x3c ./Drivers/STM32F4xx_HAL_Driver/Src/stm32f4xx_hal_cortex.o
 .text.__NVIC_SetPriority
                0x0000000008002ab8       0x54 ./Drivers/STM32F4xx_HAL_Driver/Src/stm32f4xx_hal_cortex.o
 .text.NVIC_EncodePriority
                0x0000000008002b0c       0x66 ./Drivers/STM32F4xx_HAL_Driver/Src/stm32f4xx_hal_cortex.o
 *fill*         0x0000000008002b72        0x2 
 .text.SysTick_Config
                0x0000000008002b74       0x44 ./Drivers/STM32F4xx_HAL_Driver/Src/stm32f4xx_hal_cortex.o
 .text.HAL_NVIC_SetPriorityGrouping
                0x0000000008002bb8       0x16 ./Drivers/STM32F4xx_HAL_Driver/Src/stm32f4xx_hal_cortex.o
                0x0000000008002bb8                HAL_NVIC_SetPriorityGrouping
 .text.HAL_NVIC_SetPriority
                0x0000000008002bce       0x38 ./Drivers/STM32F4xx_HAL_Driver/Src/stm32f4xx_hal_cortex.o
                0x0000000008002bce                HAL_NVIC_SetPriority
 .text.HAL_NVIC_EnableIRQ
                0x0000000008002c06       0x1c ./Drivers/STM32F4xx_HAL_Driver/Src/stm32f4xx_hal_cortex.o
                0x0000000008002c06                HAL_NVIC_EnableIRQ
 .text.HAL_SYSTICK_Config
                0x0000000008002c22       0x18 ./Drivers/STM32F4xx_HAL_Driver/Src/stm32f4xx_hal_cortex.o
                0x0000000008002c22                HAL_SYSTICK_Config
 *fill*         0x0000000008002c3a        0x2 
 .text.HAL_DMA_Init
                0x0000000008002c3c      0x15c ./Drivers/STM32F4xx_HAL_Driver/Src/stm32f4xx_hal_dma.o
                0x0000000008002c3c                HAL_DMA_Init
 .text.HAL_DMA_Start_IT
                0x0000000008002d98       0xb0 ./Drivers/STM32F4xx_HAL_Driver/Src/stm32f4xx_hal_dma.o
                0x0000000008002d98                HAL_DMA_Start_IT
 .text.HAL_DMA_Abort
                0x0000000008002e48       0xe0 ./Drivers/STM32F4xx_HAL_Driver/Src/stm32f4xx_hal_dma.o
                0x0000000008002e48                HAL_DMA_Abort
 .text.HAL_DMA_Abort_IT
                0x0000000008002f28       0x44 ./Drivers/STM32F4xx_HAL_Driver/Src/stm32f4xx_hal_dma.o
                0x0000000008002f28                HAL_DMA_Abort_IT
 .text.HAL_DMA_IRQHandler
                0x0000000008002f6c      0x314 ./Drivers/STM32F4xx_HAL_Driver/Src/stm32f4xx_hal_dma.o
                0x0000000008002f6c                HAL_DMA_IRQHandler
 .text.DMA_SetConfig
                0x0000000008003280       0x5c ./Drivers/STM32F4xx_HAL_Driver/Src/stm32f4xx_hal_dma.o
 .text.DMA_CalcBaseAndBitshift
                0x00000000080032dc       0x6c ./Drivers/STM32F4xx_HAL_Driver/Src/stm32f4xx_hal_dma.o
 .text.DMA_CheckFifoParam
                0x0000000008003348       0xf8 ./Drivers/STM32F4xx_HAL_Driver/Src/stm32f4xx_hal_dma.o
 .text.HAL_GPIO_Init
                0x0000000008003440      0x338 ./Drivers/STM32F4xx_HAL_Driver/Src/stm32f4xx_hal_gpio.o
                0x0000000008003440                HAL_GPIO_Init
 .text.HAL_GPIO_ReadPin
                0x0000000008003778       0x30 ./Drivers/STM32F4xx_HAL_Driver/Src/stm32f4xx_hal_gpio.o
                0x0000000008003778                HAL_GPIO_ReadPin
 .text.HAL_GPIO_WritePin
                0x00000000080037a8       0x32 ./Drivers/STM32F4xx_HAL_Driver/Src/stm32f4xx_hal_gpio.o
                0x00000000080037a8                HAL_GPIO_WritePin
 *fill*         0x00000000080037da        0x2 
 .text.HAL_I2C_Init
                0x00000000080037dc      0x288 ./Drivers/STM32F4xx_HAL_Driver/Src/stm32f4xx_hal_i2c.o
                0x00000000080037dc                HAL_I2C_Init
 .text.HAL_RCC_OscConfig
                0x0000000008003a64      0x4f0 ./Drivers/STM32F4xx_HAL_Driver/Src/stm32f4xx_hal_rcc.o
                0x0000000008003a64                HAL_RCC_OscConfig
 .text.HAL_RCC_ClockConfig
                0x0000000008003f54      0x1cc ./Drivers/STM32F4xx_HAL_Driver/Src/stm32f4xx_hal_rcc.o
                0x0000000008003f54                HAL_RCC_ClockConfig
 .text.HAL_RCC_GetSysClockFreq
                0x0000000008004120      0x1c4 ./Drivers/STM32F4xx_HAL_Driver/Src/stm32f4xx_hal_rcc.o
                0x0000000008004120                HAL_RCC_GetSysClockFreq
 .text.HAL_RCC_GetHCLKFreq
                0x00000000080042e4       0x18 ./Drivers/STM32F4xx_HAL_Driver/Src/stm32f4xx_hal_rcc.o
                0x00000000080042e4                HAL_RCC_GetHCLKFreq
 .text.HAL_RCC_GetPCLK1Freq
                0x00000000080042fc       0x28 ./Drivers/STM32F4xx_HAL_Driver/Src/stm32f4xx_hal_rcc.o
                0x00000000080042fc                HAL_RCC_GetPCLK1Freq
 .text.HAL_RCC_GetPCLK2Freq
                0x0000000008004324       0x28 ./Drivers/STM32F4xx_HAL_Driver/Src/stm32f4xx_hal_rcc.o
                0x0000000008004324                HAL_RCC_GetPCLK2Freq
 .text.HAL_SPI_Init
                0x000000000800434c      0x112 ./Drivers/STM32F4xx_HAL_Driver/Src/stm32f4xx_hal_spi.o
                0x000000000800434c                HAL_SPI_Init
 .text.HAL_SPI_Transmit
                0x000000000800445e      0x278 ./Drivers/STM32F4xx_HAL_Driver/Src/stm32f4xx_hal_spi.o
                0x000000000800445e                HAL_SPI_Transmit
 *fill*         0x00000000080046d6        0x2 
 .text.SPI_WaitFlagStateUntilTimeout
                0x00000000080046d8      0x110 ./Drivers/STM32F4xx_HAL_Driver/Src/stm32f4xx_hal_spi.o
 .text.SPI_EndRxTxTransaction
                0x00000000080047e8       0x84 ./Drivers/STM32F4xx_HAL_Driver/Src/stm32f4xx_hal_spi.o
 .text.HAL_SRAM_Init
                0x000000000800486c       0x88 ./Drivers/STM32F4xx_HAL_Driver/Src/stm32f4xx_hal_sram.o
                0x000000000800486c                HAL_SRAM_Init
 .text.HAL_TIM_Base_Init
                0x00000000080048f4       0x9e ./Drivers/STM32F4xx_HAL_Driver/Src/stm32f4xx_hal_tim.o
                0x00000000080048f4                HAL_TIM_Base_Init
 *fill*         0x0000000008004992        0x2 
 .text.HAL_TIM_Base_Start
                0x0000000008004994       0xd0 ./Drivers/STM32F4xx_HAL_Driver/Src/stm32f4xx_hal_tim.o
                0x0000000008004994                HAL_TIM_Base_Start
 .text.HAL_TIM_Base_Start_IT
                0x0000000008004a64       0xe0 ./Drivers/STM32F4xx_HAL_Driver/Src/stm32f4xx_hal_tim.o
                0x0000000008004a64                HAL_TIM_Base_Start_IT
 .text.HAL_TIM_PWM_Init
                0x0000000008004b44       0x9e ./Drivers/STM32F4xx_HAL_Driver/Src/stm32f4xx_hal_tim.o
                0x0000000008004b44                HAL_TIM_PWM_Init
 .text.HAL_TIM_PWM_MspInit
                0x0000000008004be2       0x14 ./Drivers/STM32F4xx_HAL_Driver/Src/stm32f4xx_hal_tim.o
                0x0000000008004be2                HAL_TIM_PWM_MspInit
 .text.HAL_TIM_IRQHandler
                0x0000000008004bf6      0x210 ./Drivers/STM32F4xx_HAL_Driver/Src/stm32f4xx_hal_tim.o
                0x0000000008004bf6                HAL_TIM_IRQHandler
 *fill*         0x0000000008004e06        0x2 
 .text.HAL_TIM_PWM_ConfigChannel
                0x0000000008004e08      0x184 ./Drivers/STM32F4xx_HAL_Driver/Src/stm32f4xx_hal_tim.o
                0x0000000008004e08                HAL_TIM_PWM_ConfigChannel
 .text.HAL_TIM_ConfigClockSource
                0x0000000008004f8c      0x18e ./Drivers/STM32F4xx_HAL_Driver/Src/stm32f4xx_hal_tim.o
                0x0000000008004f8c                HAL_TIM_ConfigClockSource
 .text.HAL_TIM_OC_DelayElapsedCallback
                0x000000000800511a       0x14 ./Drivers/STM32F4xx_HAL_Driver/Src/stm32f4xx_hal_tim.o
                0x000000000800511a                HAL_TIM_OC_DelayElapsedCallback
 .text.HAL_TIM_IC_CaptureCallback
                0x000000000800512e       0x14 ./Drivers/STM32F4xx_HAL_Driver/Src/stm32f4xx_hal_tim.o
                0x000000000800512e                HAL_TIM_IC_CaptureCallback
 .text.HAL_TIM_PWM_PulseFinishedCallback
                0x0000000008005142       0x14 ./Drivers/STM32F4xx_HAL_Driver/Src/stm32f4xx_hal_tim.o
                0x0000000008005142                HAL_TIM_PWM_PulseFinishedCallback
 .text.HAL_TIM_TriggerCallback
                0x0000000008005156       0x14 ./Drivers/STM32F4xx_HAL_Driver/Src/stm32f4xx_hal_tim.o
                0x0000000008005156                HAL_TIM_TriggerCallback
 *fill*         0x000000000800516a        0x2 
 .text.TIM_Base_SetConfig
                0x000000000800516c      0x140 ./Drivers/STM32F4xx_HAL_Driver/Src/stm32f4xx_hal_tim.o
                0x000000000800516c                TIM_Base_SetConfig
 .text.TIM_OC1_SetConfig
                0x00000000080052ac       0xe0 ./Drivers/STM32F4xx_HAL_Driver/Src/stm32f4xx_hal_tim.o
 .text.TIM_OC2_SetConfig
                0x000000000800538c       0xec ./Drivers/STM32F4xx_HAL_Driver/Src/stm32f4xx_hal_tim.o
                0x000000000800538c                TIM_OC2_SetConfig
 .text.TIM_OC3_SetConfig
                0x0000000008005478       0xe8 ./Drivers/STM32F4xx_HAL_Driver/Src/stm32f4xx_hal_tim.o
 .text.TIM_OC4_SetConfig
                0x0000000008005560       0xac ./Drivers/STM32F4xx_HAL_Driver/Src/stm32f4xx_hal_tim.o
 .text.TIM_TI1_ConfigInputStage
                0x000000000800560c       0x5e ./Drivers/STM32F4xx_HAL_Driver/Src/stm32f4xx_hal_tim.o
 .text.TIM_TI2_ConfigInputStage
                0x000000000800566a       0x60 ./Drivers/STM32F4xx_HAL_Driver/Src/stm32f4xx_hal_tim.o
 .text.TIM_ITRx_SetConfig
                0x00000000080056ca       0x36 ./Drivers/STM32F4xx_HAL_Driver/Src/stm32f4xx_hal_tim.o
 .text.TIM_ETR_SetConfig
                0x0000000008005700       0x40 ./Drivers/STM32F4xx_HAL_Driver/Src/stm32f4xx_hal_tim.o
                0x0000000008005700                TIM_ETR_SetConfig
 .text.HAL_TIMEx_MasterConfigSynchronization
                0x0000000008005740       0xf8 ./Drivers/STM32F4xx_HAL_Driver/Src/stm32f4xx_hal_tim_ex.o
                0x0000000008005740                HAL_TIMEx_MasterConfigSynchronization
 .text.HAL_TIMEx_CommutCallback
                0x0000000008005838       0x14 ./Drivers/STM32F4xx_HAL_Driver/Src/stm32f4xx_hal_tim_ex.o
                0x0000000008005838                HAL_TIMEx_CommutCallback
 .text.HAL_TIMEx_BreakCallback
                0x000000000800584c       0x14 ./Drivers/STM32F4xx_HAL_Driver/Src/stm32f4xx_hal_tim_ex.o
                0x000000000800584c                HAL_TIMEx_BreakCallback
 .text.HAL_UART_Init
                0x0000000008005860       0x9a ./Drivers/STM32F4xx_HAL_Driver/Src/stm32f4xx_hal_uart.o
                0x0000000008005860                HAL_UART_Init
 .text.HAL_UART_Transmit
                0x00000000080058fa      0x124 ./Drivers/STM32F4xx_HAL_Driver/Src/stm32f4xx_hal_uart.o
                0x00000000080058fa                HAL_UART_Transmit
 .text.HAL_UART_Receive_IT
                0x0000000008005a1e       0x60 ./Drivers/STM32F4xx_HAL_Driver/Src/stm32f4xx_hal_uart.o
                0x0000000008005a1e                HAL_UART_Receive_IT
 *fill*         0x0000000008005a7e        0x2 
 .text.HAL_UART_IRQHandler
                0x0000000008005a80      0x51c ./Drivers/STM32F4xx_HAL_Driver/Src/stm32f4xx_hal_uart.o
                0x0000000008005a80                HAL_UART_IRQHandler
 .text.HAL_UART_TxCpltCallback
                0x0000000008005f9c       0x14 ./Drivers/STM32F4xx_HAL_Driver/Src/stm32f4xx_hal_uart.o
                0x0000000008005f9c                HAL_UART_TxCpltCallback
 .text.HAL_UART_ErrorCallback
                0x0000000008005fb0       0x14 ./Drivers/STM32F4xx_HAL_Driver/Src/stm32f4xx_hal_uart.o
                0x0000000008005fb0                HAL_UART_ErrorCallback
 .text.HAL_UARTEx_RxEventCallback
                0x0000000008005fc4       0x18 ./Drivers/STM32F4xx_HAL_Driver/Src/stm32f4xx_hal_uart.o
                0x0000000008005fc4                HAL_UARTEx_RxEventCallback
 .text.UART_WaitOnFlagUntilTimeout
                0x0000000008005fdc       0xdc ./Drivers/STM32F4xx_HAL_Driver/Src/stm32f4xx_hal_uart.o
 .text.UART_Start_Receive_IT
                0x00000000080060b8       0x74 ./Drivers/STM32F4xx_HAL_Driver/Src/stm32f4xx_hal_uart.o
                0x00000000080060b8                UART_Start_Receive_IT
 .text.UART_EndRxTransfer
                0x000000000800612c       0xc6 ./Drivers/STM32F4xx_HAL_Driver/Src/stm32f4xx_hal_uart.o
 .text.UART_DMAAbortOnError
                0x00000000080061f2       0x28 ./Drivers/STM32F4xx_HAL_Driver/Src/stm32f4xx_hal_uart.o
 .text.UART_Transmit_IT
                0x000000000800621a       0xa0 ./Drivers/STM32F4xx_HAL_Driver/Src/stm32f4xx_hal_uart.o
 .text.UART_EndTransmit_IT
                0x00000000080062ba       0x30 ./Drivers/STM32F4xx_HAL_Driver/Src/stm32f4xx_hal_uart.o
 .text.UART_Receive_IT
                0x00000000080062ea      0x176 ./Drivers/STM32F4xx_HAL_Driver/Src/stm32f4xx_hal_uart.o
 .text.UART_SetConfig
                0x0000000008006460      0x390 ./Drivers/STM32F4xx_HAL_Driver/Src/stm32f4xx_hal_uart.o
 .text.FSMC_NORSRAM_Init
                0x00000000080067f0       0xa4 ./Drivers/STM32F4xx_HAL_Driver/Src/stm32f4xx_ll_fsmc.o
                0x00000000080067f0                FSMC_NORSRAM_Init
 .text.FSMC_NORSRAM_Timing_Init
                0x0000000008006894       0x7a ./Drivers/STM32F4xx_HAL_Driver/Src/stm32f4xx_ll_fsmc.o
                0x0000000008006894                FSMC_NORSRAM_Timing_Init
 *fill*         0x000000000800690e        0x2 
 .text.FSMC_NORSRAM_Extended_Timing_Init
                0x0000000008006910       0x80 ./Drivers/STM32F4xx_HAL_Driver/Src/stm32f4xx_ll_fsmc.o
                0x0000000008006910                FSMC_NORSRAM_Extended_Timing_Init
 .text.__libc_init_array
                0x0000000008006990       0x48 d:/stm32cubeide_1.7/stm32cubeide_1.7.0/stm32cubeide/plugins/com.st.stm32cube.ide.mcu.externaltools.gnu-tools-for-stm32.9-2020-q2-update.win32_2.0.0.202105311346/tools/bin/../lib/gcc/arm-none-eabi/9.3.1/../../../../arm-none-eabi/lib/thumb/v7e-m+fp/hard\libc_nano.a(lib_a-init.o)
                0x0000000008006990                __libc_init_array
 .text.memcpy   0x00000000080069d8       0x1c d:/stm32cubeide_1.7/stm32cubeide_1.7.0/stm32cubeide/plugins/com.st.stm32cube.ide.mcu.externaltools.gnu-tools-for-stm32.9-2020-q2-update.win32_2.0.0.202105311346/tools/bin/../lib/gcc/arm-none-eabi/9.3.1/../../../../arm-none-eabi/lib/thumb/v7e-m+fp/hard\libc_nano.a(lib_a-memcpy-stub.o)
                0x00000000080069d8                memcpy
 .text.memset   0x00000000080069f4       0x10 d:/stm32cubeide_1.7/stm32cubeide_1.7.0/stm32cubeide/plugins/com.st.stm32cube.ide.mcu.externaltools.gnu-tools-for-stm32.9-2020-q2-update.win32_2.0.0.202105311346/tools/bin/../lib/gcc/arm-none-eabi/9.3.1/../../../../arm-none-eabi/lib/thumb/v7e-m+fp/hard\libc_nano.a(lib_a-memset.o)
                0x00000000080069f4                memset
 *(.glue_7)
 .glue_7        0x0000000008006a04        0x0 linker stubs
 *(.glue_7t)
 .glue_7t       0x0000000008006a04        0x0 linker stubs
 *(.eh_frame)
 .eh_frame      0x0000000008006a04        0x0 d:/stm32cubeide_1.7/stm32cubeide_1.7.0/stm32cubeide/plugins/com.st.stm32cube.ide.mcu.externaltools.gnu-tools-for-stm32.9-2020-q2-update.win32_2.0.0.202105311346/tools/bin/../lib/gcc/arm-none-eabi/9.3.1/thumb/v7e-m+fp/hard/crtbegin.o
 *(.init)
 .init          0x0000000008006a04        0x4 d:/stm32cubeide_1.7/stm32cubeide_1.7.0/stm32cubeide/plugins/com.st.stm32cube.ide.mcu.externaltools.gnu-tools-for-stm32.9-2020-q2-update.win32_2.0.0.202105311346/tools/bin/../lib/gcc/arm-none-eabi/9.3.1/thumb/v7e-m+fp/hard/crti.o
                0x0000000008006a04                _init
 .init          0x0000000008006a08        0x8 d:/stm32cubeide_1.7/stm32cubeide_1.7.0/stm32cubeide/plugins/com.st.stm32cube.ide.mcu.externaltools.gnu-tools-for-stm32.9-2020-q2-update.win32_2.0.0.202105311346/tools/bin/../lib/gcc/arm-none-eabi/9.3.1/thumb/v7e-m+fp/hard/crtn.o
 *(.fini)
 .fini          0x0000000008006a10        0x4 d:/stm32cubeide_1.7/stm32cubeide_1.7.0/stm32cubeide/plugins/com.st.stm32cube.ide.mcu.externaltools.gnu-tools-for-stm32.9-2020-q2-update.win32_2.0.0.202105311346/tools/bin/../lib/gcc/arm-none-eabi/9.3.1/thumb/v7e-m+fp/hard/crti.o
                0x0000000008006a10                _fini
 .fini          0x0000000008006a14        0x8 d:/stm32cubeide_1.7/stm32cubeide_1.7.0/stm32cubeide/plugins/com.st.stm32cube.ide.mcu.externaltools.gnu-tools-for-stm32.9-2020-q2-update.win32_2.0.0.202105311346/tools/bin/../lib/gcc/arm-none-eabi/9.3.1/thumb/v7e-m+fp/hard/crtn.o
                0x0000000008006a1c                . = ALIGN (0x4)
                0x0000000008006a1c                _etext = .

.vfp11_veneer   0x0000000008006a1c        0x0
 .vfp11_veneer  0x0000000008006a1c        0x0 linker stubs

.v4_bx          0x0000000008006a1c        0x0
 .v4_bx         0x0000000008006a1c        0x0 linker stubs

.iplt           0x0000000008006a1c        0x0
 .iplt          0x0000000008006a1c        0x0 d:/stm32cubeide_1.7/stm32cubeide_1.7.0/stm32cubeide/plugins/com.st.stm32cube.ide.mcu.externaltools.gnu-tools-for-stm32.9-2020-q2-update.win32_2.0.0.202105311346/tools/bin/../lib/gcc/arm-none-eabi/9.3.1/thumb/v7e-m+fp/hard/crtbegin.o

.rodata         0x0000000008006a1c     0x2fbc
                0x0000000008006a1c                . = ALIGN (0x4)
 *(.rodata)
 .rodata        0x0000000008006a1c       0x19 ./Core/Src/main.o
 *(.rodata*)
 *fill*         0x0000000008006a35        0x3 
 .rodata.ascii_1608
                0x0000000008006a38      0x5f0 ./Core/Src/lcd.o
                0x0000000008006a38                ascii_1608
 .rodata.ascii_2412
                0x0000000008007028     0x11d0 ./Core/Src/lcd.o
                0x0000000008007028                ascii_2412
 .rodata.ascii_3216
                0x00000000080081f8     0x17c0 ./Core/Src/lcd.o
                0x00000000080081f8                ascii_3216
 .rodata.AHBPrescTable
                0x00000000080099b8       0x10 ./Core/Src/system_stm32f4xx.o
                0x00000000080099b8                AHBPrescTable
 .rodata.APBPrescTable
                0x00000000080099c8        0x8 ./Core/Src/system_stm32f4xx.o
                0x00000000080099c8                APBPrescTable
 .rodata.flagBitshiftOffset.9376
                0x00000000080099d0        0x8 ./Drivers/STM32F4xx_HAL_Driver/Src/stm32f4xx_hal_dma.o
                0x00000000080099d8                . = ALIGN (0x4)

.ARM.extab      0x00000000080099d8        0x0
                0x00000000080099d8                . = ALIGN (0x4)
 *(.ARM.extab* .gnu.linkonce.armextab.*)
                0x00000000080099d8                . = ALIGN (0x4)

.ARM            0x00000000080099d8        0x8
                0x00000000080099d8                . = ALIGN (0x4)
                0x00000000080099d8                __exidx_start = .
 *(.ARM.exidx*)
 .ARM.exidx     0x00000000080099d8        0x8 d:/stm32cubeide_1.7/stm32cubeide_1.7.0/stm32cubeide/plugins/com.st.stm32cube.ide.mcu.externaltools.gnu-tools-for-stm32.9-2020-q2-update.win32_2.0.0.202105311346/tools/bin/../lib/gcc/arm-none-eabi/9.3.1/thumb/v7e-m+fp/hard\libgcc.a(_udivmoddi4.o)
                0x00000000080099e0                __exidx_end = .
                0x00000000080099e0                . = ALIGN (0x4)

.rel.dyn        0x00000000080099e0        0x0
 .rel.iplt      0x00000000080099e0        0x0 d:/stm32cubeide_1.7/stm32cubeide_1.7.0/stm32cubeide/plugins/com.st.stm32cube.ide.mcu.externaltools.gnu-tools-for-stm32.9-2020-q2-update.win32_2.0.0.202105311346/tools/bin/../lib/gcc/arm-none-eabi/9.3.1/thumb/v7e-m+fp/hard/crtbegin.o

.preinit_array  0x00000000080099e0        0x0
                0x00000000080099e0                . = ALIGN (0x4)
                0x00000000080099e0                PROVIDE (__preinit_array_start = .)
 *(.preinit_array*)
                0x00000000080099e0                PROVIDE (__preinit_array_end = .)
                0x00000000080099e0                . = ALIGN (0x4)

.init_array     0x00000000080099e0        0x4
                0x00000000080099e0                . = ALIGN (0x4)
                0x00000000080099e0                PROVIDE (__init_array_start = .)
 *(SORT_BY_NAME(.init_array.*))
 *(.init_array*)
 .init_array    0x00000000080099e0        0x4 d:/stm32cubeide_1.7/stm32cubeide_1.7.0/stm32cubeide/plugins/com.st.stm32cube.ide.mcu.externaltools.gnu-tools-for-stm32.9-2020-q2-update.win32_2.0.0.202105311346/tools/bin/../lib/gcc/arm-none-eabi/9.3.1/thumb/v7e-m+fp/hard/crtbegin.o
                0x00000000080099e4                PROVIDE (__init_array_end = .)
                0x00000000080099e4                . = ALIGN (0x4)

.fini_array     0x00000000080099e4        0x4
                0x00000000080099e4                . = ALIGN (0x4)
                [!provide]                        PROVIDE (__fini_array_start = .)
 *(SORT_BY_NAME(.fini_array.*))
 *(.fini_array*)
 .fini_array    0x00000000080099e4        0x4 d:/stm32cubeide_1.7/stm32cubeide_1.7.0/stm32cubeide/plugins/com.st.stm32cube.ide.mcu.externaltools.gnu-tools-for-stm32.9-2020-q2-update.win32_2.0.0.202105311346/tools/bin/../lib/gcc/arm-none-eabi/9.3.1/thumb/v7e-m+fp/hard/crtbegin.o
                [!provide]                        PROVIDE (__fini_array_end = .)
                0x00000000080099e8                . = ALIGN (0x4)
                0x00000000080099e8                _sidata = LOADADDR (.data)

.data           0x0000000020000000       0x14 load address 0x00000000080099e8
                0x0000000020000000                . = ALIGN (0x4)
                0x0000000020000000                _sdata = .
 *(.data)
 *(.data*)
 .data.led7seg  0x0000000020000000        0x4 ./Core/Src/led_7seg.o
                0x0000000020000000                led7seg
 .data.spi_buffer
                0x0000000020000004        0x2 ./Core/Src/led_7seg.o
                0x0000000020000004                spi_buffer
 *fill*         0x0000000020000006        0x2 
 .data.SystemCoreClock
                0x0000000020000008        0x4 ./Core/Src/system_stm32f4xx.o
                0x0000000020000008                SystemCoreClock
 .data.uwTickPrio
                0x000000002000000c        0x4 ./Drivers/STM32F4xx_HAL_Driver/Src/stm32f4xx_hal.o
                0x000000002000000c                uwTickPrio
 .data.uwTickFreq
                0x0000000020000010        0x1 ./Drivers/STM32F4xx_HAL_Driver/Src/stm32f4xx_hal.o
                0x0000000020000010                uwTickFreq
 *(.RamFunc)
 *(.RamFunc*)
                0x0000000020000014                . = ALIGN (0x4)
 *fill*         0x0000000020000011        0x3 
                0x0000000020000014                _edata = .
                0x00000000080099fc                _siccmram = LOADADDR (.ccmram)

.igot.plt       0x0000000020000014        0x0 load address 0x00000000080099fc
 .igot.plt      0x0000000020000014        0x0 d:/stm32cubeide_1.7/stm32cubeide_1.7.0/stm32cubeide/plugins/com.st.stm32cube.ide.mcu.externaltools.gnu-tools-for-stm32.9-2020-q2-update.win32_2.0.0.202105311346/tools/bin/../lib/gcc/arm-none-eabi/9.3.1/thumb/v7e-m+fp/hard/crtbegin.o

.ccmram         0x0000000010000000        0x0 load address 0x00000000080099fc
                0x0000000010000000                . = ALIGN (0x4)
                0x0000000010000000                _sccmram = .
 *(.ccmram)
 *(.ccmram*)
                0x0000000010000000                . = ALIGN (0x4)
                0x0000000010000000                _eccmram = .
                0x0000000010000000                . = ALIGN (0x4)

.bss            0x0000000020000014      0x3e8
                0x0000000020000014                _sbss = .
                0x0000000020000014                __bss_start__ = _sbss
 *(.bss)
 .bss           0x0000000020000014       0x1c d:/stm32cubeide_1.7/stm32cubeide_1.7.0/stm32cubeide/plugins/com.st.stm32cube.ide.mcu.externaltools.gnu-tools-for-stm32.9-2020-q2-update.win32_2.0.0.202105311346/tools/bin/../lib/gcc/arm-none-eabi/9.3.1/thumb/v7e-m+fp/hard/crtbegin.o
 *(.bss*)
 .bss.FSMC_Initialized
                0x0000000020000030        0x4 ./Core/Src/fsmc.o
 .bss.led7_index
                0x0000000020000034        0x4 ./Core/Src/led_7seg.o
                0x0000000020000034                led7_index
 .bss.light_status
                0x0000000020000038        0x1 ./Core/Src/light_control.o
                0x0000000020000038                light_status
 *fill*         0x0000000020000039        0x1 
 .bss.temperature
                0x000000002000003a        0x2 ./Core/Src/main.o
                0x000000002000003a                temperature
 .bss.count     0x000000002000003c        0x2 ./Core/Src/main.o
                0x000000002000003c                count
 .bss.flag_timer2
                0x000000002000003e        0x2 ./Core/Src/software_timer.o
                0x000000002000003e                flag_timer2
 .bss.timer2_counter
                0x0000000020000040        0x2 ./Core/Src/software_timer.o
                0x0000000020000040                timer2_counter
 .bss.timer2_MUL
                0x0000000020000042        0x2 ./Core/Src/software_timer.o
                0x0000000020000042                timer2_MUL
 .bss.receive_buffer1
                0x0000000020000044        0x1 ./Core/Src/uart.o
                0x0000000020000044                receive_buffer1
 .bss.receive_buffer2
                0x0000000020000045        0x1 ./Core/Src/uart.o
                0x0000000020000045                receive_buffer2
 .bss.check_esp
                0x0000000020000046        0x1 ./Core/Src/uart.o
                0x0000000020000046                check_esp
 *(COMMON)
 *fill*         0x0000000020000047        0x1 
 COMMON         0x0000000020000048       0xa8 ./Core/Src/adc.o
                0x0000000020000048                hadc1
                0x0000000020000090                hdma_adc1
 COMMON         0x00000000200000f0       0x50 ./Core/Src/fsmc.o
                0x00000000200000f0                hsram1
 COMMON         0x0000000020000140       0x54 ./Core/Src/i2c.o
                0x0000000020000140                hi2c1
 COMMON         0x0000000020000194       0x3a ./Core/Src/lcd.o
                0x0000000020000194                lcddev
                0x000000002000019c                s
 *fill*         0x00000000200001ce        0x2 
 COMMON         0x00000000200001d0        0xa ./Core/Src/sensor.o
                0x00000000200001d0                adc_receive
 *fill*         0x00000000200001da        0x2 
 COMMON         0x00000000200001dc       0x58 ./Core/Src/spi.o
                0x00000000200001dc                hspi1
 COMMON         0x0000000020000234       0xd8 ./Core/Src/tim.o
                0x0000000020000234                htim13
                0x000000002000027c                htim1
                0x00000000200002c4                htim2
 COMMON         0x000000002000030c       0x64 ./Core/Src/uart.o
                0x000000002000030c                msg
 COMMON         0x0000000020000370       0x88 ./Core/Src/usart.o
                0x0000000020000370                huart1
                0x00000000200003b4                huart2
 COMMON         0x00000000200003f8        0x4 ./Drivers/STM32F4xx_HAL_Driver/Src/stm32f4xx_hal.o
                0x00000000200003f8                uwTick
                0x00000000200003fc                . = ALIGN (0x4)
                0x00000000200003fc                _ebss = .
                0x00000000200003fc                __bss_end__ = _ebss

._user_heap_stack
                0x00000000200003fc      0x604
                0x0000000020000400                . = ALIGN (0x8)
 *fill*         0x00000000200003fc        0x4 
                [!provide]                        PROVIDE (end = .)
                0x0000000020000400                PROVIDE (_end = .)
                0x0000000020000600                . = (. + _Min_Heap_Size)
 *fill*         0x0000000020000400      0x200 
                0x0000000020000a00                . = (. + _Min_Stack_Size)
 *fill*         0x0000000020000600      0x400 
                0x0000000020000a00                . = ALIGN (0x8)

/DISCARD/
 libc.a(*)
 libm.a(*)
 libgcc.a(*)

.ARM.attributes
                0x0000000000000000       0x30
 *(.ARM.attributes)
 .ARM.attributes
                0x0000000000000000       0x1e d:/stm32cubeide_1.7/stm32cubeide_1.7.0/stm32cubeide/plugins/com.st.stm32cube.ide.mcu.externaltools.gnu-tools-for-stm32.9-2020-q2-update.win32_2.0.0.202105311346/tools/bin/../lib/gcc/arm-none-eabi/9.3.1/thumb/v7e-m+fp/hard/crti.o
 .ARM.attributes
                0x000000000000001e       0x34 d:/stm32cubeide_1.7/stm32cubeide_1.7.0/stm32cubeide/plugins/com.st.stm32cube.ide.mcu.externaltools.gnu-tools-for-stm32.9-2020-q2-update.win32_2.0.0.202105311346/tools/bin/../lib/gcc/arm-none-eabi/9.3.1/thumb/v7e-m+fp/hard/crtbegin.o
 .ARM.attributes
                0x0000000000000052       0x34 ./Core/Src/adc.o
 .ARM.attributes
                0x0000000000000086       0x34 ./Core/Src/dma.o
 .ARM.attributes
                0x00000000000000ba       0x34 ./Core/Src/fsmc.o
 .ARM.attributes
                0x00000000000000ee       0x34 ./Core/Src/gpio.o
 .ARM.attributes
                0x0000000000000122       0x34 ./Core/Src/i2c.o
 .ARM.attributes
                0x0000000000000156       0x34 ./Core/Src/lcd.o
 .ARM.attributes
                0x000000000000018a       0x34 ./Core/Src/led_7seg.o
 .ARM.attributes
                0x00000000000001be       0x34 ./Core/Src/light_control.o
 .ARM.attributes
                0x00000000000001f2       0x34 ./Core/Src/main.o
 .ARM.attributes
                0x0000000000000226       0x34 ./Core/Src/sensor.o
 .ARM.attributes
                0x000000000000025a       0x34 ./Core/Src/software_timer.o
 .ARM.attributes
                0x000000000000028e       0x34 ./Core/Src/spi.o
 .ARM.attributes
                0x00000000000002c2       0x34 ./Core/Src/stm32f4xx_hal_msp.o
 .ARM.attributes
                0x00000000000002f6       0x34 ./Core/Src/stm32f4xx_it.o
 .ARM.attributes
                0x000000000000032a       0x34 ./Core/Src/system_stm32f4xx.o
 .ARM.attributes
                0x000000000000035e       0x34 ./Core/Src/tim.o
 .ARM.attributes
                0x0000000000000392       0x34 ./Core/Src/uart.o
 .ARM.attributes
                0x00000000000003c6       0x34 ./Core/Src/usart.o
 .ARM.attributes
                0x00000000000003fa       0x21 ./Core/Startup/startup_stm32f407zgtx.o
 .ARM.attributes
                0x000000000000041b       0x34 ./Drivers/STM32F4xx_HAL_Driver/Src/stm32f4xx_hal.o
 .ARM.attributes
                0x000000000000044f       0x34 ./Drivers/STM32F4xx_HAL_Driver/Src/stm32f4xx_hal_adc.o
 .ARM.attributes
                0x0000000000000483       0x34 ./Drivers/STM32F4xx_HAL_Driver/Src/stm32f4xx_hal_cortex.o
 .ARM.attributes
                0x00000000000004b7       0x34 ./Drivers/STM32F4xx_HAL_Driver/Src/stm32f4xx_hal_dma.o
 .ARM.attributes
                0x00000000000004eb       0x34 ./Drivers/STM32F4xx_HAL_Driver/Src/stm32f4xx_hal_gpio.o
 .ARM.attributes
                0x000000000000051f       0x34 ./Drivers/STM32F4xx_HAL_Driver/Src/stm32f4xx_hal_i2c.o
 .ARM.attributes
                0x0000000000000553       0x34 ./Drivers/STM32F4xx_HAL_Driver/Src/stm32f4xx_hal_rcc.o
 .ARM.attributes
                0x0000000000000587       0x34 ./Drivers/STM32F4xx_HAL_Driver/Src/stm32f4xx_hal_spi.o
 .ARM.attributes
                0x00000000000005bb       0x34 ./Drivers/STM32F4xx_HAL_Driver/Src/stm32f4xx_hal_sram.o
 .ARM.attributes
                0x00000000000005ef       0x34 ./Drivers/STM32F4xx_HAL_Driver/Src/stm32f4xx_hal_tim.o
 .ARM.attributes
                0x0000000000000623       0x34 ./Drivers/STM32F4xx_HAL_Driver/Src/stm32f4xx_hal_tim_ex.o
 .ARM.attributes
                0x0000000000000657       0x34 ./Drivers/STM32F4xx_HAL_Driver/Src/stm32f4xx_hal_uart.o
 .ARM.attributes
                0x000000000000068b       0x34 ./Drivers/STM32F4xx_HAL_Driver/Src/stm32f4xx_ll_fsmc.o
 .ARM.attributes
                0x00000000000006bf       0x34 d:/stm32cubeide_1.7/stm32cubeide_1.7.0/stm32cubeide/plugins/com.st.stm32cube.ide.mcu.externaltools.gnu-tools-for-stm32.9-2020-q2-update.win32_2.0.0.202105311346/tools/bin/../lib/gcc/arm-none-eabi/9.3.1/../../../../arm-none-eabi/lib/thumb/v7e-m+fp/hard\libc_nano.a(lib_a-init.o)
 .ARM.attributes
                0x00000000000006f3       0x34 d:/stm32cubeide_1.7/stm32cubeide_1.7.0/stm32cubeide/plugins/com.st.stm32cube.ide.mcu.externaltools.gnu-tools-for-stm32.9-2020-q2-update.win32_2.0.0.202105311346/tools/bin/../lib/gcc/arm-none-eabi/9.3.1/../../../../arm-none-eabi/lib/thumb/v7e-m+fp/hard\libc_nano.a(lib_a-memcpy-stub.o)
 .ARM.attributes
                0x0000000000000727       0x34 d:/stm32cubeide_1.7/stm32cubeide_1.7.0/stm32cubeide/plugins/com.st.stm32cube.ide.mcu.externaltools.gnu-tools-for-stm32.9-2020-q2-update.win32_2.0.0.202105311346/tools/bin/../lib/gcc/arm-none-eabi/9.3.1/../../../../arm-none-eabi/lib/thumb/v7e-m+fp/hard\libc_nano.a(lib_a-memset.o)
 .ARM.attributes
                0x000000000000075b       0x1e d:/stm32cubeide_1.7/stm32cubeide_1.7.0/stm32cubeide/plugins/com.st.stm32cube.ide.mcu.externaltools.gnu-tools-for-stm32.9-2020-q2-update.win32_2.0.0.202105311346/tools/bin/../lib/gcc/arm-none-eabi/9.3.1/thumb/v7e-m+fp/hard\libgcc.a(_aeabi_uldivmod.o)
 .ARM.attributes
                0x0000000000000779       0x34 d:/stm32cubeide_1.7/stm32cubeide_1.7.0/stm32cubeide/plugins/com.st.stm32cube.ide.mcu.externaltools.gnu-tools-for-stm32.9-2020-q2-update.win32_2.0.0.202105311346/tools/bin/../lib/gcc/arm-none-eabi/9.3.1/thumb/v7e-m+fp/hard\libgcc.a(_udivmoddi4.o)
 .ARM.attributes
                0x00000000000007ad       0x1e d:/stm32cubeide_1.7/stm32cubeide_1.7.0/stm32cubeide/plugins/com.st.stm32cube.ide.mcu.externaltools.gnu-tools-for-stm32.9-2020-q2-update.win32_2.0.0.202105311346/tools/bin/../lib/gcc/arm-none-eabi/9.3.1/thumb/v7e-m+fp/hard\libgcc.a(_dvmd_tls.o)
 .ARM.attributes
                0x00000000000007cb       0x1e d:/stm32cubeide_1.7/stm32cubeide_1.7.0/stm32cubeide/plugins/com.st.stm32cube.ide.mcu.externaltools.gnu-tools-for-stm32.9-2020-q2-update.win32_2.0.0.202105311346/tools/bin/../lib/gcc/arm-none-eabi/9.3.1/thumb/v7e-m+fp/hard/crtn.o
OUTPUT(Embedded_Lab8.elf elf32-littlearm)
LOAD linker stubs
LOAD d:/stm32cubeide_1.7/stm32cubeide_1.7.0/stm32cubeide/plugins/com.st.stm32cube.ide.mcu.externaltools.gnu-tools-for-stm32.9-2020-q2-update.win32_2.0.0.202105311346/tools/bin/../lib/gcc/arm-none-eabi/9.3.1/../../../../arm-none-eabi/lib/thumb/v7e-m+fp/hard\libc.a
LOAD d:/stm32cubeide_1.7/stm32cubeide_1.7.0/stm32cubeide/plugins/com.st.stm32cube.ide.mcu.externaltools.gnu-tools-for-stm32.9-2020-q2-update.win32_2.0.0.202105311346/tools/bin/../lib/gcc/arm-none-eabi/9.3.1/../../../../arm-none-eabi/lib/thumb/v7e-m+fp/hard\libm.a
LOAD d:/stm32cubeide_1.7/stm32cubeide_1.7.0/stm32cubeide/plugins/com.st.stm32cube.ide.mcu.externaltools.gnu-tools-for-stm32.9-2020-q2-update.win32_2.0.0.202105311346/tools/bin/../lib/gcc/arm-none-eabi/9.3.1/thumb/v7e-m+fp/hard\libgcc.a

.debug_info     0x0000000000000000    0x1f47f
 .debug_info    0x0000000000000000      0xabd ./Core/Src/adc.o
 .debug_info    0x0000000000000abd      0x59c ./Core/Src/dma.o
 .debug_info    0x0000000000001059      0xa96 ./Core/Src/fsmc.o
 .debug_info    0x0000000000001aef      0x586 ./Core/Src/gpio.o
 .debug_info    0x0000000000002075      0xa7d ./Core/Src/i2c.o
 .debug_info    0x0000000000002af2     0x1bea ./Core/Src/lcd.o
 .debug_info    0x00000000000046dc      0x89c ./Core/Src/led_7seg.o
 .debug_info    0x0000000000004f78     0x1540 ./Core/Src/light_control.o
 .debug_info    0x00000000000064b8     0x221b ./Core/Src/main.o
 .debug_info    0x00000000000086d3      0x744 ./Core/Src/sensor.o
 .debug_info    0x0000000000008e17      0xaf0 ./Core/Src/software_timer.o
 .debug_info    0x0000000000009907      0xa5a ./Core/Src/spi.o
 .debug_info    0x000000000000a361      0x394 ./Core/Src/stm32f4xx_hal_msp.o
 .debug_info    0x000000000000a6f5      0xaab ./Core/Src/stm32f4xx_it.o
 .debug_info    0x000000000000b1a0      0x5a4 ./Core/Src/system_stm32f4xx.o
 .debug_info    0x000000000000b744      0xf2a ./Core/Src/tim.o
 .debug_info    0x000000000000c66e     0x16a3 ./Core/Src/uart.o
 .debug_info    0x000000000000dd11      0xc8f ./Core/Src/usart.o
 .debug_info    0x000000000000e9a0       0x22 ./Core/Startup/startup_stm32f407zgtx.o
 .debug_info    0x000000000000e9c2      0x9b2 ./Drivers/STM32F4xx_HAL_Driver/Src/stm32f4xx_hal.o
 .debug_info    0x000000000000f374      0xdbc ./Drivers/STM32F4xx_HAL_Driver/Src/stm32f4xx_hal_adc.o
 .debug_info    0x0000000000010130      0xed7 ./Drivers/STM32F4xx_HAL_Driver/Src/stm32f4xx_hal_cortex.o
 .debug_info    0x0000000000011007      0x9f1 ./Drivers/STM32F4xx_HAL_Driver/Src/stm32f4xx_hal_dma.o
 .debug_info    0x00000000000119f8      0x83e ./Drivers/STM32F4xx_HAL_Driver/Src/stm32f4xx_hal_gpio.o
 .debug_info    0x0000000000012236     0x264d ./Drivers/STM32F4xx_HAL_Driver/Src/stm32f4xx_hal_i2c.o
 .debug_info    0x0000000000014883      0x996 ./Drivers/STM32F4xx_HAL_Driver/Src/stm32f4xx_hal_rcc.o
 .debug_info    0x0000000000015219     0x17c0 ./Drivers/STM32F4xx_HAL_Driver/Src/stm32f4xx_hal_spi.o
 .debug_info    0x00000000000169d9      0xbab ./Drivers/STM32F4xx_HAL_Driver/Src/stm32f4xx_hal_sram.o
 .debug_info    0x0000000000017584     0x2c22 ./Drivers/STM32F4xx_HAL_Driver/Src/stm32f4xx_hal_tim.o
 .debug_info    0x000000000001a1a6     0x15a2 ./Drivers/STM32F4xx_HAL_Driver/Src/stm32f4xx_hal_tim_ex.o
 .debug_info    0x000000000001b748     0x31de ./Drivers/STM32F4xx_HAL_Driver/Src/stm32f4xx_hal_uart.o
 .debug_info    0x000000000001e926      0xb59 ./Drivers/STM32F4xx_HAL_Driver/Src/stm32f4xx_ll_fsmc.o

.debug_abbrev   0x0000000000000000     0x3f76
 .debug_abbrev  0x0000000000000000      0x1ce ./Core/Src/adc.o
 .debug_abbrev  0x00000000000001ce      0x11b ./Core/Src/dma.o
 .debug_abbrev  0x00000000000002e9      0x1e2 ./Core/Src/fsmc.o
 .debug_abbrev  0x00000000000004cb      0x14e ./Core/Src/gpio.o
 .debug_abbrev  0x0000000000000619      0x1bb ./Core/Src/i2c.o
 .debug_abbrev  0x00000000000007d4      0x3aa ./Core/Src/lcd.o
 .debug_abbrev  0x0000000000000b7e      0x1a9 ./Core/Src/led_7seg.o
 .debug_abbrev  0x0000000000000d27      0x20c ./Core/Src/light_control.o
 .debug_abbrev  0x0000000000000f33      0x2b2 ./Core/Src/main.o
 .debug_abbrev  0x00000000000011e5      0x19f ./Core/Src/sensor.o
 .debug_abbrev  0x0000000000001384      0x1e7 ./Core/Src/software_timer.o
 .debug_abbrev  0x000000000000156b      0x1bb ./Core/Src/spi.o
 .debug_abbrev  0x0000000000001726      0x11d ./Core/Src/stm32f4xx_hal_msp.o
 .debug_abbrev  0x0000000000001843      0x176 ./Core/Src/stm32f4xx_it.o
 .debug_abbrev  0x00000000000019b9      0x145 ./Core/Src/system_stm32f4xx.o
 .debug_abbrev  0x0000000000001afe      0x1d7 ./Core/Src/tim.o
 .debug_abbrev  0x0000000000001cd5      0x273 ./Core/Src/uart.o
 .debug_abbrev  0x0000000000001f48      0x1c4 ./Core/Src/usart.o
 .debug_abbrev  0x000000000000210c       0x12 ./Core/Startup/startup_stm32f407zgtx.o
 .debug_abbrev  0x000000000000211e      0x1ed ./Drivers/STM32F4xx_HAL_Driver/Src/stm32f4xx_hal.o
 .debug_abbrev  0x000000000000230b      0x22f ./Drivers/STM32F4xx_HAL_Driver/Src/stm32f4xx_hal_adc.o
 .debug_abbrev  0x000000000000253a      0x33c ./Drivers/STM32F4xx_HAL_Driver/Src/stm32f4xx_hal_cortex.o
 .debug_abbrev  0x0000000000002876      0x259 ./Drivers/STM32F4xx_HAL_Driver/Src/stm32f4xx_hal_dma.o
 .debug_abbrev  0x0000000000002acf      0x1f1 ./Drivers/STM32F4xx_HAL_Driver/Src/stm32f4xx_hal_gpio.o
 .debug_abbrev  0x0000000000002cc0      0x282 ./Drivers/STM32F4xx_HAL_Driver/Src/stm32f4xx_hal_i2c.o
 .debug_abbrev  0x0000000000002f42      0x275 ./Drivers/STM32F4xx_HAL_Driver/Src/stm32f4xx_hal_rcc.o
 .debug_abbrev  0x00000000000031b7      0x26e ./Drivers/STM32F4xx_HAL_Driver/Src/stm32f4xx_hal_spi.o
 .debug_abbrev  0x0000000000003425      0x1f4 ./Drivers/STM32F4xx_HAL_Driver/Src/stm32f4xx_hal_sram.o
 .debug_abbrev  0x0000000000003619      0x25e ./Drivers/STM32F4xx_HAL_Driver/Src/stm32f4xx_hal_tim.o
 .debug_abbrev  0x0000000000003877      0x266 ./Drivers/STM32F4xx_HAL_Driver/Src/stm32f4xx_hal_tim_ex.o
 .debug_abbrev  0x0000000000003add      0x2eb ./Drivers/STM32F4xx_HAL_Driver/Src/stm32f4xx_hal_uart.o
 .debug_abbrev  0x0000000000003dc8      0x1ae ./Drivers/STM32F4xx_HAL_Driver/Src/stm32f4xx_ll_fsmc.o

.debug_aranges  0x0000000000000000     0x1648
 .debug_aranges
                0x0000000000000000       0x30 ./Core/Src/adc.o
 .debug_aranges
                0x0000000000000030       0x20 ./Core/Src/dma.o
 .debug_aranges
                0x0000000000000050       0x40 ./Core/Src/fsmc.o
 .debug_aranges
                0x0000000000000090       0x20 ./Core/Src/gpio.o
 .debug_aranges
                0x00000000000000b0       0x30 ./Core/Src/i2c.o
 .debug_aranges
                0x00000000000000e0       0xd8 ./Core/Src/lcd.o
 .debug_aranges
                0x00000000000001b8       0x48 ./Core/Src/led_7seg.o
 .debug_aranges
                0x0000000000000200       0x28 ./Core/Src/light_control.o
 .debug_aranges
                0x0000000000000228       0x40 ./Core/Src/main.o
 .debug_aranges
                0x0000000000000268       0x50 ./Core/Src/sensor.o
 .debug_aranges
                0x00000000000002b8       0x40 ./Core/Src/software_timer.o
 .debug_aranges
                0x00000000000002f8       0x30 ./Core/Src/spi.o
 .debug_aranges
                0x0000000000000328       0x20 ./Core/Src/stm32f4xx_hal_msp.o
 .debug_aranges
                0x0000000000000348       0x80 ./Core/Src/stm32f4xx_it.o
 .debug_aranges
                0x00000000000003c8       0x28 ./Core/Src/system_stm32f4xx.o
 .debug_aranges
                0x00000000000003f0       0x48 ./Core/Src/tim.o
 .debug_aranges
                0x0000000000000438       0x60 ./Core/Src/uart.o
 .debug_aranges
                0x0000000000000498       0x38 ./Core/Src/usart.o
 .debug_aranges
                0x00000000000004d0       0x28 ./Core/Startup/startup_stm32f407zgtx.o
 .debug_aranges
                0x00000000000004f8       0xf0 ./Drivers/STM32F4xx_HAL_Driver/Src/stm32f4xx_hal.o
 .debug_aranges
                0x00000000000005e8       0xe8 ./Drivers/STM32F4xx_HAL_Driver/Src/stm32f4xx_hal_adc.o
 .debug_aranges
                0x00000000000006d0      0x118 ./Drivers/STM32F4xx_HAL_Driver/Src/stm32f4xx_hal_cortex.o
 .debug_aranges
                0x00000000000007e8       0x90 ./Drivers/STM32F4xx_HAL_Driver/Src/stm32f4xx_hal_dma.o
 .debug_aranges
                0x0000000000000878       0x58 ./Drivers/STM32F4xx_HAL_Driver/Src/stm32f4xx_hal_gpio.o
 .debug_aranges
                0x00000000000008d0      0x2a0 ./Drivers/STM32F4xx_HAL_Driver/Src/stm32f4xx_hal_i2c.o
 .debug_aranges
                0x0000000000000b70       0x88 ./Drivers/STM32F4xx_HAL_Driver/Src/stm32f4xx_hal_rcc.o
 .debug_aranges
                0x0000000000000bf8      0x1d0 ./Drivers/STM32F4xx_HAL_Driver/Src/stm32f4xx_hal_spi.o
 .debug_aranges
                0x0000000000000dc8       0xa0 ./Drivers/STM32F4xx_HAL_Driver/Src/stm32f4xx_hal_sram.o
 .debug_aranges
                0x0000000000000e68      0x3d0 ./Drivers/STM32F4xx_HAL_Driver/Src/stm32f4xx_hal_tim.o
 .debug_aranges
                0x0000000000001238      0x168 ./Drivers/STM32F4xx_HAL_Driver/Src/stm32f4xx_hal_tim_ex.o
 .debug_aranges
                0x00000000000013a0      0x200 ./Drivers/STM32F4xx_HAL_Driver/Src/stm32f4xx_hal_uart.o
 .debug_aranges
                0x00000000000015a0       0xa8 ./Drivers/STM32F4xx_HAL_Driver/Src/stm32f4xx_ll_fsmc.o

.debug_ranges   0x0000000000000000     0x14c0
 .debug_ranges  0x0000000000000000       0x20 ./Core/Src/adc.o
 .debug_ranges  0x0000000000000020       0x10 ./Core/Src/dma.o
 .debug_ranges  0x0000000000000030       0x30 ./Core/Src/fsmc.o
 .debug_ranges  0x0000000000000060       0x10 ./Core/Src/gpio.o
 .debug_ranges  0x0000000000000070       0x20 ./Core/Src/i2c.o
 .debug_ranges  0x0000000000000090       0xc8 ./Core/Src/lcd.o
 .debug_ranges  0x0000000000000158       0x38 ./Core/Src/led_7seg.o
 .debug_ranges  0x0000000000000190       0x30 ./Core/Src/light_control.o
 .debug_ranges  0x00000000000001c0       0x30 ./Core/Src/main.o
 .debug_ranges  0x00000000000001f0       0x40 ./Core/Src/sensor.o
 .debug_ranges  0x0000000000000230       0x30 ./Core/Src/software_timer.o
 .debug_ranges  0x0000000000000260       0x20 ./Core/Src/spi.o
 .debug_ranges  0x0000000000000280       0x10 ./Core/Src/stm32f4xx_hal_msp.o
 .debug_ranges  0x0000000000000290       0x70 ./Core/Src/stm32f4xx_it.o
 .debug_ranges  0x0000000000000300       0x18 ./Core/Src/system_stm32f4xx.o
 .debug_ranges  0x0000000000000318       0x38 ./Core/Src/tim.o
 .debug_ranges  0x0000000000000350       0x50 ./Core/Src/uart.o
 .debug_ranges  0x00000000000003a0       0x28 ./Core/Src/usart.o
 .debug_ranges  0x00000000000003c8       0x20 ./Core/Startup/startup_stm32f407zgtx.o
 .debug_ranges  0x00000000000003e8       0xe0 ./Drivers/STM32F4xx_HAL_Driver/Src/stm32f4xx_hal.o
 .debug_ranges  0x00000000000004c8       0xd8 ./Drivers/STM32F4xx_HAL_Driver/Src/stm32f4xx_hal_adc.o
 .debug_ranges  0x00000000000005a0      0x108 ./Drivers/STM32F4xx_HAL_Driver/Src/stm32f4xx_hal_cortex.o
 .debug_ranges  0x00000000000006a8       0x80 ./Drivers/STM32F4xx_HAL_Driver/Src/stm32f4xx_hal_dma.o
 .debug_ranges  0x0000000000000728       0x48 ./Drivers/STM32F4xx_HAL_Driver/Src/stm32f4xx_hal_gpio.o
 .debug_ranges  0x0000000000000770      0x2b8 ./Drivers/STM32F4xx_HAL_Driver/Src/stm32f4xx_hal_i2c.o
 .debug_ranges  0x0000000000000a28       0x78 ./Drivers/STM32F4xx_HAL_Driver/Src/stm32f4xx_hal_rcc.o
 .debug_ranges  0x0000000000000aa0      0x1c0 ./Drivers/STM32F4xx_HAL_Driver/Src/stm32f4xx_hal_spi.o
 .debug_ranges  0x0000000000000c60       0x90 ./Drivers/STM32F4xx_HAL_Driver/Src/stm32f4xx_hal_sram.o
 .debug_ranges  0x0000000000000cf0      0x3c0 ./Drivers/STM32F4xx_HAL_Driver/Src/stm32f4xx_hal_tim.o
 .debug_ranges  0x00000000000010b0      0x158 ./Drivers/STM32F4xx_HAL_Driver/Src/stm32f4xx_hal_tim_ex.o
 .debug_ranges  0x0000000000001208      0x220 ./Drivers/STM32F4xx_HAL_Driver/Src/stm32f4xx_hal_uart.o
 .debug_ranges  0x0000000000001428       0x98 ./Drivers/STM32F4xx_HAL_Driver/Src/stm32f4xx_ll_fsmc.o

.debug_macro    0x0000000000000000    0x261f2
 .debug_macro   0x0000000000000000      0x24e ./Core/Src/adc.o
 .debug_macro   0x000000000000024e      0xaa8 ./Core/Src/adc.o
 .debug_macro   0x0000000000000cf6      0x2b3 ./Core/Src/adc.o
 .debug_macro   0x0000000000000fa9       0x2e ./Core/Src/adc.o
 .debug_macro   0x0000000000000fd7       0x2f ./Core/Src/adc.o
 .debug_macro   0x0000000000001006       0x22 ./Core/Src/adc.o
 .debug_macro   0x0000000000001028       0x8e ./Core/Src/adc.o
 .debug_macro   0x00000000000010b6       0x51 ./Core/Src/adc.o
 .debug_macro   0x0000000000001107      0x103 ./Core/Src/adc.o
 .debug_macro   0x000000000000120a       0x6a ./Core/Src/adc.o
 .debug_macro   0x0000000000001274      0x1df ./Core/Src/adc.o
 .debug_macro   0x0000000000001453       0x1c ./Core/Src/adc.o
 .debug_macro   0x000000000000146f       0x22 ./Core/Src/adc.o
 .debug_macro   0x0000000000001491       0xdf ./Core/Src/adc.o
 .debug_macro   0x0000000000001570     0x102d ./Core/Src/adc.o
 .debug_macro   0x000000000000259d      0x11f ./Core/Src/adc.o
 .debug_macro   0x00000000000026bc    0x15e58 ./Core/Src/adc.o
 .debug_macro   0x0000000000018514       0x6d ./Core/Src/adc.o
 .debug_macro   0x0000000000018581     0x3666 ./Core/Src/adc.o
 .debug_macro   0x000000000001bbe7      0x174 ./Core/Src/adc.o
 .debug_macro   0x000000000001bd5b       0x5c ./Core/Src/adc.o
 .debug_macro   0x000000000001bdb7      0x96b ./Core/Src/adc.o
 .debug_macro   0x000000000001c722      0x9fe ./Core/Src/adc.o
 .debug_macro   0x000000000001d120      0x116 ./Core/Src/adc.o
 .debug_macro   0x000000000001d236      0x13e ./Core/Src/adc.o
 .debug_macro   0x000000000001d374       0xa5 ./Core/Src/adc.o
 .debug_macro   0x000000000001d419      0x174 ./Core/Src/adc.o
 .debug_macro   0x000000000001d58d      0x287 ./Core/Src/adc.o
 .debug_macro   0x000000000001d814       0x5f ./Core/Src/adc.o
 .debug_macro   0x000000000001d873      0x236 ./Core/Src/adc.o
 .debug_macro   0x000000000001daa9      0xb5b ./Core/Src/adc.o
 .debug_macro   0x000000000001e604      0x38b ./Core/Src/adc.o
 .debug_macro   0x000000000001e98f      0x176 ./Core/Src/adc.o
 .debug_macro   0x000000000001eb05       0xf9 ./Core/Src/adc.o
 .debug_macro   0x000000000001ebfe      0x12c ./Core/Src/adc.o
 .debug_macro   0x000000000001ed2a      0x21e ./Core/Src/adc.o
 .debug_macro   0x000000000001ef48       0x2e ./Core/Src/adc.o
 .debug_macro   0x000000000001ef76      0x543 ./Core/Src/adc.o
 .debug_macro   0x000000000001f4b9      0x1b5 ./Core/Src/adc.o
 .debug_macro   0x000000000001f66e       0xd6 ./Core/Src/adc.o
 .debug_macro   0x000000000001f744      0x11a ./Core/Src/adc.o
 .debug_macro   0x000000000001f85e       0x7e ./Core/Src/adc.o
 .debug_macro   0x000000000001f8dc       0x89 ./Core/Src/adc.o
 .debug_macro   0x000000000001f965      0x225 ./Core/Src/adc.o
 .debug_macro   0x000000000001fb8a      0x8d1 ./Core/Src/adc.o
 .debug_macro   0x000000000002045b       0x47 ./Core/Src/adc.o
 .debug_macro   0x00000000000204a2      0x295 ./Core/Src/adc.o
 .debug_macro   0x0000000000020737      0x12d ./Core/Src/adc.o
 .debug_macro   0x0000000000020864       0xdc ./Core/Src/adc.o
 .debug_macro   0x0000000000020940      0x24e ./Core/Src/dma.o
 .debug_macro   0x0000000000020b8e      0x24e ./Core/Src/fsmc.o
 .debug_macro   0x0000000000020ddc      0x24e ./Core/Src/gpio.o
 .debug_macro   0x000000000002102a      0x24e ./Core/Src/i2c.o
 .debug_macro   0x0000000000021278      0x36d ./Core/Src/lcd.o
 .debug_macro   0x00000000000215e5       0x18 ./Core/Src/lcd.o
 .debug_macro   0x00000000000215fd       0x52 ./Core/Src/lcd.o
 .debug_macro   0x000000000002164f       0x3c ./Core/Src/lcd.o
 .debug_macro   0x000000000002168b       0x34 ./Core/Src/lcd.o
 .debug_macro   0x00000000000216bf       0x16 ./Core/Src/lcd.o
 .debug_macro   0x00000000000216d5       0x35 ./Core/Src/lcd.o
 .debug_macro   0x000000000002170a       0x16 ./Core/Src/lcd.o
 .debug_macro   0x0000000000021720       0x43 ./Core/Src/lcd.o
 .debug_macro   0x0000000000021763       0x34 ./Core/Src/lcd.o
 .debug_macro   0x0000000000021797       0x10 ./Core/Src/lcd.o
 .debug_macro   0x00000000000217a7       0x58 ./Core/Src/lcd.o
 .debug_macro   0x00000000000217ff       0x71 ./Core/Src/lcd.o
 .debug_macro   0x0000000000021870       0x1c ./Core/Src/lcd.o
 .debug_macro   0x000000000002188c      0x12a ./Core/Src/lcd.o
 .debug_macro   0x00000000000219b6      0x333 ./Core/Src/lcd.o
 .debug_macro   0x0000000000021ce9       0x16 ./Core/Src/lcd.o
 .debug_macro   0x0000000000021cff       0x29 ./Core/Src/lcd.o
 .debug_macro   0x0000000000021d28       0x16 ./Core/Src/lcd.o
 .debug_macro   0x0000000000021d3e       0x20 ./Core/Src/lcd.o
 .debug_macro   0x0000000000021d5e       0xca ./Core/Src/lcd.o
 .debug_macro   0x0000000000021e28      0x258 ./Core/Src/led_7seg.o
 .debug_macro   0x0000000000022080      0x46a ./Core/Src/light_control.o
 .debug_macro   0x00000000000224ea       0x16 ./Core/Src/light_control.o
 .debug_macro   0x0000000000022500       0x10 ./Core/Src/light_control.o
 .debug_macro   0x0000000000022510       0x10 ./Core/Src/light_control.o
 .debug_macro   0x0000000000022520       0x1c ./Core/Src/light_control.o
 .debug_macro   0x000000000002253c       0x52 ./Core/Src/light_control.o
 .debug_macro   0x000000000002258e       0x22 ./Core/Src/light_control.o
 .debug_macro   0x00000000000225b0       0x10 ./Core/Src/light_control.o
 .debug_macro   0x00000000000225c0       0x40 ./Core/Src/light_control.o
 .debug_macro   0x0000000000022600       0xd5 ./Core/Src/light_control.o
 .debug_macro   0x00000000000226d5       0x1c ./Core/Src/light_control.o
 .debug_macro   0x00000000000226f1       0x3d ./Core/Src/light_control.o
 .debug_macro   0x000000000002272e       0x16 ./Core/Src/light_control.o
 .debug_macro   0x0000000000022744      0x145 ./Core/Src/light_control.o
 .debug_macro   0x0000000000022889      0x4ea ./Core/Src/main.o
 .debug_macro   0x0000000000022d73      0x258 ./Core/Src/sensor.o
 .debug_macro   0x0000000000022fcb      0x272 ./Core/Src/software_timer.o
 .debug_macro   0x000000000002323d      0x24e ./Core/Src/spi.o
 .debug_macro   0x000000000002348b      0x244 ./Core/Src/stm32f4xx_hal_msp.o
 .debug_macro   0x00000000000236cf      0x24e ./Core/Src/stm32f4xx_it.o
 .debug_macro   0x000000000002391d      0x235 ./Core/Src/system_stm32f4xx.o
 .debug_macro   0x0000000000023b52      0x24e ./Core/Src/tim.o
 .debug_macro   0x0000000000023da0      0x46a ./Core/Src/uart.o
 .debug_macro   0x000000000002420a      0x24e ./Core/Src/usart.o
 .debug_macro   0x0000000000024458      0x295 ./Drivers/STM32F4xx_HAL_Driver/Src/stm32f4xx_hal.o
 .debug_macro   0x00000000000246ed      0x236 ./Drivers/STM32F4xx_HAL_Driver/Src/stm32f4xx_hal_adc.o
 .debug_macro   0x0000000000024923      0x235 ./Drivers/STM32F4xx_HAL_Driver/Src/stm32f4xx_hal_cortex.o
 .debug_macro   0x0000000000024b58      0x23b ./Drivers/STM32F4xx_HAL_Driver/Src/stm32f4xx_hal_dma.o
 .debug_macro   0x0000000000024d93      0x23b ./Drivers/STM32F4xx_HAL_Driver/Src/stm32f4xx_hal_gpio.o
 .debug_macro   0x0000000000024fce      0x27c ./Drivers/STM32F4xx_HAL_Driver/Src/stm32f4xx_hal_i2c.o
 .debug_macro   0x000000000002524a      0x259 ./Drivers/STM32F4xx_HAL_Driver/Src/stm32f4xx_hal_rcc.o
 .debug_macro   0x00000000000254a3      0x244 ./Drivers/STM32F4xx_HAL_Driver/Src/stm32f4xx_hal_spi.o
 .debug_macro   0x00000000000256e7      0x235 ./Drivers/STM32F4xx_HAL_Driver/Src/stm32f4xx_hal_sram.o
 .debug_macro   0x000000000002591c      0x236 ./Drivers/STM32F4xx_HAL_Driver/Src/stm32f4xx_hal_tim.o
 .debug_macro   0x0000000000025b52      0x235 ./Drivers/STM32F4xx_HAL_Driver/Src/stm32f4xx_hal_tim_ex.o
 .debug_macro   0x0000000000025d87      0x236 ./Drivers/STM32F4xx_HAL_Driver/Src/stm32f4xx_hal_uart.o
 .debug_macro   0x0000000000025fbd      0x235 ./Drivers/STM32F4xx_HAL_Driver/Src/stm32f4xx_ll_fsmc.o

.debug_line     0x0000000000000000    0x1f4af
 .debug_line    0x0000000000000000      0x8db ./Core/Src/adc.o
 .debug_line    0x00000000000008db      0x7e7 ./Core/Src/dma.o
 .debug_line    0x00000000000010c2      0x8ec ./Core/Src/fsmc.o
 .debug_line    0x00000000000019ae      0x86d ./Core/Src/gpio.o
 .debug_line    0x000000000000221b      0x855 ./Core/Src/i2c.o
 .debug_line    0x0000000000002a70     0x1156 ./Core/Src/lcd.o
 .debug_line    0x0000000000003bc6      0x8e4 ./Core/Src/led_7seg.o
 .debug_line    0x00000000000044aa      0xba2 ./Core/Src/light_control.o
 .debug_line    0x000000000000504c      0xcab ./Core/Src/main.o
 .debug_line    0x0000000000005cf7      0x8a8 ./Core/Src/sensor.o
 .debug_line    0x000000000000659f      0x8b1 ./Core/Src/software_timer.o
 .debug_line    0x0000000000006e50      0x85d ./Core/Src/spi.o
 .debug_line    0x00000000000076ad      0x7ec ./Core/Src/stm32f4xx_hal_msp.o
 .debug_line    0x0000000000007e99      0x90e ./Core/Src/stm32f4xx_it.o
 .debug_line    0x00000000000087a7      0x86d ./Core/Src/system_stm32f4xx.o
 .debug_line    0x0000000000009014      0x96c ./Core/Src/tim.o
 .debug_line    0x0000000000009980      0xc98 ./Core/Src/uart.o
 .debug_line    0x000000000000a618      0x8c5 ./Core/Src/usart.o
 .debug_line    0x000000000000aedd       0x88 ./Core/Startup/startup_stm32f407zgtx.o
 .debug_line    0x000000000000af65      0xad3 ./Drivers/STM32F4xx_HAL_Driver/Src/stm32f4xx_hal.o
 .debug_line    0x000000000000ba38     0x135d ./Drivers/STM32F4xx_HAL_Driver/Src/stm32f4xx_hal_adc.o
 .debug_line    0x000000000000cd95      0xd82 ./Drivers/STM32F4xx_HAL_Driver/Src/stm32f4xx_hal_cortex.o
 .debug_line    0x000000000000db17     0x1038 ./Drivers/STM32F4xx_HAL_Driver/Src/stm32f4xx_hal_dma.o
 .debug_line    0x000000000000eb4f      0xc49 ./Drivers/STM32F4xx_HAL_Driver/Src/stm32f4xx_hal_gpio.o
 .debug_line    0x000000000000f798     0x3a7f ./Drivers/STM32F4xx_HAL_Driver/Src/stm32f4xx_hal_i2c.o
 .debug_line    0x0000000000013217      0xe4f ./Drivers/STM32F4xx_HAL_Driver/Src/stm32f4xx_hal_rcc.o
 .debug_line    0x0000000000014066     0x1d5b ./Drivers/STM32F4xx_HAL_Driver/Src/stm32f4xx_hal_spi.o
 .debug_line    0x0000000000015dc1      0xc75 ./Drivers/STM32F4xx_HAL_Driver/Src/stm32f4xx_hal_sram.o
 .debug_line    0x0000000000016a36     0x37c7 ./Drivers/STM32F4xx_HAL_Driver/Src/stm32f4xx_hal_tim.o
 .debug_line    0x000000000001a1fd     0x1ad0 ./Drivers/STM32F4xx_HAL_Driver/Src/stm32f4xx_hal_tim_ex.o
 .debug_line    0x000000000001bccd     0x2b5a ./Drivers/STM32F4xx_HAL_Driver/Src/stm32f4xx_hal_uart.o
 .debug_line    0x000000000001e827      0xc88 ./Drivers/STM32F4xx_HAL_Driver/Src/stm32f4xx_ll_fsmc.o

.debug_str      0x0000000000000000    0xdfab4
 .debug_str     0x0000000000000000    0xd5d1e ./Core/Src/adc.o
                                      0xd6056 (size before relaxing)
 .debug_str     0x00000000000d5d1e      0x4fa ./Core/Src/dma.o
                                      0xd605b (size before relaxing)
 .debug_str     0x00000000000d6218      0x287 ./Core/Src/fsmc.o
                                      0xd612f (size before relaxing)
 .debug_str     0x00000000000d649f       0x48 ./Core/Src/gpio.o
                                      0xd5c0d (size before relaxing)
 .debug_str     0x00000000000d64e7      0x2bc ./Core/Src/i2c.o
                                      0xd610d (size before relaxing)
 .debug_str     0x00000000000d67a3     0x3714 ./Core/Src/lcd.o
                                      0xd967f (size before relaxing)
 .debug_str     0x00000000000d9eb7      0x251 ./Core/Src/led_7seg.o
                                      0xd5f6e (size before relaxing)
 .debug_str     0x00000000000da108     0x1183 ./Core/Src/light_control.o
                                      0xda74f (size before relaxing)
 .debug_str     0x00000000000db28b      0x464 ./Core/Src/main.o
                                      0xdb161 (size before relaxing)
 .debug_str     0x00000000000db6ef       0x9b ./Core/Src/sensor.o
                                      0xd5ee8 (size before relaxing)
 .debug_str     0x00000000000db78a       0xa5 ./Core/Src/software_timer.o
                                      0xd6259 (size before relaxing)
 .debug_str     0x00000000000db82f       0x4b ./Core/Src/spi.o
                                      0xd606a (size before relaxing)
 .debug_str     0x00000000000db87a       0x2c ./Core/Src/stm32f4xx_hal_msp.o
                                      0xd5b70 (size before relaxing)
 .debug_str     0x00000000000db8a6      0x109 ./Core/Src/stm32f4xx_it.o
                                      0xd6272 (size before relaxing)
 .debug_str     0x00000000000db9af       0xaf ./Core/Src/system_stm32f4xx.o
                                      0xd587d (size before relaxing)
 .debug_str     0x00000000000dba5e      0x186 ./Core/Src/tim.o
                                      0xd67b4 (size before relaxing)
 .debug_str     0x00000000000dbbe4       0xce ./Core/Src/uart.o
                                      0xda7f0 (size before relaxing)
 .debug_str     0x00000000000dbcb2       0x6b ./Core/Src/usart.o
                                      0xd657b (size before relaxing)
 .debug_str     0x00000000000dbd1d       0x36 ./Core/Startup/startup_stm32f407zgtx.o
                                         0x5d (size before relaxing)
 .debug_str     0x00000000000dbd53      0x583 ./Drivers/STM32F4xx_HAL_Driver/Src/stm32f4xx_hal.o
                                      0xd635f (size before relaxing)
 .debug_str     0x00000000000dc2d6      0x29a ./Drivers/STM32F4xx_HAL_Driver/Src/stm32f4xx_hal_adc.o
                                      0xd5e29 (size before relaxing)
 .debug_str     0x00000000000dc570      0x392 ./Drivers/STM32F4xx_HAL_Driver/Src/stm32f4xx_hal_cortex.o
                                      0xd614e (size before relaxing)
 .debug_str     0x00000000000dc902      0x315 ./Drivers/STM32F4xx_HAL_Driver/Src/stm32f4xx_hal_dma.o
                                      0xd5ca7 (size before relaxing)
 .debug_str     0x00000000000dcc17      0x15a ./Drivers/STM32F4xx_HAL_Driver/Src/stm32f4xx_hal_gpio.o
                                      0xd5a24 (size before relaxing)
 .debug_str     0x00000000000dcd71      0xab3 ./Drivers/STM32F4xx_HAL_Driver/Src/stm32f4xx_hal_i2c.o
                                      0xd67ff (size before relaxing)
 .debug_str     0x00000000000dd824      0x24e ./Drivers/STM32F4xx_HAL_Driver/Src/stm32f4xx_hal_rcc.o
                                      0xd5c7f (size before relaxing)
 .debug_str     0x00000000000dda72      0x564 ./Drivers/STM32F4xx_HAL_Driver/Src/stm32f4xx_hal_spi.o
                                      0xd6121 (size before relaxing)
 .debug_str     0x00000000000ddfd6      0x1b4 ./Drivers/STM32F4xx_HAL_Driver/Src/stm32f4xx_hal_sram.o
                                      0xd5d97 (size before relaxing)
 .debug_str     0x00000000000de18a      0xd5a ./Drivers/STM32F4xx_HAL_Driver/Src/stm32f4xx_hal_tim.o
                                      0xd6bac (size before relaxing)
 .debug_str     0x00000000000deee4      0x4ee ./Drivers/STM32F4xx_HAL_Driver/Src/stm32f4xx_hal_tim_ex.o
                                      0xd635d (size before relaxing)
 .debug_str     0x00000000000df3d2      0x5dd ./Drivers/STM32F4xx_HAL_Driver/Src/stm32f4xx_hal_uart.o
                                      0xd6205 (size before relaxing)
 .debug_str     0x00000000000df9af      0x105 ./Drivers/STM32F4xx_HAL_Driver/Src/stm32f4xx_ll_fsmc.o
                                      0xd5c5e (size before relaxing)

.comment        0x0000000000000000       0x53
 .comment       0x0000000000000000       0x53 ./Core/Src/adc.o
                                         0x54 (size before relaxing)
 .comment       0x0000000000000053       0x54 ./Core/Src/dma.o
 .comment       0x0000000000000053       0x54 ./Core/Src/fsmc.o
 .comment       0x0000000000000053       0x54 ./Core/Src/gpio.o
 .comment       0x0000000000000053       0x54 ./Core/Src/i2c.o
 .comment       0x0000000000000053       0x54 ./Core/Src/lcd.o
 .comment       0x0000000000000053       0x54 ./Core/Src/led_7seg.o
 .comment       0x0000000000000053       0x54 ./Core/Src/light_control.o
 .comment       0x0000000000000053       0x54 ./Core/Src/main.o
 .comment       0x0000000000000053       0x54 ./Core/Src/sensor.o
 .comment       0x0000000000000053       0x54 ./Core/Src/software_timer.o
 .comment       0x0000000000000053       0x54 ./Core/Src/spi.o
 .comment       0x0000000000000053       0x54 ./Core/Src/stm32f4xx_hal_msp.o
 .comment       0x0000000000000053       0x54 ./Core/Src/stm32f4xx_it.o
 .comment       0x0000000000000053       0x54 ./Core/Src/system_stm32f4xx.o
 .comment       0x0000000000000053       0x54 ./Core/Src/tim.o
 .comment       0x0000000000000053       0x54 ./Core/Src/uart.o
 .comment       0x0000000000000053       0x54 ./Core/Src/usart.o
 .comment       0x0000000000000053       0x54 ./Drivers/STM32F4xx_HAL_Driver/Src/stm32f4xx_hal.o
 .comment       0x0000000000000053       0x54 ./Drivers/STM32F4xx_HAL_Driver/Src/stm32f4xx_hal_adc.o
 .comment       0x0000000000000053       0x54 ./Drivers/STM32F4xx_HAL_Driver/Src/stm32f4xx_hal_cortex.o
 .comment       0x0000000000000053       0x54 ./Drivers/STM32F4xx_HAL_Driver/Src/stm32f4xx_hal_dma.o
 .comment       0x0000000000000053       0x54 ./Drivers/STM32F4xx_HAL_Driver/Src/stm32f4xx_hal_gpio.o
 .comment       0x0000000000000053       0x54 ./Drivers/STM32F4xx_HAL_Driver/Src/stm32f4xx_hal_i2c.o
 .comment       0x0000000000000053       0x54 ./Drivers/STM32F4xx_HAL_Driver/Src/stm32f4xx_hal_rcc.o
 .comment       0x0000000000000053       0x54 ./Drivers/STM32F4xx_HAL_Driver/Src/stm32f4xx_hal_spi.o
 .comment       0x0000000000000053       0x54 ./Drivers/STM32F4xx_HAL_Driver/Src/stm32f4xx_hal_sram.o
 .comment       0x0000000000000053       0x54 ./Drivers/STM32F4xx_HAL_Driver/Src/stm32f4xx_hal_tim.o
 .comment       0x0000000000000053       0x54 ./Drivers/STM32F4xx_HAL_Driver/Src/stm32f4xx_hal_tim_ex.o
 .comment       0x0000000000000053       0x54 ./Drivers/STM32F4xx_HAL_Driver/Src/stm32f4xx_hal_uart.o
 .comment       0x0000000000000053       0x54 ./Drivers/STM32F4xx_HAL_Driver/Src/stm32f4xx_ll_fsmc.o

.debug_frame    0x0000000000000000     0x5be8
 .debug_frame   0x0000000000000000       0x7c ./Core/Src/adc.o
 .debug_frame   0x000000000000007c       0x34 ./Core/Src/dma.o
 .debug_frame   0x00000000000000b0       0xbc ./Core/Src/fsmc.o
 .debug_frame   0x000000000000016c       0x38 ./Core/Src/gpio.o
 .debug_frame   0x00000000000001a4       0x74 ./Core/Src/i2c.o
 .debug_frame   0x0000000000000218      0x394 ./Core/Src/lcd.o
 .debug_frame   0x00000000000005ac       0xe8 ./Core/Src/led_7seg.o
 .debug_frame   0x0000000000000694       0x50 ./Core/Src/light_control.o
 .debug_frame   0x00000000000006e4       0xac ./Core/Src/main.o
 .debug_frame   0x0000000000000790       0xe0 ./Core/Src/sensor.o
 .debug_frame   0x0000000000000870       0xbc ./Core/Src/software_timer.o
 .debug_frame   0x000000000000092c       0x74 ./Core/Src/spi.o
 .debug_frame   0x00000000000009a0       0x38 ./Core/Src/stm32f4xx_hal_msp.o
 .debug_frame   0x00000000000009d8      0x174 ./Core/Src/stm32f4xx_it.o
 .debug_frame   0x0000000000000b4c       0x58 ./Core/Src/system_stm32f4xx.o
 .debug_frame   0x0000000000000ba4       0xe8 ./Core/Src/tim.o
 .debug_frame   0x0000000000000c8c      0x140 ./Core/Src/uart.o
 .debug_frame   0x0000000000000dcc       0x90 ./Core/Src/usart.o
 .debug_frame   0x0000000000000e5c      0x374 ./Drivers/STM32F4xx_HAL_Driver/Src/stm32f4xx_hal.o
 .debug_frame   0x00000000000011d0      0x3fc ./Drivers/STM32F4xx_HAL_Driver/Src/stm32f4xx_hal_adc.o
 .debug_frame   0x00000000000015cc      0x498 ./Drivers/STM32F4xx_HAL_Driver/Src/stm32f4xx_hal_cortex.o
 .debug_frame   0x0000000000001a64      0x250 ./Drivers/STM32F4xx_HAL_Driver/Src/stm32f4xx_hal_dma.o
 .debug_frame   0x0000000000001cb4      0x14c ./Drivers/STM32F4xx_HAL_Driver/Src/stm32f4xx_hal_gpio.o
 .debug_frame   0x0000000000001e00      0xc5c ./Drivers/STM32F4xx_HAL_Driver/Src/stm32f4xx_hal_i2c.o
 .debug_frame   0x0000000000002a5c      0x1f0 ./Drivers/STM32F4xx_HAL_Driver/Src/stm32f4xx_hal_rcc.o
 .debug_frame   0x0000000000002c4c      0x824 ./Drivers/STM32F4xx_HAL_Driver/Src/stm32f4xx_hal_spi.o
 .debug_frame   0x0000000000003470      0x2a0 ./Drivers/STM32F4xx_HAL_Driver/Src/stm32f4xx_hal_sram.o
 .debug_frame   0x0000000000003710     0x11c4 ./Drivers/STM32F4xx_HAL_Driver/Src/stm32f4xx_hal_tim.o
 .debug_frame   0x00000000000048d4      0x638 ./Drivers/STM32F4xx_HAL_Driver/Src/stm32f4xx_hal_tim_ex.o
 .debug_frame   0x0000000000004f0c      0x92c ./Drivers/STM32F4xx_HAL_Driver/Src/stm32f4xx_hal_uart.o
 .debug_frame   0x0000000000005838      0x2dc ./Drivers/STM32F4xx_HAL_Driver/Src/stm32f4xx_ll_fsmc.o
 .debug_frame   0x0000000000005b14       0x2c d:/stm32cubeide_1.7/stm32cubeide_1.7.0/stm32cubeide/plugins/com.st.stm32cube.ide.mcu.externaltools.gnu-tools-for-stm32.9-2020-q2-update.win32_2.0.0.202105311346/tools/bin/../lib/gcc/arm-none-eabi/9.3.1/../../../../arm-none-eabi/lib/thumb/v7e-m+fp/hard\libc_nano.a(lib_a-init.o)
 .debug_frame   0x0000000000005b40       0x28 d:/stm32cubeide_1.7/stm32cubeide_1.7.0/stm32cubeide/plugins/com.st.stm32cube.ide.mcu.externaltools.gnu-tools-for-stm32.9-2020-q2-update.win32_2.0.0.202105311346/tools/bin/../lib/gcc/arm-none-eabi/9.3.1/../../../../arm-none-eabi/lib/thumb/v7e-m+fp/hard\libc_nano.a(lib_a-memcpy-stub.o)
 .debug_frame   0x0000000000005b68       0x20 d:/stm32cubeide_1.7/stm32cubeide_1.7.0/stm32cubeide/plugins/com.st.stm32cube.ide.mcu.externaltools.gnu-tools-for-stm32.9-2020-q2-update.win32_2.0.0.202105311346/tools/bin/../lib/gcc/arm-none-eabi/9.3.1/../../../../arm-none-eabi/lib/thumb/v7e-m+fp/hard\libc_nano.a(lib_a-memset.o)
 .debug_frame   0x0000000000005b88       0x2c d:/stm32cubeide_1.7/stm32cubeide_1.7.0/stm32cubeide/plugins/com.st.stm32cube.ide.mcu.externaltools.gnu-tools-for-stm32.9-2020-q2-update.win32_2.0.0.202105311346/tools/bin/../lib/gcc/arm-none-eabi/9.3.1/thumb/v7e-m+fp/hard\libgcc.a(_aeabi_uldivmod.o)
 .debug_frame   0x0000000000005bb4       0x34 d:/stm32cubeide_1.7/stm32cubeide_1.7.0/stm32cubeide/plugins/com.st.stm32cube.ide.mcu.externaltools.gnu-tools-for-stm32.9-2020-q2-update.win32_2.0.0.202105311346/tools/bin/../lib/gcc/arm-none-eabi/9.3.1/thumb/v7e-m+fp/hard\libgcc.a(_udivmoddi4.o)