main.c:89:5:main	8	static
main.c:191:6:SystemClock_Config	88	static
main.c:236:13:MX_ADC1_Init	24	static
main.c:318:13:MX_SPI1_Init	8	static
main.c:356:13:MX_TIM2_Init	32	static
main.c:401:13:MX_TIM13_Init	40	static
main.c:447:13:MX_USART1_UART_Init	8	static
main.c:480:13:MX_USART2_UART_Init	8	static
main.c:511:13:MX_DMA_Init	16	static
main.c:529:13:MX_GPIO_Init	64	static
main.c:612:13:MX_FSMC_Init	64	static
main.c:673:6:HAL_TIM_PeriodElapsedCallback	16	static
main.c:684:6:Error_Handler	4	static,ignoring_inline_asm
