main.c:137:5:main	32	static
main.c:217:6:SystemClock_Config	88	static
main.c:258:6:system_init	8	static
main.c:267:6:test_LedDebug	8	static
main.c:274:9:isButtonClear	8	static
main.c:280:6:touchProcess	24	static
main.c:307:9:isStartPress	8	static
main.c:313:9:isUpButtonPress	8	static
main.c:318:9:isDownButtonPress	8	static
main.c:325:9:isLeftButtonPress	8	static
main.c:332:9:isRightButtonPress	8	static
main.c:339:8:distance	24	static
main.c:343:6:randomPrey	8	static
main.c:349:6:displayFixedItems	24	static
main.c:375:6:Init	8	static
main.c:397:6:display	32	static
main.c:407:6:control	8	static
main.c:430:9:handle	32	static
main.c:506:6:playGame	8	static
main.c:542:6:Error_Handler	4	static,ignoring_inline_asm
