software_timer.c:19:6:timer_init	8	static
software_timer.c:29:6:set_timer_read_adc	16	static
software_timer.c:34:6:timer_read_adc_callback	8	static
software_timer.c:61:6:set_timer_warning_humidity	16	static
software_timer.c:69:6:timer_warning_humidity_callback	16	static
software_timer.c:98:6:set_timer_display_lcd	16	static
software_timer.c:104:6:timer_display_lcd_callback	24	static
software_timer.c:121:6:set_timer_one_second	16	static
software_timer.c:126:6:timer_one_second_callback	16	static
software_timer.c:150:6:set_timer_scan_led_7seg	16	static
software_timer.c:155:6:timer_scan_led_7seg_callback	8	static
software_timer.c:166:6:set_timer_send_temp_sensor	16	static
software_timer.c:171:6:timer_send_temp_sensor_callback	40	static
software_timer.c:181:6:timer_run	4	static
