stm32f4xx_hal_msp.c:67:6:HAL_MspInit	16	static
stm32f4xx_hal_msp.c:89:6:HAL_ADC_MspInit	48	static
stm32f4xx_hal_msp.c:151:6:HAL_ADC_MspDeInit	16	static
stm32f4xx_hal_msp.c:187:6:HAL_SPI_MspInit	48	static
stm32f4xx_hal_msp.c:224:6:HAL_SPI_MspDeInit	16	static
stm32f4xx_hal_msp.c:254:6:HAL_TIM_Base_MspInit	24	static
stm32f4xx_hal_msp.c:284:6:HAL_TIM_MspPostInit	40	static
stm32f4xx_hal_msp.c:316:6:HAL_TIM_Base_MspDeInit	16	static
stm32f4xx_hal_msp.c:352:6:HAL_UART_MspInit	56	static
stm32f4xx_hal_msp.c:412:6:HAL_UART_MspDeInit	16	static
stm32f4xx_hal_msp.c:455:13:HAL_FSMC_MspInit	32	static
stm32f4xx_hal_msp.c:513:6:HAL_SRAM_MspInit	16	static
stm32f4xx_hal_msp.c:525:13:HAL_FSMC_MspDeInit	8	static
stm32f4xx_hal_msp.c:571:6:HAL_SRAM_MspDeInit	16	static
